192.185.35.30 - - [21/Feb/2021:15:05:54 -0600] "POST /wp-cron.php?doing_wp_cron=1613941554.2449219226837158203125 HTTP/1.1" 200 - "https://www.mylavarapu.net/wp-cron.php?doing_wp_cron=1613941554.2449219226837158203125" "WordPress/5.6.1; https://www.mylavarapu.net" www.mylavarapu.net 192.185.35.30
99.243.130.8 - - [21/Feb/2021:15:06:52 -0600] "POST /wp-admin/admin-ajax.php HTTP/2.0" 200 47 "https://www.mylavarapu.net/wp-admin/plugin-install.php?s=site%20to%20FTP&tab=search&type=term" "Mozilla/5.0 (Windows NT 10.0; Win64; x64; rv:85.0) Gecko/20100101 Firefox/85.0" www.mylavarapu.net 192.185.35.30
192.185.35.30 - - [21/Feb/2021:15:06:54 -0600] "POST /wp-cron.php?doing_wp_cron=1613941614.2697110176086425781250 HTTP/1.1" 200 - "https://www.mylavarapu.net/wp-cron.php?doing_wp_cron=1613941614.2697110176086425781250" "WordPress/5.6.1; https://www.mylavarapu.net" www.mylavarapu.net 192.185.35.30
99.243.130.8 - - [21/Feb/2021:15:07:52 -0600] "POST /wp-admin/admin-ajax.php HTTP/2.0" 200 47 "https://www.mylavarapu.net/wp-admin/plugin-install.php?s=site%20to%20FTP&tab=search&type=term" "Mozilla/5.0 (Windows NT 10.0; Win64; x64; rv:85.0) Gecko/20100101 Firefox/85.0" www.mylavarapu.net 192.185.35.30
192.185.35.30 - - [21/Feb/2021:15:07:54 -0600] "POST /wp-cron.php?doing_wp_cron=1613941674.2829849720001220703125 HTTP/1.1" 200 - "https://www.mylavarapu.net/wp-cron.php?doing_wp_cron=1613941674.2829849720001220703125" "WordPress/5.6.1; https://www.mylavarapu.net" www.mylavarapu.net 192.185.35.30
13.66.139.36 - - [21/Feb/2021:15:09:46 -0600] "GET / HTTP/1.1" 200 19586 "-" "Mozilla/5.0 (compatible; bingbot/2.0; +http://www.bing.com/bingbot.htm)" www.mylavarapu.net 192.185.35.30
99.243.130.8 - - [21/Feb/2021:15:09:52 -0600] "POST /wp-admin/admin-ajax.php HTTP/2.0" 200 47 "https://www.mylavarapu.net/wp-admin/plugin-install.php?s=site%20to%20FTP&tab=search&type=term" "Mozilla/5.0 (Windows NT 10.0; Win64; x64; rv:85.0) Gecko/20100101 Firefox/85.0" www.mylavarapu.net 192.185.35.30
192.185.35.30 - - [21/Feb/2021:15:09:54 -0600] "POST /wp-cron.php?doing_wp_cron=1613941794.4061510562896728515625 HTTP/1.1" 200 - "https://www.mylavarapu.net/wp-cron.php?doing_wp_cron=1613941794.4061510562896728515625" "WordPress/5.6.1; https://www.mylavarapu.net" www.mylavarapu.net 192.185.35.30
99.243.130.8 - - [21/Feb/2021:15:11:52 -0600] "POST /wp-admin/admin-ajax.php HTTP/2.0" 200 47 "https://www.mylavarapu.net/wp-admin/plugin-install.php?s=site%20to%20FTP&tab=search&type=term" "Mozilla/5.0 (Windows NT 10.0; Win64; x64; rv:85.0) Gecko/20100101 Firefox/85.0" www.mylavarapu.net 192.185.35.30
192.185.35.30 - - [21/Feb/2021:15:11:54 -0600] "POST /wp-cron.php?doing_wp_cron=1613941914.7980430126190185546875 HTTP/1.1" 200 - "https://www.mylavarapu.net/wp-cron.php?doing_wp_cron=1613941914.7980430126190185546875" "WordPress/5.6.1; https://www.mylavarapu.net" www.mylavarapu.net 192.185.35.30
99.243.130.8 - - [21/Feb/2021:15:13:52 -0600] "POST /wp-admin/admin-ajax.php HTTP/2.0" 200 47 "https://www.mylavarapu.net/wp-admin/plugin-install.php?s=site%20to%20FTP&tab=search&type=term" "Mozilla/5.0 (Windows NT 10.0; Win64; x64; rv:85.0) Gecko/20100101 Firefox/85.0" www.mylavarapu.net 192.185.35.30
192.185.35.30 - - [21/Feb/2021:15:13:54 -0600] "POST /wp-cron.php?doing_wp_cron=1613942034.3505489826202392578125 HTTP/1.1" 200 - "https://www.mylavarapu.net/wp-cron.php?doing_wp_cron=1613942034.3505489826202392578125" "WordPress/5.6.1; https://www.mylavarapu.net" www.mylavarapu.net 192.185.35.30
99.243.130.8 - - [21/Feb/2021:15:15:52 -0600] "POST /wp-admin/admin-ajax.php HTTP/2.0" 200 47 "https://www.mylavarapu.net/wp-admin/plugin-install.php?s=site%20to%20FTP&tab=search&type=term" "Mozilla/5.0 (Windows NT 10.0; Win64; x64; rv:85.0) Gecko/20100101 Firefox/85.0" www.mylavarapu.net 192.185.35.30
192.185.35.30 - - [21/Feb/2021:15:15:54 -0600] "POST /wp-cron.php?doing_wp_cron=1613942154.5387659072875976562500 HTTP/1.1" 200 - "https://www.mylavarapu.net/wp-cron.php?doing_wp_cron=1613942154.5387659072875976562500" "WordPress/5.6.1; https://www.mylavarapu.net" www.mylavarapu.net 192.185.35.30
34.217.111.136 - - [21/Feb/2021:15:27:47 -0600] "GET /?plugin=all-in-one-event-calendar&controller=ai1ec_exporter_controller&action=export_events HTTP/1.1" 200 402 "-" "Mozilla/5.0 (Windows; U; Windows NT 6.0; en-US; rv:1.9.1.2) Gecko/20090729 Firefox/3.5.2 (.NET CLR 3.5.30729)" www.mylavarapu.net 192.185.35.30
192.185.35.30 - - [21/Feb/2021:15:27:50 -0600] "POST /wp-cron.php?doing_wp_cron=1613942870.2213549613952636718750 HTTP/1.1" 200 - "https://www.mylavarapu.net/wp-cron.php?doing_wp_cron=1613942870.2213549613952636718750" "WordPress/5.6.1; https://www.mylavarapu.net" www.mylavarapu.net 192.185.35.30
34.217.111.136 - - [21/Feb/2021:15:28:30 -0600] "GET /?plugin=all-in-one-event-calendar&controller=ai1ec_exporter_controller&action=export_events HTTP/1.1" 200 402 "-" "Mozilla/5.0 (Windows; U; Windows NT 6.0; en-US; rv:1.9.1.2) Gecko/20090729 Firefox/3.5.2 (.NET CLR 3.5.30729)" www.mylavarapu.net 192.185.35.30
192.185.35.30 - - [21/Feb/2021:15:28:32 -0600] "POST /wp-cron.php?doing_wp_cron=1613942912.4028959274291992187500 HTTP/1.1" 200 - "https://www.mylavarapu.net/wp-cron.php?doing_wp_cron=1613942912.4028959274291992187500" "WordPress/5.6.1; https://www.mylavarapu.net" www.mylavarapu.net 192.185.35.30
192.185.35.30 - - [21/Feb/2021:15:35:07 -0600] "POST /wp-cron.php?doing_wp_cron=1613943307.7206308841705322265625 HTTP/1.1" 200 - "https://www.mylavarapu.net/wp-cron.php?doing_wp_cron=1613943307.7206308841705322265625" "WordPress/5.6.1; https://www.mylavarapu.net" www.mylavarapu.net 192.185.35.30
54.179.145.94 - - [21/Feb/2021:15:35:06 -0600] "GET /.git/HEAD HTTP/2.0" 404 27395 "-" "curl/7.61.1" mail.mylavarapu.net 192.185.35.30
192.185.35.30 - - [21/Feb/2021:15:52:58 -0600] "POST /wp-cron.php?doing_wp_cron=1613944378.8588469028472900390625 HTTP/1.1" 200 - "https://www.mylavarapu.net/wp-cron.php?doing_wp_cron=1613944378.8588469028472900390625" "WordPress/5.6.1; https://www.mylavarapu.net" www.mylavarapu.net 192.185.35.30
62.210.157.250 - - [21/Feb/2021:15:52:55 -0600] "GET /lalita-sahasranamam-by-mylavarapu-srinivasa-rao/ HTTP/2.0" 200 23059 "-" "Mozilla/5.0 (Windows NT 10.0; Win64; x64) AppleWebKit/537.36 (KHTML, like Gecko) Chrome/86.0.4240.193 Safari/537.36" www.mylavarapu.net 192.185.35.30
13.66.139.145 - - [21/Feb/2021:16:10:57 -0600] "GET /wp-content/uploads/2013/12/MSR_Books-e1392757750333.jpg HTTP/1.1" 200 1129544 "-" "Mozilla/5.0 (compatible; bingbot/2.0; +http://www.bing.com/bingbot.htm)" www.mylavarapu.net 192.185.35.30
192.185.35.30 - - [21/Feb/2021:16:17:54 -0600] "POST /wp-cron.php?doing_wp_cron=1613945874.8839359283447265625000 HTTP/1.1" 200 - "https://www.mylavarapu.net/wp-cron.php?doing_wp_cron=1613945874.8839359283447265625000" "WordPress/5.6.1; https://www.mylavarapu.net" www.mylavarapu.net 192.185.35.30
66.249.65.120 - - [21/Feb/2021:16:17:53 -0600] "GET /robots.txt HTTP/1.1" 301 - "-" "Mozilla/5.0 (compatible; Googlebot/2.1; +http://www.google.com/bot.html)" mylavarapu.net 192.185.35.30
66.249.65.195 - - [21/Feb/2021:16:18:00 -0600] "GET /robots.txt HTTP/1.1" 200 186 "-" "Mozilla/5.0 (compatible; Googlebot/2.1; +http://www.google.com/bot.html)" www.mylavarapu.net 192.185.35.30
66.249.65.120 - - [21/Feb/2021:16:17:59 -0600] "GET /ads.txt HTTP/1.1" 301 - "-" "Mozilla/5.0 (compatible; Googlebot/2.1; +http://www.google.com/bot.html)" mylavarapu.net 192.185.35.30
193.142.146.202 - - [21/Feb/2021:16:58:24 -0600] "GET /wp-login.php HTTP/1.1" 406 226 "-" "Mozilla/5.0 (compatible; MSIE 9.0; Windows NT 6.1; Trident/5.0)" www.mylavarapu.net 192.185.35.30
193.142.146.202 - - [21/Feb/2021:16:58:25 -0600] "GET /lalita-sahasranamam-by-mylavarapu-srinivasa-rao/wp-login.php HTTP/1.1" 406 226 "-" "Mozilla/5.0 (compatible; MSIE 9.0; Windows NT 6.1; Trident/5.0)" www.mylavarapu.net 192.185.35.30
192.185.35.30 - - [21/Feb/2021:16:18:01 -0600] "POST /wp-cron.php?doing_wp_cron=1613945881.1571700572967529296875 HTTP/1.1" 200 - "https://www.mylavarapu.net/wp-cron.php?doing_wp_cron=1613945881.1571700572967529296875" "WordPress/5.6.1; https://www.mylavarapu.net" www.mylavarapu.net 192.185.35.30
192.185.35.30 - - [21/Feb/2021:16:18:03 -0600] "POST /wp-cron.php?doing_wp_cron=1613945883.6073288917541503906250 HTTP/1.1" 200 - "https://www.mylavarapu.net/wp-cron.php?doing_wp_cron=1613945883.6073288917541503906250" "WordPress/5.6.1; https://www.mylavarapu.net" www.mylavarapu.net 192.185.35.30
66.249.65.193 - - [21/Feb/2021:16:18:02 -0600] "GET /ads.txt HTTP/1.1" 404 8040 "-" "Mozilla/5.0 (compatible; Googlebot/2.1; +http://www.google.com/bot.html)" www.mylavarapu.net 192.185.35.30
192.185.35.30 - - [21/Feb/2021:16:24:11 -0600] "POST /wp-cron.php?doing_wp_cron=1613946251.6121909618377685546875 HTTP/1.1" 200 - "https://www.mylavarapu.net/wp-cron.php?doing_wp_cron=1613946251.6121909618377685546875" "WordPress/5.6.1; https://www.mylavarapu.net" www.mylavarapu.net 192.185.35.30
3.25.253.81 - - [21/Feb/2021:16:24:10 -0600] "GET /.git/HEAD HTTP/2.0" 404 27395 "-" "curl/7.61.1" mail.mylavarapu.net 192.185.35.30
192.185.35.30 - - [21/Feb/2021:17:18:58 -0600] "POST /wp-cron.php?doing_wp_cron=1613949538.1478168964385986328125 HTTP/1.1" 200 - "https://www.mylavarapu.net/wp-cron.php?doing_wp_cron=1613949538.1478168964385986328125" "WordPress/5.6.1; https://www.mylavarapu.net" www.mylavarapu.net 192.185.35.30
66.249.65.195 - - [21/Feb/2021:17:18:49 -0600] "GET / HTTP/1.1" 200 19502 "-" "Mozilla/5.0 (compatible; Googlebot/2.1; +http://www.google.com/bot.html)" www.mylavarapu.net 192.185.35.30
66.249.65.193 - - [21/Feb/2021:17:19:07 -0600] "GET /wp-content/plugins/wp-video-lightbox/js/video-lightbox.js?ver=3.1.6 HTTP/1.1" 200 1537 "https://www.mylavarapu.net/" "Mozilla/5.0 AppleWebKit/537.36 (KHTML, like Gecko; compatible; Googlebot/2.1; +http://www.google.com/bot.html) Chrome/88.0.4324.175 Safari/537.36" www.mylavarapu.net 192.185.35.30
192.185.35.30 - - [21/Feb/2021:17:25:55 -0600] "POST /wp-cron.php?doing_wp_cron=1613949955.0789790153503417968750 HTTP/1.1" 200 - "https://www.mylavarapu.net/wp-cron.php?doing_wp_cron=1613949955.0789790153503417968750" "WordPress/5.6.1; https://www.mylavarapu.net" www.mylavarapu.net 192.185.35.30
99.243.130.8 - - [21/Feb/2021:17:25:52 -0600] "POST /wp-admin/admin-ajax.php HTTP/2.0" 200 47 "https://www.mylavarapu.net/wp-admin/plugin-install.php?s=site%20to%20FTP&tab=search&type=term" "Mozilla/5.0 (Windows NT 10.0; Win64; x64; rv:85.0) Gecko/20100101 Firefox/85.0" www.mylavarapu.net 192.185.35.30
192.185.35.30 - - [21/Feb/2021:17:26:27 -0600] "POST /wp-cron.php?doing_wp_cron=1613949987.5815639495849609375000 HTTP/1.1" 200 - "https://www.mylavarapu.net/wp-cron.php?doing_wp_cron=1613949987.5815639495849609375000" "WordPress/5.6.1; https://www.mylavarapu.net" www.mylavarapu.net 192.185.35.30
99.243.130.8 - - [21/Feb/2021:17:26:26 -0600] "GET /wp-admin/plugin-install.php?tab=plugin-information&plugin=duplicator& HTTP/2.0" 200 20061 "https://www.mylavarapu.net/wp-admin/plugin-install.php?s=site%20to%20FTP&tab=search&type=term" "Mozilla/5.0 (Windows NT 10.0; Win64; x64; rv:85.0) Gecko/20100101 Firefox/85.0" www.mylavarapu.net 192.185.35.30
99.243.130.8 - - [21/Feb/2021:17:26:30 -0600] "GET /wp-includes/js/dist/vendor/lodash.min.js?ver=4.17.19 HTTP/2.0" 304 - "https://www.mylavarapu.net/wp-admin/plugin-install.php?tab=plugin-information&plugin=duplicator&" "Mozilla/5.0 (Windows NT 10.0; Win64; x64; rv:85.0) Gecko/20100101 Firefox/85.0" www.mylavarapu.net 192.185.35.30
99.243.130.8 - - [21/Feb/2021:17:26:30 -0600] "GET /wp-content/plugins/ecwid-shopping-cart/js/cache-control.js?ver=6.10.9 HTTP/2.0" 200 - "https://www.mylavarapu.net/wp-admin/plugin-install.php?tab=plugin-information&plugin=duplicator&" "Mozilla/5.0 (Windows NT 10.0; Win64; x64; rv:85.0) Gecko/20100101 Firefox/85.0" www.mylavarapu.net 192.185.35.30
99.243.130.8 - - [21/Feb/2021:17:26:31 -0600] "GET /wp-content/themes/wp-opulus/js/charCount.js?ver=1.0 HTTP/2.0" 304 - "https://www.mylavarapu.net/wp-admin/plugin-install.php?tab=plugin-information&plugin=duplicator&" "Mozilla/5.0 (Windows NT 10.0; Win64; x64; rv:85.0) Gecko/20100101 Firefox/85.0" www.mylavarapu.net 192.185.35.30
99.243.130.8 - - [21/Feb/2021:17:26:31 -0600] "GET /wp-content/themes/wp-opulus/js/admin.js?ver=1.0 HTTP/2.0" 304 - "https://www.mylavarapu.net/wp-admin/plugin-install.php?tab=plugin-information&plugin=duplicator&" "Mozilla/5.0 (Windows NT 10.0; Win64; x64; rv:85.0) Gecko/20100101 Firefox/85.0" www.mylavarapu.net 192.185.35.30
99.243.130.8 - - [21/Feb/2021:17:26:31 -0600] "GET /wp-includes/js/thickbox/thickbox.js?ver=3.1-20121105 HTTP/2.0" 304 - "https://www.mylavarapu.net/wp-admin/plugin-install.php?tab=plugin-information&plugin=duplicator&" "Mozilla/5.0 (Windows NT 10.0; Win64; x64; rv:85.0) Gecko/20100101 Firefox/85.0" www.mylavarapu.net 192.185.35.30
99.243.130.8 - - [21/Feb/2021:17:26:31 -0600] "GET /wp-includes/js/wp-sanitize.min.js?ver=5.6.1 HTTP/2.0" 200 - "https://www.mylavarapu.net/wp-admin/plugin-install.php?tab=plugin-information&plugin=duplicator&" "Mozilla/5.0 (Windows NT 10.0; Win64; x64; rv:85.0) Gecko/20100101 Firefox/85.0" www.mylavarapu.net 192.185.35.30
99.243.130.8 - - [21/Feb/2021:17:26:31 -0600] "GET /wp-includes/js/hoverintent-js.min.js?ver=2.2.1 HTTP/2.0" 304 - "https://www.mylavarapu.net/wp-admin/plugin-install.php?tab=plugin-information&plugin=duplicator&" "Mozilla/5.0 (Windows NT 10.0; Win64; x64; rv:85.0) Gecko/20100101 Firefox/85.0" www.mylavarapu.net 192.185.35.30
99.243.130.8 - - [21/Feb/2021:17:26:31 -0600] "GET /wp-content/plugins/exclude-pages-from-menu/admin/js/exclude-pages-from-menu-admin.js?ver=1.0 HTTP/2.0" 304 - "https://www.mylavarapu.net/wp-admin/plugin-install.php?tab=plugin-information&plugin=duplicator&" "Mozilla/5.0 (Windows NT 10.0; Win64; x64; rv:85.0) Gecko/20100101 Firefox/85.0" www.mylavarapu.net 192.185.35.30
99.243.130.8 - - [21/Feb/2021:17:26:31 -0600] "GET /wp-content/plugins/jetpack/_inc/build/jetpack-jitm.min.js?ver=1.7.3 HTTP/2.0" 200 - "https://www.mylavarapu.net/wp-admin/plugin-install.php?tab=plugin-information&plugin=duplicator&" "Mozilla/5.0 (Windows NT 10.0; Win64; x64; rv:85.0) Gecko/20100101 Firefox/85.0" www.mylavarapu.net 192.185.35.30
99.243.130.8 - - [21/Feb/2021:17:26:31 -0600] "GET /wp-admin/js/media-upload.min.js?ver=5.6.1 HTTP/2.0" 304 - "https://www.mylavarapu.net/wp-admin/plugin-install.php?tab=plugin-information&plugin=duplicator&" "Mozilla/5.0 (Windows NT 10.0; Win64; x64; rv:85.0) Gecko/20100101 Firefox/85.0" www.mylavarapu.net 192.185.35.30
99.243.130.8 - - [21/Feb/2021:17:26:31 -0600] "GET /?ai1ec_render_js=common_backend&is_backend=true&ver=2.6.8 HTTP/2.0" 200 47087 "https://www.mylavarapu.net/wp-admin/plugin-install.php?tab=plugin-information&plugin=duplicator&" "Mozilla/5.0 (Windows NT 10.0; Win64; x64; rv:85.0) Gecko/20100101 Firefox/85.0" www.mylavarapu.net 192.185.35.30
192.185.35.30 - - [21/Feb/2021:17:26:32 -0600] "POST /wp-cron.php?doing_wp_cron=1613949992.7858769893646240234375 HTTP/1.1" 200 - "https://www.mylavarapu.net/wp-cron.php?doing_wp_cron=1613949992.7858769893646240234375" "WordPress/5.6.1; https://www.mylavarapu.net" www.mylavarapu.net 192.185.35.30
99.243.130.8 - - [21/Feb/2021:17:26:34 -0600] "GET /wp-json/jetpack/v4/scan HTTP/2.0" 200 148 "https://www.mylavarapu.net/wp-admin/plugin-install.php?tab=plugin-information&plugin=duplicator" "Mozilla/5.0 (Windows NT 10.0; Win64; x64; rv:85.0) Gecko/20100101 Firefox/85.0" www.mylavarapu.net 192.185.35.30
192.185.35.30 - - [21/Feb/2021:17:26:35 -0600] "POST /wp-cron.php?doing_wp_cron=1613949995.8459939956665039062500 HTTP/1.1" 200 - "https://www.mylavarapu.net/wp-cron.php?doing_wp_cron=1613949995.8459939956665039062500" "WordPress/5.6.1; https://www.mylavarapu.net" www.mylavarapu.net 192.185.35.30
99.243.130.8 - - [21/Feb/2021:17:26:52 -0600] "POST /wp-admin/admin-ajax.php HTTP/2.0" 200 47 "https://www.mylavarapu.net/wp-admin/plugin-install.php?s=site%20to%20FTP&tab=search&type=term" "Mozilla/5.0 (Windows NT 10.0; Win64; x64; rv:85.0) Gecko/20100101 Firefox/85.0" www.mylavarapu.net 192.185.35.30
192.185.35.30 - - [21/Feb/2021:17:26:54 -0600] "POST /wp-cron.php?doing_wp_cron=1613950014.0170929431915283203125 HTTP/1.1" 200 - "https://www.mylavarapu.net/wp-cron.php?doing_wp_cron=1613950014.0170929431915283203125" "WordPress/5.6.1; https://www.mylavarapu.net" www.mylavarapu.net 192.185.35.30
99.243.130.8 - - [21/Feb/2021:17:27:52 -0600] "POST /wp-admin/admin-ajax.php HTTP/2.0" 200 47 "https://www.mylavarapu.net/wp-admin/plugin-install.php?s=site%20to%20FTP&tab=search&type=term" "Mozilla/5.0 (Windows NT 10.0; Win64; x64; rv:85.0) Gecko/20100101 Firefox/85.0" www.mylavarapu.net 192.185.35.30
192.185.35.30 - - [21/Feb/2021:17:27:53 -0600] "POST /wp-cron.php?doing_wp_cron=1613950073.8909170627593994140625 HTTP/1.1" 200 - "https://www.mylavarapu.net/wp-cron.php?doing_wp_cron=1613950073.8909170627593994140625" "WordPress/5.6.1; https://www.mylavarapu.net" www.mylavarapu.net 192.185.35.30
99.243.130.8 - - [21/Feb/2021:17:28:52 -0600] "POST /wp-admin/admin-ajax.php HTTP/2.0" 200 47 "https://www.mylavarapu.net/wp-admin/plugin-install.php?s=site%20to%20FTP&tab=search&type=term" "Mozilla/5.0 (Windows NT 10.0; Win64; x64; rv:85.0) Gecko/20100101 Firefox/85.0" www.mylavarapu.net 192.185.35.30
192.185.35.30 - - [21/Feb/2021:17:28:54 -0600] "POST /wp-cron.php?doing_wp_cron=1613950134.0955979824066162109375 HTTP/1.1" 200 - "https://www.mylavarapu.net/wp-cron.php?doing_wp_cron=1613950134.0955979824066162109375" "WordPress/5.6.1; https://www.mylavarapu.net" www.mylavarapu.net 192.185.35.30
99.243.130.8 - - [21/Feb/2021:17:29:52 -0600] "POST /wp-admin/admin-ajax.php HTTP/2.0" 200 47 "https://www.mylavarapu.net/wp-admin/plugin-install.php?s=site%20to%20FTP&tab=search&type=term" "Mozilla/5.0 (Windows NT 10.0; Win64; x64; rv:85.0) Gecko/20100101 Firefox/85.0" www.mylavarapu.net 192.185.35.30
192.185.35.30 - - [21/Feb/2021:17:29:53 -0600] "POST /wp-cron.php?doing_wp_cron=1613950193.8613190650939941406250 HTTP/1.1" 200 - "https://www.mylavarapu.net/wp-cron.php?doing_wp_cron=1613950193.8613190650939941406250" "WordPress/5.6.1; https://www.mylavarapu.net" www.mylavarapu.net 192.185.35.30
99.243.130.8 - - [21/Feb/2021:17:31:52 -0600] "POST /wp-admin/admin-ajax.php HTTP/2.0" 200 47 "https://www.mylavarapu.net/wp-admin/plugin-install.php?s=site%20to%20FTP&tab=search&type=term" "Mozilla/5.0 (Windows NT 10.0; Win64; x64; rv:85.0) Gecko/20100101 Firefox/85.0" www.mylavarapu.net 192.185.35.30
192.185.35.30 - - [21/Feb/2021:17:31:54 -0600] "POST /wp-cron.php?doing_wp_cron=1613950314.2704570293426513671875 HTTP/1.1" 200 - "https://www.mylavarapu.net/wp-cron.php?doing_wp_cron=1613950314.2704570293426513671875" "WordPress/5.6.1; https://www.mylavarapu.net" www.mylavarapu.net 192.185.35.30
99.243.130.8 - - [21/Feb/2021:17:33:52 -0600] "POST /wp-admin/admin-ajax.php HTTP/2.0" 200 47 "https://www.mylavarapu.net/wp-admin/plugin-install.php?s=site%20to%20FTP&tab=search&type=term" "Mozilla/5.0 (Windows NT 10.0; Win64; x64; rv:85.0) Gecko/20100101 Firefox/85.0" www.mylavarapu.net 192.185.35.30
192.185.35.30 - - [21/Feb/2021:17:33:54 -0600] "POST /wp-cron.php?doing_wp_cron=1613950434.0978350639343261718750 HTTP/1.1" 200 - "https://www.mylavarapu.net/wp-cron.php?doing_wp_cron=1613950434.0978350639343261718750" "WordPress/5.6.1; https://www.mylavarapu.net" www.mylavarapu.net 192.185.35.30
99.243.130.8 - - [21/Feb/2021:17:35:52 -0600] "POST /wp-admin/admin-ajax.php HTTP/2.0" 200 47 "https://www.mylavarapu.net/wp-admin/plugin-install.php?s=site%20to%20FTP&tab=search&type=term" "Mozilla/5.0 (Windows NT 10.0; Win64; x64; rv:85.0) Gecko/20100101 Firefox/85.0" www.mylavarapu.net 192.185.35.30
192.185.35.30 - - [21/Feb/2021:17:35:53 -0600] "POST /wp-cron.php?doing_wp_cron=1613950553.9158780574798583984375 HTTP/1.1" 200 - "https://www.mylavarapu.net/wp-cron.php?doing_wp_cron=1613950553.9158780574798583984375" "WordPress/5.6.1; https://www.mylavarapu.net" www.mylavarapu.net 192.185.35.30
99.243.130.8 - - [21/Feb/2021:17:37:52 -0600] "POST /wp-admin/admin-ajax.php HTTP/2.0" 200 47 "https://www.mylavarapu.net/wp-admin/plugin-install.php?s=site%20to%20FTP&tab=search&type=term" "Mozilla/5.0 (Windows NT 10.0; Win64; x64; rv:85.0) Gecko/20100101 Firefox/85.0" www.mylavarapu.net 192.185.35.30
192.185.35.30 - - [21/Feb/2021:17:37:54 -0600] "POST /wp-cron.php?doing_wp_cron=1613950674.5056290626525878906250 HTTP/1.1" 200 - "https://www.mylavarapu.net/wp-cron.php?doing_wp_cron=1613950674.5056290626525878906250" "WordPress/5.6.1; https://www.mylavarapu.net" www.mylavarapu.net 192.185.35.30
192.185.35.30 - - [21/Feb/2021:17:52:22 -0600] "POST /wp-cron.php?doing_wp_cron=1613951542.1951799392700195312500 HTTP/1.1" 200 - "https://www.mylavarapu.net/wp-cron.php?doing_wp_cron=1613951542.1951799392700195312500" "WordPress/5.6.1; https://www.mylavarapu.net" www.mylavarapu.net 192.185.35.30
99.243.130.8 - - [21/Feb/2021:18:03:25 -0600] "POST /wp-admin/admin-ajax.php HTTP/2.0" 200 47 "https://www.mylavarapu.net/wp-admin/plugin-install.php?s=site%20to%20FTP&tab=search&type=term" "Mozilla/5.0 (Windows NT 10.0; Win64; x64; rv:85.0) Gecko/20100101 Firefox/85.0" www.mylavarapu.net 192.185.35.30
192.185.35.30 - - [21/Feb/2021:18:03:26 -0600] "POST /wp-cron.php?doing_wp_cron=1613952206.9220509529113769531250 HTTP/1.1" 200 - "https://www.mylavarapu.net/wp-cron.php?doing_wp_cron=1613952206.9220509529113769531250" "WordPress/5.6.1; https://www.mylavarapu.net" www.mylavarapu.net 192.185.35.30
51.159.37.51 - - [21/Feb/2021:17:52:20 -0600] "GET /lalita-sahasranamam-by-mylavarapu-srinivasa-rao/ HTTP/2.0" 200 23059 "-" "Mozilla/5.0 (Windows NT 10.0; Win64; x64) AppleWebKit/537.36 (KHTML, like Gecko) Chrome/86.0.4240.193 Safari/537.36" www.mylavarapu.net 192.185.35.30
13.66.139.145 - - [21/Feb/2021:17:52:37 -0600] "GET /sitemap_index.xml HTTP/1.1" 200 373 "-" "Mozilla/5.0 (compatible; bingbot/2.0; +http://www.bing.com/bingbot.htm)" www.mylavarapu.net 192.185.35.30
192.185.35.30 - - [21/Feb/2021:17:52:38 -0600] "POST /wp-cron.php?doing_wp_cron=1613951558.4627308845520019531250 HTTP/1.1" 200 - "https://www.mylavarapu.net/wp-cron.php?doing_wp_cron=1613951558.4627308845520019531250" "WordPress/5.6.1; https://www.mylavarapu.net" www.mylavarapu.net 192.185.35.30
99.243.130.8 - - [21/Feb/2021:17:55:25 -0600] "POST /wp-admin/admin-ajax.php HTTP/2.0" 200 47 "https://www.mylavarapu.net/wp-admin/plugin-install.php?s=site%20to%20FTP&tab=search&type=term" "Mozilla/5.0 (Windows NT 10.0; Win64; x64; rv:85.0) Gecko/20100101 Firefox/85.0" www.mylavarapu.net 192.185.35.30
192.185.35.30 - - [21/Feb/2021:17:55:26 -0600] "POST /wp-cron.php?doing_wp_cron=1613951726.7854890823364257812500 HTTP/1.1" 200 - "https://www.mylavarapu.net/wp-cron.php?doing_wp_cron=1613951726.7854890823364257812500" "WordPress/5.6.1; https://www.mylavarapu.net" www.mylavarapu.net 192.185.35.30
99.243.130.8 - - [21/Feb/2021:17:57:25 -0600] "POST /wp-admin/admin-ajax.php HTTP/2.0" 200 47 "https://www.mylavarapu.net/wp-admin/plugin-install.php?s=site%20to%20FTP&tab=search&type=term" "Mozilla/5.0 (Windows NT 10.0; Win64; x64; rv:85.0) Gecko/20100101 Firefox/85.0" www.mylavarapu.net 192.185.35.30
192.185.35.30 - - [21/Feb/2021:17:57:27 -0600] "POST /wp-cron.php?doing_wp_cron=1613951847.3373310565948486328125 HTTP/1.1" 200 - "https://www.mylavarapu.net/wp-cron.php?doing_wp_cron=1613951847.3373310565948486328125" "WordPress/5.6.1; https://www.mylavarapu.net" www.mylavarapu.net 192.185.35.30
99.243.130.8 - - [21/Feb/2021:17:59:46 -0600] "POST /wp-admin/admin-ajax.php HTTP/2.0" 200 47 "https://www.mylavarapu.net/wp-admin/plugin-install.php?s=site%20to%20FTP&tab=search&type=term" "Mozilla/5.0 (Windows NT 10.0; Win64; x64; rv:85.0) Gecko/20100101 Firefox/85.0" www.mylavarapu.net 192.185.35.30
192.185.35.30 - - [21/Feb/2021:17:59:47 -0600] "POST /wp-cron.php?doing_wp_cron=1613951987.7011020183563232421875 HTTP/1.1" 200 - "https://www.mylavarapu.net/wp-cron.php?doing_wp_cron=1613951987.7011020183563232421875" "WordPress/5.6.1; https://www.mylavarapu.net" www.mylavarapu.net 192.185.35.30
99.243.130.8 - - [21/Feb/2021:18:01:25 -0600] "POST /wp-admin/admin-ajax.php HTTP/2.0" 200 107 "https://www.mylavarapu.net/wp-admin/plugin-install.php?s=site%20to%20FTP&tab=search&type=term" "Mozilla/5.0 (Windows NT 10.0; Win64; x64; rv:85.0) Gecko/20100101 Firefox/85.0" www.mylavarapu.net 192.185.35.30
192.185.35.30 - - [21/Feb/2021:18:01:26 -0600] "POST /wp-cron.php?doing_wp_cron=1613952086.6098570823669433593750 HTTP/1.1" 200 - "https://www.mylavarapu.net/wp-cron.php?doing_wp_cron=1613952086.6098570823669433593750" "WordPress/5.6.1; https://www.mylavarapu.net" www.mylavarapu.net 192.185.35.30
