192.185.35.30 - - [21/Feb/2021:06:11:06 -0600] "POST /wp-cron.php?doing_wp_cron=1613909466.3044691085815429687500 HTTP/1.1" 200 - "https://www.mylavarapu.net/wp-cron.php?doing_wp_cron=1613909466.3044691085815429687500" "WordPress/5.6.1; https://www.mylavarapu.net" www.mylavarapu.net 192.185.35.30
34.217.111.136 - - [21/Feb/2021:06:11:00 -0600] "GET /?plugin=all-in-one-event-calendar&controller=ai1ec_exporter_controller&action=export_events HTTP/1.1" 200 402 "-" "Mozilla/5.0 (Windows; U; Windows NT 6.0; en-US; rv:1.9.1.2) Gecko/20090729 Firefox/3.5.2 (.NET CLR 3.5.30729)" www.mylavarapu.net 192.185.35.30
34.217.111.136 - - [21/Feb/2021:06:11:45 -0600] "GET /?plugin=all-in-one-event-calendar&controller=ai1ec_exporter_controller&action=export_events HTTP/1.1" 200 402 "-" "Mozilla/5.0 (Windows; U; Windows NT 6.0; en-US; rv:1.9.1.2) Gecko/20090729 Firefox/3.5.2 (.NET CLR 3.5.30729)" www.mylavarapu.net 192.185.35.30
192.185.35.30 - - [21/Feb/2021:06:11:46 -0600] "POST /wp-cron.php?doing_wp_cron=1613909506.4669148921966552734375 HTTP/1.1" 200 - "https://www.mylavarapu.net/wp-cron.php?doing_wp_cron=1613909506.4669148921966552734375" "WordPress/5.6.1; https://www.mylavarapu.net" www.mylavarapu.net 192.185.35.30
158.51.121.90 - - [21/Feb/2021:07:25:09 -0600] "GET / HTTP/1.1" 301 - "-" "Mozilla/5.0 (Windows NT 10.0; Win64; x64) AppleWebKit/537.36 (KHTML, like Gecko) Chrome/86.0.4240.75 Safari/537.36" mylavarapu.net 192.185.35.30
192.185.35.30 - - [21/Feb/2021:07:25:13 -0600] "POST /wp-cron.php?doing_wp_cron=1613913913.0251760482788085937500 HTTP/1.1" 200 - "https://www.mylavarapu.net/wp-cron.php?doing_wp_cron=1613913913.0251760482788085937500" "WordPress/5.6.1; https://www.mylavarapu.net" www.mylavarapu.net 192.185.35.30
192.185.35.30 - - [21/Feb/2021:07:25:18 -0600] "POST /wp-cron.php?doing_wp_cron=1613913918.8959400653839111328125 HTTP/1.1" 200 - "https://www.mylavarapu.net/wp-cron.php?doing_wp_cron=1613913918.8959400653839111328125" "WordPress/5.6.1; https://www.mylavarapu.net" www.mylavarapu.net 192.185.35.30
158.51.121.90 - - [21/Feb/2021:07:25:17 -0600] "GET / HTTP/1.1" 200 19585 "-" "Mozilla/5.0 (Windows NT 10.0; Win64; x64) AppleWebKit/537.36 (KHTML, like Gecko) Chrome/86.0.4240.75 Safari/537.36" www.mylavarapu.net 192.185.35.30
192.185.35.30 - - [21/Feb/2021:07:49:23 -0600] "POST /wp-cron.php?doing_wp_cron=1613915363.6776559352874755859375 HTTP/1.1" 200 - "https://www.mylavarapu.net/wp-cron.php?doing_wp_cron=1613915363.6776559352874755859375" "WordPress/5.6.1; https://www.mylavarapu.net" www.mylavarapu.net 192.185.35.30
3.36.128.237 - - [21/Feb/2021:07:49:20 -0600] "GET /.git/HEAD HTTP/2.0" 301 - "-" "curl/7.61.1" mylavarapu.net 192.185.35.30
192.185.35.30 - - [21/Feb/2021:07:49:29 -0600] "POST /wp-cron.php?doing_wp_cron=1613915369.0913500785827636718750 HTTP/1.1" 200 - "https://www.mylavarapu.net/wp-cron.php?doing_wp_cron=1613915369.0913500785827636718750" "WordPress/5.6.1; https://www.mylavarapu.net" www.mylavarapu.net 192.185.35.30
3.36.128.237 - - [21/Feb/2021:07:49:27 -0600] "GET /.git/HEAD HTTP/2.0" 404 27339 "-" "curl/7.61.1" www.mylavarapu.net 192.185.35.30
104.236.203.29 - - [21/Feb/2021:07:50:05 -0600] "GET /wp-login.php HTTP/1.1" 406 226 "-" "Mozilla/5.0(Windows NT 6.3; Win64; x64; rv:84.0) Gecko/20100101 Firefox/84.0" mail.mylavarapu.net 192.185.35.30
104.236.203.29 - - [21/Feb/2021:07:50:05 -0600] "POST /wp-login.php HTTP/1.1" 406 226 "-" "Mozilla/5.0(Windows NT 6.3; Win64; x64; rv:84.0) Gecko/20100101 Firefox/84.0" mail.mylavarapu.net 192.185.35.30
104.236.203.29 - - [21/Feb/2021:07:50:05 -0600] "POST /xmlrpc.php HTTP/1.1" 406 226 "-" "Mozilla/5.0(Windows NT 6.3; Win64; x64; rv:84.0) Gecko/20100101 Firefox/84.0" mail.mylavarapu.net 192.185.35.30
52.47.136.30 - - [21/Feb/2021:08:48:26 -0600] "GET /autodiscover/autodiscover.xml HTTP/2.0" 400 52 "-" "curl/7.61.1" autodiscover.mylavarapu.net 192.185.35.30
146.20.132.132 - - [21/Feb/2021:08:57:37 -0600] "GET /ads.txt HTTP/2.0" 301 - "-" "Mozilla/5.0 (X11; Linux x86_64) AppleWebKit/537.36 (KHTML, like Gecko) Chrome/62.0.3202.89 Safari/537.36" mylavarapu.net 192.185.35.30
146.20.132.132 - - [21/Feb/2021:08:57:43 -0600] "GET /ads.txt HTTP/2.0" 301 - "http://mylavarapu.net/ads.txt" "Mozilla/5.0 (X11; Linux x86_64) AppleWebKit/537.36 (KHTML, like Gecko) Chrome/62.0.3202.89 Safari/537.36" mylavarapu.net 192.185.35.30
192.185.35.30 - - [21/Feb/2021:08:57:43 -0600] "POST /wp-cron.php?doing_wp_cron=1613919463.0834000110626220703125 HTTP/1.1" 200 - "https://www.mylavarapu.net/wp-cron.php?doing_wp_cron=1613919463.0834000110626220703125" "WordPress/5.6.1; https://www.mylavarapu.net" www.mylavarapu.net 192.185.35.30
192.185.35.30 - - [21/Feb/2021:08:57:46 -0600] "POST /wp-cron.php?doing_wp_cron=1613919466.4421451091766357421875 HTTP/1.1" 200 - "https://www.mylavarapu.net/wp-cron.php?doing_wp_cron=1613919466.4421451091766357421875" "WordPress/5.6.1; https://www.mylavarapu.net" www.mylavarapu.net 192.185.35.30
146.20.132.132 - - [21/Feb/2021:08:57:45 -0600] "GET /ads.txt HTTP/2.0" 404 - "https://mylavarapu.net/ads.txt" "Mozilla/5.0 (X11; Linux x86_64) AppleWebKit/537.36 (KHTML, like Gecko) Chrome/62.0.3202.89 Safari/537.36" www.mylavarapu.net 192.185.35.30
192.185.35.30 - - [21/Feb/2021:09:12:57 -0600] "POST /wp-cron.php?doing_wp_cron=1613920377.8600189685821533203125 HTTP/1.1" 200 - "https://www.mylavarapu.net/wp-cron.php?doing_wp_cron=1613920377.8600189685821533203125" "WordPress/5.6.1; https://www.mylavarapu.net" www.mylavarapu.net 192.185.35.30
34.217.111.136 - - [21/Feb/2021:09:12:56 -0600] "GET /?plugin=all-in-one-event-calendar&controller=ai1ec_exporter_controller&action=export_events HTTP/1.1" 200 402 "-" "Mozilla/5.0 (Windows; U; Windows NT 6.0; en-US; rv:1.9.1.2) Gecko/20090729 Firefox/3.5.2 (.NET CLR 3.5.30729)" www.mylavarapu.net 192.185.35.30
34.217.111.136 - - [21/Feb/2021:09:13:43 -0600] "GET /?plugin=all-in-one-event-calendar&controller=ai1ec_exporter_controller&action=export_events HTTP/1.1" 200 402 "-" "Mozilla/5.0 (Windows; U; Windows NT 6.0; en-US; rv:1.9.1.2) Gecko/20090729 Firefox/3.5.2 (.NET CLR 3.5.30729)" www.mylavarapu.net 192.185.35.30
192.185.35.30 - - [21/Feb/2021:09:13:44 -0600] "POST /wp-cron.php?doing_wp_cron=1613920424.9346621036529541015625 HTTP/1.1" 200 - "https://www.mylavarapu.net/wp-cron.php?doing_wp_cron=1613920424.9346621036529541015625" "WordPress/5.6.1; https://www.mylavarapu.net" www.mylavarapu.net 192.185.35.30
13.66.139.36 - - [21/Feb/2021:09:15:40 -0600] "GET /ecwid-sitemap.xml HTTP/1.1" 200 1057 "-" "Mozilla/5.0 (compatible; bingbot/2.0; +http://www.bing.com/bingbot.htm)" www.mylavarapu.net 192.185.35.30
192.185.35.30 - - [21/Feb/2021:09:15:42 -0600] "POST /wp-cron.php?doing_wp_cron=1613920542.1360380649566650390625 HTTP/1.1" 200 - "https://www.mylavarapu.net/wp-cron.php?doing_wp_cron=1613920542.1360380649566650390625" "WordPress/5.6.1; https://www.mylavarapu.net" www.mylavarapu.net 192.185.35.30
192.185.35.30 - - [21/Feb/2021:10:18:06 -0600] "POST /wp-cron.php?doing_wp_cron=1613924286.7149000167846679687500 HTTP/1.1" 200 - "https://www.mylavarapu.net/wp-cron.php?doing_wp_cron=1613924286.7149000167846679687500" "WordPress/5.6.1; https://www.mylavarapu.net" www.mylavarapu.net 192.185.35.30
135.148.2.82 - - [21/Feb/2021:10:18:02 -0600] "GET /about/ HTTP/1.0" 200 43085 "https://www.mylavarapu.net/about/" "Mozilla/5.0 (Windows NT 6.1; WOW64) AppleWebKit/537.36 (KHTML, like Gecko) Chrome/83.0.4102.0 Safari/537.36" www.mylavarapu.net 192.185.35.30
106.193.236.62 - - [21/Feb/2021:10:44:27 -0600] "GET /about/ HTTP/2.0" 200 14484 "https://www.ourindiantradition.com/" "Mozilla/5.0 (Windows NT 10.0; Win64; x64) AppleWebKit/537.36 (KHTML, like Gecko) Chrome/88.0.4324.182 Safari/537.36" www.mylavarapu.net 192.185.35.30
106.193.236.62 - - [21/Feb/2021:10:44:28 -0600] "GET /wp-content/themes/wp-opulus/style.css HTTP/2.0" 200 12329 "https://www.mylavarapu.net/about/" "Mozilla/5.0 (Windows NT 10.0; Win64; x64) AppleWebKit/537.36 (KHTML, like Gecko) Chrome/88.0.4324.182 Safari/537.36" www.mylavarapu.net 192.185.35.30
106.193.236.62 - - [21/Feb/2021:10:44:28 -0600] "GET /wp-content/plugins/ecwid-shopping-cart/css/frontend.css?ver=6.10.9 HTTP/2.0" 200 695 "https://www.mylavarapu.net/about/" "Mozilla/5.0 (Windows NT 10.0; Win64; x64) AppleWebKit/537.36 (KHTML, like Gecko) Chrome/88.0.4324.182 Safari/537.36" www.mylavarapu.net 192.185.35.30
106.193.236.62 - - [21/Feb/2021:10:44:28 -0600] "GET /wp-content/plugins/wp-video-lightbox/wp-video-lightbox.css?ver=5.6.1 HTTP/2.0" 200 489 "https://www.mylavarapu.net/about/" "Mozilla/5.0 (Windows NT 10.0; Win64; x64) AppleWebKit/537.36 (KHTML, like Gecko) Chrome/88.0.4324.182 Safari/537.36" www.mylavarapu.net 192.185.35.30
106.193.236.62 - - [21/Feb/2021:10:44:28 -0600] "GET /wp-content/plugins/ecwid-shopping-cart/css/integrations/elementor.css?ver=6.10.9 HTTP/2.0" 200 171 "https://www.mylavarapu.net/about/" "Mozilla/5.0 (Windows NT 10.0; Win64; x64) AppleWebKit/537.36 (KHTML, like Gecko) Chrome/88.0.4324.182 Safari/537.36" www.mylavarapu.net 192.185.35.30
106.193.236.62 - - [21/Feb/2021:10:44:28 -0600] "GET /wp-content/plugins/wp-video-lightbox/css/prettyPhoto.css?ver=5.6.1 HTTP/2.0" 200 3950 "https://www.mylavarapu.net/about/" "Mozilla/5.0 (Windows NT 10.0; Win64; x64) AppleWebKit/537.36 (KHTML, like Gecko) Chrome/88.0.4324.182 Safari/537.36" www.mylavarapu.net 192.185.35.30
106.193.236.62 - - [21/Feb/2021:10:44:28 -0600] "GET /wp-content/themes/wp-opulus/css/bootstrap-responsive.min.css?ver=1.0 HTTP/2.0" 200 5105 "https://www.mylavarapu.net/about/" "Mozilla/5.0 (Windows NT 10.0; Win64; x64) AppleWebKit/537.36 (KHTML, like Gecko) Chrome/88.0.4324.182 Safari/537.36" www.mylavarapu.net 192.185.35.30
106.193.236.62 - - [21/Feb/2021:10:44:28 -0600] "GET /wp-content/themes/wp-opulus/css/bootstrap.min.css?ver=1.0 HTTP/2.0" 200 25602 "https://www.mylavarapu.net/about/" "Mozilla/5.0 (Windows NT 10.0; Win64; x64) AppleWebKit/537.36 (KHTML, like Gecko) Chrome/88.0.4324.182 Safari/537.36" www.mylavarapu.net 192.185.35.30
106.193.236.62 - - [21/Feb/2021:10:44:28 -0600] "GET /wp-content/themes/wp-opulus/css/jquery.jscrollpane.css?ver=2.0 HTTP/2.0" 200 587 "https://www.mylavarapu.net/about/" "Mozilla/5.0 (Windows NT 10.0; Win64; x64) AppleWebKit/537.36 (KHTML, like Gecko) Chrome/88.0.4324.182 Safari/537.36" www.mylavarapu.net 192.185.35.30
106.193.236.62 - - [21/Feb/2021:10:44:28 -0600] "GET /wp-content/plugins/sticky-header/js/public.min.js?ver=1.0.0 HTTP/2.0" 200 221 "https://www.mylavarapu.net/about/" "Mozilla/5.0 (Windows NT 10.0; Win64; x64) AppleWebKit/537.36 (KHTML, like Gecko) Chrome/88.0.4324.182 Safari/537.36" www.mylavarapu.net 192.185.35.30
106.193.236.62 - - [21/Feb/2021:10:44:28 -0600] "GET /wp-includes/js/jquery/jquery-migrate.min.js?ver=3.3.2 HTTP/2.0" 200 4618 "https://www.mylavarapu.net/about/" "Mozilla/5.0 (Windows NT 10.0; Win64; x64) AppleWebKit/537.36 (KHTML, like Gecko) Chrome/88.0.4324.182 Safari/537.36" www.mylavarapu.net 192.185.35.30
106.193.236.62 - - [21/Feb/2021:10:44:28 -0600] "GET /wp-content/plugins/jetpack/_inc/social-logos/social-logos.min.css?ver=9.4 HTTP/2.0" 200 7939 "https://www.mylavarapu.net/about/" "Mozilla/5.0 (Windows NT 10.0; Win64; x64) AppleWebKit/537.36 (KHTML, like Gecko) Chrome/88.0.4324.182 Safari/537.36" www.mylavarapu.net 192.185.35.30
106.193.236.62 - - [21/Feb/2021:10:44:28 -0600] "GET /wp-content/plugins/sticky-header/css/public.css?ver=1.0.0 HTTP/2.0" 200 390 "https://www.mylavarapu.net/about/" "Mozilla/5.0 (Windows NT 10.0; Win64; x64) AppleWebKit/537.36 (KHTML, like Gecko) Chrome/88.0.4324.182 Safari/537.36" www.mylavarapu.net 192.185.35.30
106.193.236.62 - - [21/Feb/2021:10:44:28 -0600] "GET /wp-includes/css/dist/block-library/style.min.css?ver=5.6.1 HTTP/2.0" 200 10424 "https://www.mylavarapu.net/about/" "Mozilla/5.0 (Windows NT 10.0; Win64; x64) AppleWebKit/537.36 (KHTML, like Gecko) Chrome/88.0.4324.182 Safari/537.36" www.mylavarapu.net 192.185.35.30
106.193.236.62 - - [21/Feb/2021:10:44:28 -0600] "GET /wp-includes/js/jquery/jquery.min.js?ver=3.5.1 HTTP/2.0" 200 39076 "https://www.mylavarapu.net/about/" "Mozilla/5.0 (Windows NT 10.0; Win64; x64) AppleWebKit/537.36 (KHTML, like Gecko) Chrome/88.0.4324.182 Safari/537.36" www.mylavarapu.net 192.185.35.30
106.193.236.62 - - [21/Feb/2021:10:44:28 -0600] "GET /wp-content/plugins/jetpack/css/jetpack.css?ver=9.4 HTTP/2.0" 200 20639 "https://www.mylavarapu.net/about/" "Mozilla/5.0 (Windows NT 10.0; Win64; x64) AppleWebKit/537.36 (KHTML, like Gecko) Chrome/88.0.4324.182 Safari/537.36" www.mylavarapu.net 192.185.35.30
106.193.236.62 - - [21/Feb/2021:10:44:28 -0600] "GET /wp-content/plugins/wp-video-lightbox/js/jquery.prettyPhoto.min.js?ver=3.1.6 HTTP/2.0" 200 7433 "https://www.mylavarapu.net/about/" "Mozilla/5.0 (Windows NT 10.0; Win64; x64) AppleWebKit/537.36 (KHTML, like Gecko) Chrome/88.0.4324.182 Safari/537.36" www.mylavarapu.net 192.185.35.30
106.193.236.62 - - [21/Feb/2021:10:44:28 -0600] "GET /wp-content/themes/wp-opulus/css/bootstrap-fix.css?ver=1.0 HTTP/2.0" 200 99 "https://www.mylavarapu.net/about/" "Mozilla/5.0 (Windows NT 10.0; Win64; x64) AppleWebKit/537.36 (KHTML, like Gecko) Chrome/88.0.4324.182 Safari/537.36" www.mylavarapu.net 192.185.35.30
106.193.236.62 - - [21/Feb/2021:10:44:28 -0600] "GET /wp-content/plugins/elementor/assets/lib/font-awesome/css/font-awesome.min.css?ver=4.7.0 HTTP/2.0" 200 7112 "https://www.mylavarapu.net/about/" "Mozilla/5.0 (Windows NT 10.0; Win64; x64) AppleWebKit/537.36 (KHTML, like Gecko) Chrome/88.0.4324.182 Safari/537.36" www.mylavarapu.net 192.185.35.30
106.193.236.62 - - [21/Feb/2021:10:44:28 -0600] "GET /wp-content/themes/wp-opulus/js/jquery.jscrollpane.min.js?ver=2.0 HTTP/2.0" 200 5998 "https://www.mylavarapu.net/about/" "Mozilla/5.0 (Windows NT 10.0; Win64; x64) AppleWebKit/537.36 (KHTML, like Gecko) Chrome/88.0.4324.182 Safari/537.36" www.mylavarapu.net 192.185.35.30
106.193.236.62 - - [21/Feb/2021:10:44:28 -0600] "GET /google_analytics_auto.js HTTP/2.0" 200 299 "https://www.mylavarapu.net/about/" "Mozilla/5.0 (Windows NT 10.0; Win64; x64) AppleWebKit/537.36 (KHTML, like Gecko) Chrome/88.0.4324.182 Safari/537.36" www.mylavarapu.net 192.185.35.30
106.193.236.62 - - [21/Feb/2021:10:44:28 -0600] "GET /wp-content/plugins/all-in-one-event-calendar/cache/98c45cf6_ai1ec_parsed_css.css?ver=2.6.8 HTTP/2.0" 200 90014 "https://www.mylavarapu.net/about/" "Mozilla/5.0 (Windows NT 10.0; Win64; x64) AppleWebKit/537.36 (KHTML, like Gecko) Chrome/88.0.4324.182 Safari/537.36" www.mylavarapu.net 192.185.35.30
106.193.236.62 - - [21/Feb/2021:10:44:28 -0600] "GET /wp-content/plugins/wp-video-lightbox/js/video-lightbox.js?ver=3.1.6 HTTP/2.0" 200 1537 "https://www.mylavarapu.net/about/" "Mozilla/5.0 (Windows NT 10.0; Win64; x64) AppleWebKit/537.36 (KHTML, like Gecko) Chrome/88.0.4324.182 Safari/537.36" www.mylavarapu.net 192.185.35.30
106.193.236.62 - - [21/Feb/2021:10:44:28 -0600] "GET /wp-content/plugins/ecwid-shopping-cart/js/frontend.js?ver=6.10.9 HTTP/2.0" 200 652 "https://www.mylavarapu.net/about/" "Mozilla/5.0 (Windows NT 10.0; Win64; x64) AppleWebKit/537.36 (KHTML, like Gecko) Chrome/88.0.4324.182 Safari/537.36" www.mylavarapu.net 192.185.35.30
106.193.236.62 - - [21/Feb/2021:10:44:28 -0600] "GET /wp-content/themes/wp-opulus/js/nimbus_public.js?ver=1.0 HTTP/2.0" 200 301 "https://www.mylavarapu.net/about/" "Mozilla/5.0 (Windows NT 10.0; Win64; x64) AppleWebKit/537.36 (KHTML, like Gecko) Chrome/88.0.4324.182 Safari/537.36" www.mylavarapu.net 192.185.35.30
106.193.236.62 - - [21/Feb/2021:10:44:28 -0600] "GET /wp-content/themes/wp-opulus/js/jquery.bootstrap.min.js?ver=2.2.2 HTTP/2.0" 200 11373 "https://www.mylavarapu.net/about/" "Mozilla/5.0 (Windows NT 10.0; Win64; x64) AppleWebKit/537.36 (KHTML, like Gecko) Chrome/88.0.4324.182 Safari/537.36" www.mylavarapu.net 192.185.35.30
192.185.35.30 - - [21/Feb/2021:10:44:31 -0600] "POST /wp-cron.php?doing_wp_cron=1613925870.9399659633636474609375 HTTP/1.1" 200 - "https://www.mylavarapu.net/wp-cron.php?doing_wp_cron=1613925870.9399659633636474609375" "WordPress/5.6.1; https://www.mylavarapu.net" www.mylavarapu.net 192.185.35.30
106.193.236.62 - - [21/Feb/2021:10:44:28 -0600] "GET /store/ HTTP/2.0" 200 - "https://www.mylavarapu.net/about/" "Mozilla/5.0 (Windows NT 10.0; Win64; x64) AppleWebKit/537.36 (KHTML, like Gecko) Chrome/88.0.4324.182 Safari/537.36" www.mylavarapu.net 192.185.35.30
66.249.65.197 - - [21/Feb/2021:10:48:49 -0600] "GET / HTTP/1.1" 200 19502 "-" "Mozilla/5.0 (Linux; Android 6.0.1; Nexus 5X Build/MMB29P) AppleWebKit/537.36 (KHTML, like Gecko) Chrome/88.0.4324.188 Mobile Safari/537.36 (compatible; Googlebot/2.1; +http://www.google.com/bot.html)" www.mylavarapu.net 192.185.35.30
192.185.35.30 - - [21/Feb/2021:10:48:51 -0600] "POST /wp-cron.php?doing_wp_cron=1613926131.0360419750213623046875 HTTP/1.1" 200 - "https://www.mylavarapu.net/wp-cron.php?doing_wp_cron=1613926131.0360419750213623046875" "WordPress/5.6.1; https://www.mylavarapu.net" www.mylavarapu.net 192.185.35.30
66.249.65.193 - - [21/Feb/2021:10:48:54 -0600] "GET /wp-content/plugins/jetpack/css/jetpack.css?ver=9.4 HTTP/1.1" 200 20639 "https://www.mylavarapu.net/" "Mozilla/5.0 (Linux; Android 6.0.1; Nexus 5X Build/MMB29P) AppleWebKit/537.36 (KHTML, like Gecko) Chrome/88.0.4324.175 Mobile Safari/537.36 (compatible; Googlebot/2.1; +http://www.google.com/bot.html)" www.mylavarapu.net 192.185.35.30
66.249.65.195 - - [21/Feb/2021:10:48:55 -0600] "GET /wp-content/themes/wp-opulus/style.css HTTP/1.1" 200 12329 "https://www.mylavarapu.net/" "Mozilla/5.0 (Linux; Android 6.0.1; Nexus 5X Build/MMB29P) AppleWebKit/537.36 (KHTML, like Gecko) Chrome/88.0.4324.175 Mobile Safari/537.36 (compatible; Googlebot/2.1; +http://www.google.com/bot.html)" www.mylavarapu.net 192.185.35.30
66.249.65.195 - - [21/Feb/2021:10:48:55 -0600] "GET /wp-content/plugins/jetpack/_inc/social-logos/social-logos.min.css?ver=9.4 HTTP/1.1" 200 7939 "https://www.mylavarapu.net/" "Mozilla/5.0 (Linux; Android 6.0.1; Nexus 5X Build/MMB29P) AppleWebKit/537.36 (KHTML, like Gecko) Chrome/88.0.4324.175 Mobile Safari/537.36 (compatible; Googlebot/2.1; +http://www.google.com/bot.html)" www.mylavarapu.net 192.185.35.30
66.249.65.193 - - [21/Feb/2021:10:48:56 -0600] "GET /wp-content/plugins/sticky-header/css/public.css?ver=1.0.0 HTTP/1.1" 200 390 "https://www.mylavarapu.net/" "Mozilla/5.0 (Linux; Android 6.0.1; Nexus 5X Build/MMB29P) AppleWebKit/537.36 (KHTML, like Gecko) Chrome/88.0.4324.175 Mobile Safari/537.36 (compatible; Googlebot/2.1; +http://www.google.com/bot.html)" www.mylavarapu.net 192.185.35.30
66.249.65.193 - - [21/Feb/2021:10:48:57 -0600] "GET /wp-content/themes/wp-opulus/js/jquery.jscrollpane.min.js?ver=2.0 HTTP/1.1" 200 5998 "https://www.mylavarapu.net/" "Mozilla/5.0 (Linux; Android 6.0.1; Nexus 5X Build/MMB29P) AppleWebKit/537.36 (KHTML, like Gecko) Chrome/88.0.4324.175 Mobile Safari/537.36 (compatible; Googlebot/2.1; +http://www.google.com/bot.html)" www.mylavarapu.net 192.185.35.30
66.249.65.193 - - [21/Feb/2021:10:48:57 -0600] "GET /wp-content/plugins/sticky-header/js/public.min.js?ver=1.0.0 HTTP/1.1" 200 221 "https://www.mylavarapu.net/" "Mozilla/5.0 (Linux; Android 6.0.1; Nexus 5X Build/MMB29P) AppleWebKit/537.36 (KHTML, like Gecko) Chrome/88.0.4324.175 Mobile Safari/537.36 (compatible; Googlebot/2.1; +http://www.google.com/bot.html)" www.mylavarapu.net 192.185.35.30
66.249.65.195 - - [21/Feb/2021:10:48:58 -0600] "GET /wp-content/themes/wp-opulus/js/jquery.bootstrap.min.js?ver=2.2.2 HTTP/1.1" 200 11373 "https://www.mylavarapu.net/" "Mozilla/5.0 (Linux; Android 6.0.1; Nexus 5X Build/MMB29P) AppleWebKit/537.36 (KHTML, like Gecko) Chrome/88.0.4324.175 Mobile Safari/537.36 (compatible; Googlebot/2.1; +http://www.google.com/bot.html)" www.mylavarapu.net 192.185.35.30
66.249.65.193 - - [21/Feb/2021:10:48:58 -0600] "GET /wp-content/plugins/jetpack/_inc/build/carousel/jetpack-carousel.min.js?ver=9.4 HTTP/1.1" 200 10471 "https://www.mylavarapu.net/" "Mozilla/5.0 (Linux; Android 6.0.1; Nexus 5X Build/MMB29P) AppleWebKit/537.36 (KHTML, like Gecko) Chrome/88.0.4324.175 Mobile Safari/537.36 (compatible; Googlebot/2.1; +http://www.google.com/bot.html)" www.mylavarapu.net 192.185.35.30
66.249.65.193 - - [21/Feb/2021:10:48:59 -0600] "GET /wp-content/plugins/jetpack/_inc/build/sharedaddy/sharing.min.js?ver=9.4 HTTP/1.1" 200 4564 "https://www.mylavarapu.net/" "Mozilla/5.0 (Linux; Android 6.0.1; Nexus 5X Build/MMB29P) AppleWebKit/537.36 (KHTML, like Gecko) Chrome/88.0.4324.175 Mobile Safari/537.36 (compatible; Googlebot/2.1; +http://www.google.com/bot.html)" www.mylavarapu.net 192.185.35.30
192.185.35.30 - - [21/Feb/2021:11:20:23 -0600] "POST /wp-cron.php?doing_wp_cron=1613928023.6455469131469726562500 HTTP/1.1" 200 - "https://www.mylavarapu.net/wp-cron.php?doing_wp_cron=1613928023.6455469131469726562500" "WordPress/5.6.1; https://www.mylavarapu.net" www.mylavarapu.net 192.185.35.30
92.118.160.37 - - [21/Feb/2021:11:20:21 -0600] "GET / HTTP/1.1" 200 60270 "http://192.185.35.30:80/" "Go http package" www.mylavarapu.net 192.185.35.30
3.84.46.161 - - [21/Feb/2021:11:52:17 -0600] "HEAD / HTTP/1.1" 301 - "-" "scalaj-http/2.4.2" mylavarapu.net 192.185.35.30
192.185.35.30 - - [21/Feb/2021:11:52:20 -0600] "POST /wp-cron.php?doing_wp_cron=1613929940.1621279716491699218750 HTTP/1.1" 200 - "https://www.mylavarapu.net/wp-cron.php?doing_wp_cron=1613929940.1621279716491699218750" "WordPress/5.6.1; https://www.mylavarapu.net" www.mylavarapu.net 192.185.35.30
3.84.46.161 - - [21/Feb/2021:11:52:21 -0600] "GET / HTTP/1.1" 301 - "-" "Buck/2.2; (+https://app.hypefactors.com/media-monitoring/about.html)" mylavarapu.net 192.185.35.30
3.84.46.161 - - [21/Feb/2021:11:52:23 -0600] "GET / HTTP/1.1" 200 19585 "-" "Buck/2.2; (+https://app.hypefactors.com/media-monitoring/about.html)" www.mylavarapu.net 192.185.35.30
3.84.46.161 - - [21/Feb/2021:11:52:24 -0600] "GET /robots.txt HTTP/1.1" 200 186 "-" "Buck/2.2; (+https://app.hypefactors.com/media-monitoring/about.html)" www.mylavarapu.net 192.185.35.30
192.185.35.30 - - [21/Feb/2021:11:52:25 -0600] "POST /wp-cron.php?doing_wp_cron=1613929945.9624888896942138671875 HTTP/1.1" 200 - "https://www.mylavarapu.net/wp-cron.php?doing_wp_cron=1613929945.9624888896942138671875" "WordPress/5.6.1; https://www.mylavarapu.net" www.mylavarapu.net 192.185.35.30
3.84.46.161 - - [21/Feb/2021:11:53:00 -0600] "GET /feed/ HTTP/1.1" 200 3085 "-" "Buck/2.2; (+https://app.hypefactors.com/media-monitoring/about.html)" www.mylavarapu.net 192.185.35.30
192.185.35.30 - - [21/Feb/2021:11:53:26 -0600] "POST /wp-cron.php?doing_wp_cron=1613930006.0681378841400146484375 HTTP/1.1" 200 - "https://www.mylavarapu.net/wp-cron.php?doing_wp_cron=1613930006.0681378841400146484375" "WordPress/5.6.1; https://www.mylavarapu.net" www.mylavarapu.net 192.185.35.30
3.84.46.161 - - [21/Feb/2021:11:53:24 -0600] "GET /2014/02/ HTTP/1.1" 200 11339 "-" "Buck/2.2; (+https://app.hypefactors.com/media-monitoring/about.html)" www.mylavarapu.net 192.185.35.30
13.66.139.27 - - [21/Feb/2021:12:06:47 -0600] "GET /wp-content/uploads/2013/12/Nanna_Lalita_TeluguOne-370x191.jpg HTTP/1.1" 200 27009 "-" "Mozilla/5.0 (compatible; bingbot/2.0; +http://www.bing.com/bingbot.htm)" www.mylavarapu.net 192.185.35.30
192.185.35.30 - - [21/Feb/2021:12:15:55 -0600] "POST /wp-cron.php?doing_wp_cron=1613931355.8216469287872314453125 HTTP/1.1" 200 - "https://www.mylavarapu.net/wp-cron.php?doing_wp_cron=1613931355.8216469287872314453125" "WordPress/5.6.1; https://www.mylavarapu.net" www.mylavarapu.net 192.185.35.30
34.217.111.136 - - [21/Feb/2021:12:15:51 -0600] "GET /?plugin=all-in-one-event-calendar&controller=ai1ec_exporter_controller&action=export_events HTTP/1.1" 200 402 "-" "Mozilla/5.0 (Windows; U; Windows NT 6.0; en-US; rv:1.9.1.2) Gecko/20090729 Firefox/3.5.2 (.NET CLR 3.5.30729)" www.mylavarapu.net 192.185.35.30
34.217.111.136 - - [21/Feb/2021:12:16:38 -0600] "GET /?plugin=all-in-one-event-calendar&controller=ai1ec_exporter_controller&action=export_events HTTP/1.1" 200 402 "-" "Mozilla/5.0 (Windows; U; Windows NT 6.0; en-US; rv:1.9.1.2) Gecko/20090729 Firefox/3.5.2 (.NET CLR 3.5.30729)" www.mylavarapu.net 192.185.35.30
192.185.35.30 - - [21/Feb/2021:12:16:40 -0600] "POST /wp-cron.php?doing_wp_cron=1613931400.0638439655303955078125 HTTP/1.1" 200 - "https://www.mylavarapu.net/wp-cron.php?doing_wp_cron=1613931400.0638439655303955078125" "WordPress/5.6.1; https://www.mylavarapu.net" www.mylavarapu.net 192.185.35.30
13.66.139.145 - - [21/Feb/2021:12:32:27 -0600] "GET /wp-content/uploads/2014/02/Audio_File.jpg HTTP/1.1" 200 34409 "-" "Mozilla/5.0 (compatible; bingbot/2.0; +http://www.bing.com/bingbot.htm)" www.mylavarapu.net 192.185.35.30
192.185.35.30 - - [21/Feb/2021:12:34:57 -0600] "POST /wp-cron.php?doing_wp_cron=1613932497.3884871006011962890625 HTTP/1.1" 200 - "https://www.mylavarapu.net/wp-cron.php?doing_wp_cron=1613932497.3884871006011962890625" "WordPress/5.6.1; https://www.mylavarapu.net" www.mylavarapu.net 192.185.35.30
54.208.201.249 - - [21/Feb/2021:12:34:54 -0600] "GET / HTTP/1.1" 200 60126 "-" "Who.is Bot" www.mylavarapu.net 192.185.35.30
192.185.35.30 - - [21/Feb/2021:13:15:50 -0600] "POST /wp-cron.php?doing_wp_cron=1613934950.0187060832977294921875 HTTP/1.1" 200 - "https://www.mylavarapu.net/wp-cron.php?doing_wp_cron=1613934950.0187060832977294921875" "WordPress/5.6.1; https://www.mylavarapu.net" www.mylavarapu.net 192.185.35.30
163.172.22.87 - - [21/Feb/2021:13:15:43 -0600] "GET /lalita-sahasranamam-by-mylavarapu-srinivasa-rao/ HTTP/2.0" 200 23059 "-" "Mozilla/5.0 (Windows NT 10.0; Win64; x64) AppleWebKit/537.36 (KHTML, like Gecko) Chrome/86.0.4240.193 Safari/537.36" www.mylavarapu.net 192.185.35.30
192.185.35.30 - - [21/Feb/2021:13:26:48 -0600] "POST /wp-cron.php?doing_wp_cron=1613935608.8882269859313964843750 HTTP/1.1" 200 - "https://www.mylavarapu.net/wp-cron.php?doing_wp_cron=1613935608.8882269859313964843750" "WordPress/5.6.1; https://www.mylavarapu.net" www.mylavarapu.net 192.185.35.30
54.216.213.112 - - [21/Feb/2021:13:26:47 -0600] "GET /.git/HEAD HTTP/2.0" 404 27339 "-" "curl/7.61.1" www.mylavarapu.net 192.185.35.30
13.66.139.145 - - [21/Feb/2021:13:30:53 -0600] "GET /lalita-sahasranamam-by-mylavarapu-srinivasa-rao/ HTTP/1.1" 200 23059 "-" "Mozilla/5.0 (compatible; bingbot/2.0; +http://www.bing.com/bingbot.htm)" www.mylavarapu.net 192.185.35.30
13.66.139.27 - - [21/Feb/2021:13:43:17 -0600] "GET /wp-content/uploads/2013/12/Bhakti_TV-e1387195613743.jpg HTTP/1.1" 200 130571 "-" "Mozilla/5.0 (compatible; bingbot/2.0; +http://www.bing.com/bingbot.htm)" www.mylavarapu.net 192.185.35.30
192.185.35.30 - - [21/Feb/2021:13:43:25 -0600] "POST /wp-cron.php?doing_wp_cron=1613936605.3210530281066894531250 HTTP/1.1" 200 - "https://www.mylavarapu.net/wp-cron.php?doing_wp_cron=1613936605.3210530281066894531250" "WordPress/5.6.1; https://www.mylavarapu.net" www.mylavarapu.net 192.185.35.30
157.55.39.86 - - [21/Feb/2021:13:43:22 -0600] "GET /store/?_escaped_fragment_=/Individual-books/c/7118730 HTTP/1.1" 503 10649 "-" "Mozilla/5.0 (compatible; bingbot/2.0; +http://www.bing.com/bingbot.htm)" www.mylavarapu.net 192.185.35.30
192.185.35.30 - - [21/Feb/2021:14:05:04 -0600] "POST /wp-cron.php?doing_wp_cron=1613937904.6298019886016845703125 HTTP/1.1" 200 - "https://www.mylavarapu.net/wp-cron.php?doing_wp_cron=1613937904.6298019886016845703125" "WordPress/5.6.1; https://www.mylavarapu.net" www.mylavarapu.net 192.185.35.30
99.243.130.8 - - [21/Feb/2021:14:05:02 -0600] "GET /wp-admin/ HTTP/2.0" 302 - "-" "Mozilla/5.0 (Windows NT 10.0; Win64; x64; rv:85.0) Gecko/20100101 Firefox/85.0" www.mylavarapu.net 192.185.35.30
99.243.130.8 - - [21/Feb/2021:14:05:06 -0600] "GET /wp-login.php?redirect_to=https%3A%2F%2Fwww.mylavarapu.net%2Fwp-admin%2F&reauth=1 HTTP/2.0" 200 3239 "-" "Mozilla/5.0 (Windows NT 10.0; Win64; x64; rv:85.0) Gecko/20100101 Firefox/85.0" www.mylavarapu.net 192.185.35.30
99.243.130.8 - - [21/Feb/2021:14:05:09 -0600] "GET /wp-content/plugins/jetpack/modules/sso/jetpack-sso-login.js?ver=9.4 HTTP/2.0" 200 679 "https://www.mylavarapu.net/wp-login.php?redirect_to=https%3A%2F%2Fwww.mylavarapu.net%2Fwp-admin%2F&reauth=1" "Mozilla/5.0 (Windows NT 10.0; Win64; x64; rv:85.0) Gecko/20100101 Firefox/85.0" www.mylavarapu.net 192.185.35.30
99.243.130.8 - - [21/Feb/2021:14:05:09 -0600] "GET /wp-includes/css/buttons.min.css?ver=5.6.1 HTTP/2.0" 200 1725 "https://www.mylavarapu.net/wp-login.php?redirect_to=https%3A%2F%2Fwww.mylavarapu.net%2Fwp-admin%2F&reauth=1" "Mozilla/5.0 (Windows NT 10.0; Win64; x64; rv:85.0) Gecko/20100101 Firefox/85.0" www.mylavarapu.net 192.185.35.30
99.243.130.8 - - [21/Feb/2021:14:05:09 -0600] "GET /wp-includes/css/dashicons.min.css?ver=5.6.1 HTTP/2.0" 200 35619 "https://www.mylavarapu.net/wp-login.php?redirect_to=https%3A%2F%2Fwww.mylavarapu.net%2Fwp-admin%2F&reauth=1" "Mozilla/5.0 (Windows NT 10.0; Win64; x64; rv:85.0) Gecko/20100101 Firefox/85.0" www.mylavarapu.net 192.185.35.30
99.243.130.8 - - [21/Feb/2021:14:05:09 -0600] "GET /google_analytics_auto.js HTTP/2.0" 200 299 "https://www.mylavarapu.net/wp-login.php?redirect_to=https%3A%2F%2Fwww.mylavarapu.net%2Fwp-admin%2F&reauth=1" "Mozilla/5.0 (Windows NT 10.0; Win64; x64; rv:85.0) Gecko/20100101 Firefox/85.0" www.mylavarapu.net 192.185.35.30
99.243.130.8 - - [21/Feb/2021:14:05:09 -0600] "GET /wp-content/plugins/jetpack/_inc/genericons/genericons/genericons.css?ver=3.1 HTTP/2.0" 200 16302 "https://www.mylavarapu.net/wp-login.php?redirect_to=https%3A%2F%2Fwww.mylavarapu.net%2Fwp-admin%2F&reauth=1" "Mozilla/5.0 (Windows NT 10.0; Win64; x64; rv:85.0) Gecko/20100101 Firefox/85.0" www.mylavarapu.net 192.185.35.30
99.243.130.8 - - [21/Feb/2021:14:05:09 -0600] "GET /wp-content/plugins/jetpack/modules/sso/jetpack-sso-login.css?ver=9.4 HTTP/2.0" 200 847 "https://www.mylavarapu.net/wp-login.php?redirect_to=https%3A%2F%2Fwww.mylavarapu.net%2Fwp-admin%2F&reauth=1" "Mozilla/5.0 (Windows NT 10.0; Win64; x64; rv:85.0) Gecko/20100101 Firefox/85.0" www.mylavarapu.net 192.185.35.30
99.243.130.8 - - [21/Feb/2021:14:05:09 -0600] "GET /wp-includes/js/zxcvbn-async.min.js?ver=1.0 HTTP/2.0" 200 256 "https://www.mylavarapu.net/wp-login.php?redirect_to=https%3A%2F%2Fwww.mylavarapu.net%2Fwp-admin%2F&reauth=1" "Mozilla/5.0 (Windows NT 10.0; Win64; x64; rv:85.0) Gecko/20100101 Firefox/85.0" www.mylavarapu.net 192.185.35.30
99.243.130.8 - - [21/Feb/2021:14:05:09 -0600] "GET /wp-includes/js/jquery/jquery-migrate.min.js?ver=3.3.2 HTTP/2.0" 304 - "https://www.mylavarapu.net/wp-login.php?redirect_to=https%3A%2F%2Fwww.mylavarapu.net%2Fwp-admin%2F&reauth=1" "Mozilla/5.0 (Windows NT 10.0; Win64; x64; rv:85.0) Gecko/20100101 Firefox/85.0" www.mylavarapu.net 192.185.35.30
99.243.130.8 - - [21/Feb/2021:14:05:09 -0600] "GET /wp-includes/js/jquery/jquery.min.js?ver=3.5.1 HTTP/2.0" 304 - "https://www.mylavarapu.net/wp-login.php?redirect_to=https%3A%2F%2Fwww.mylavarapu.net%2Fwp-admin%2F&reauth=1" "Mozilla/5.0 (Windows NT 10.0; Win64; x64; rv:85.0) Gecko/20100101 Firefox/85.0" www.mylavarapu.net 192.185.35.30
192.185.35.30 - - [21/Feb/2021:14:05:08 -0600] "POST /wp-cron.php?doing_wp_cron=1613937908.4230980873107910156250 HTTP/1.1" 200 - "https://www.mylavarapu.net/wp-cron.php?doing_wp_cron=1613937908.4230980873107910156250" "WordPress/5.6.1; https://www.mylavarapu.net" www.mylavarapu.net 192.185.35.30
99.243.130.8 - - [21/Feb/2021:14:05:09 -0600] "GET /wp-content/plugins/jetpack/css/jetpack.css?ver=9.4 HTTP/2.0" 200 20639 "https://www.mylavarapu.net/wp-login.php?redirect_to=https%3A%2F%2Fwww.mylavarapu.net%2Fwp-admin%2F&reauth=1" "Mozilla/5.0 (Windows NT 10.0; Win64; x64; rv:85.0) Gecko/20100101 Firefox/85.0" www.mylavarapu.net 192.185.35.30
99.243.130.8 - - [21/Feb/2021:14:05:09 -0600] "GET /wp-admin/css/l10n.min.css?ver=5.6.1 HTTP/2.0" 200 705 "https://www.mylavarapu.net/wp-login.php?redirect_to=https%3A%2F%2Fwww.mylavarapu.net%2Fwp-admin%2F&reauth=1" "Mozilla/5.0 (Windows NT 10.0; Win64; x64; rv:85.0) Gecko/20100101 Firefox/85.0" www.mylavarapu.net 192.185.35.30
99.243.130.8 - - [21/Feb/2021:14:05:09 -0600] "GET /wp-admin/css/login.min.css?ver=5.6.1 HTTP/2.0" 200 2175 "https://www.mylavarapu.net/wp-login.php?redirect_to=https%3A%2F%2Fwww.mylavarapu.net%2Fwp-admin%2F&reauth=1" "Mozilla/5.0 (Windows NT 10.0; Win64; x64; rv:85.0) Gecko/20100101 Firefox/85.0" www.mylavarapu.net 192.185.35.30
99.243.130.8 - - [21/Feb/2021:14:05:09 -0600] "GET /wp-admin/css/forms.min.css?ver=5.6.1 HTTP/2.0" 200 8429 "https://www.mylavarapu.net/wp-login.php?redirect_to=https%3A%2F%2Fwww.mylavarapu.net%2Fwp-admin%2F&reauth=1" "Mozilla/5.0 (Windows NT 10.0; Win64; x64; rv:85.0) Gecko/20100101 Firefox/85.0" www.mylavarapu.net 192.185.35.30
99.243.130.8 - - [21/Feb/2021:14:05:09 -0600] "GET /wp-content/plugins/all-in-one-event-calendar/cache/98c45cf6_ai1ec_parsed_css.css?ver=2.6.8 HTTP/2.0" 200 90014 "https://www.mylavarapu.net/wp-login.php?redirect_to=https%3A%2F%2Fwww.mylavarapu.net%2Fwp-admin%2F&reauth=1" "Mozilla/5.0 (Windows NT 10.0; Win64; x64; rv:85.0) Gecko/20100101 Firefox/85.0" www.mylavarapu.net 192.185.35.30
99.243.130.8 - - [21/Feb/2021:14:05:10 -0600] "GET /wp-includes/js/underscore.min.js?ver=1.8.3 HTTP/2.0" 304 - "https://www.mylavarapu.net/wp-login.php?redirect_to=https%3A%2F%2Fwww.mylavarapu.net%2Fwp-admin%2F&reauth=1" "Mozilla/5.0 (Windows NT 10.0; Win64; x64; rv:85.0) Gecko/20100101 Firefox/85.0" www.mylavarapu.net 192.185.35.30
99.243.130.8 - - [21/Feb/2021:14:05:10 -0600] "GET /wp-includes/js/wp-util.min.js?ver=5.6.1 HTTP/2.0" 304 - "https://www.mylavarapu.net/wp-login.php?redirect_to=https%3A%2F%2Fwww.mylavarapu.net%2Fwp-admin%2F&reauth=1" "Mozilla/5.0 (Windows NT 10.0; Win64; x64; rv:85.0) Gecko/20100101 Firefox/85.0" www.mylavarapu.net 192.185.35.30
99.243.130.8 - - [21/Feb/2021:14:05:10 -0600] "GET /wp-admin/js/password-strength-meter.min.js?ver=5.6.1 HTTP/2.0" 200 625 "https://www.mylavarapu.net/wp-login.php?redirect_to=https%3A%2F%2Fwww.mylavarapu.net%2Fwp-admin%2F&reauth=1" "Mozilla/5.0 (Windows NT 10.0; Win64; x64; rv:85.0) Gecko/20100101 Firefox/85.0" www.mylavarapu.net 192.185.35.30
99.243.130.8 - - [21/Feb/2021:14:05:10 -0600] "GET /wp-admin/js/user-profile.min.js?ver=5.6.1 HTTP/2.0" 200 2270 "https://www.mylavarapu.net/wp-login.php?redirect_to=https%3A%2F%2Fwww.mylavarapu.net%2Fwp-admin%2F&reauth=1" "Mozilla/5.0 (Windows NT 10.0; Win64; x64; rv:85.0) Gecko/20100101 Firefox/85.0" www.mylavarapu.net 192.185.35.30
99.243.130.8 - - [21/Feb/2021:14:05:10 -0600] "GET /wp-includes/js/dist/i18n.min.js?ver=ac389435e7fd4ded01cf603f3aaba6a6 HTTP/2.0" 304 - "https://www.mylavarapu.net/wp-login.php?redirect_to=https%3A%2F%2Fwww.mylavarapu.net%2Fwp-admin%2F&reauth=1" "Mozilla/5.0 (Windows NT 10.0; Win64; x64; rv:85.0) Gecko/20100101 Firefox/85.0" www.mylavarapu.net 192.185.35.30
99.243.130.8 - - [21/Feb/2021:14:05:10 -0600] "GET /wp-admin/images/wordpress-logo.svg?ver=20131107 HTTP/2.0" 200 1521 "https://www.mylavarapu.net/wp-admin/css/login.min.css?ver=5.6.1" "Mozilla/5.0 (Windows NT 10.0; Win64; x64; rv:85.0) Gecko/20100101 Firefox/85.0" www.mylavarapu.net 192.185.35.30
99.243.130.8 - - [21/Feb/2021:14:05:10 -0600] "GET /wp-includes/js/zxcvbn.min.js HTTP/2.0" 200 437142 "https://www.mylavarapu.net/wp-login.php?redirect_to=https%3A%2F%2Fwww.mylavarapu.net%2Fwp-admin%2F&reauth=1" "Mozilla/5.0 (Windows NT 10.0; Win64; x64; rv:85.0) Gecko/20100101 Firefox/85.0" www.mylavarapu.net 192.185.35.30
99.243.130.8 - - [21/Feb/2021:14:05:10 -0600] "GET /favicon.ico HTTP/2.0" 302 - "https://www.mylavarapu.net/wp-login.php?redirect_to=https%3A%2F%2Fwww.mylavarapu.net%2Fwp-admin%2F&reauth=1" "Mozilla/5.0 (Windows NT 10.0; Win64; x64; rv:85.0) Gecko/20100101 Firefox/85.0" www.mylavarapu.net 192.185.35.30
192.185.35.30 - - [21/Feb/2021:14:05:11 -0600] "POST /wp-cron.php?doing_wp_cron=1613937911.7746810913085937500000 HTTP/1.1" 200 - "https://www.mylavarapu.net/wp-cron.php?doing_wp_cron=1613937911.7746810913085937500000" "WordPress/5.6.1; https://www.mylavarapu.net" www.mylavarapu.net 192.185.35.30
99.243.130.8 - - [21/Feb/2021:14:05:13 -0600] "POST /wp-login.php HTTP/2.0" 302 - "https://www.mylavarapu.net/wp-login.php?redirect_to=https%3A%2F%2Fwww.mylavarapu.net%2Fwp-admin%2F&reauth=1" "Mozilla/5.0 (Windows NT 10.0; Win64; x64; rv:85.0) Gecko/20100101 Firefox/85.0" www.mylavarapu.net 192.185.35.30
192.185.35.30 - - [21/Feb/2021:14:05:15 -0600] "POST /wp-cron.php?doing_wp_cron=1613937915.4049301147460937500000 HTTP/1.1" 200 - "https://www.mylavarapu.net/wp-cron.php?doing_wp_cron=1613937915.4049301147460937500000" "WordPress/5.6.1; https://www.mylavarapu.net" www.mylavarapu.net 192.185.35.30
192.185.35.30 - - [21/Feb/2021:14:05:18 -0600] "POST /wp-cron.php?doing_wp_cron=1613937918.3084409236907958984375 HTTP/1.1" 200 - "https://www.mylavarapu.net/wp-cron.php?doing_wp_cron=1613937918.3084409236907958984375" "WordPress/5.6.1; https://www.mylavarapu.net" www.mylavarapu.net 192.185.35.30
99.243.130.8 - - [21/Feb/2021:14:05:16 -0600] "GET /wp-admin/ HTTP/2.0" 200 46681 "https://www.mylavarapu.net/wp-login.php?redirect_to=https%3A%2F%2Fwww.mylavarapu.net%2Fwp-admin%2F&reauth=1" "Mozilla/5.0 (Windows NT 10.0; Win64; x64; rv:85.0) Gecko/20100101 Firefox/85.0" www.mylavarapu.net 192.185.35.30
99.243.130.8 - - [21/Feb/2021:14:05:22 -0600] "GET /wp-content/plugins/ecwid-shopping-cart//css/dashboard-blog.css?ver=6.10.9 HTTP/2.0" 200 426 "https://www.mylavarapu.net/wp-admin/" "Mozilla/5.0 (Windows NT 10.0; Win64; x64; rv:85.0) Gecko/20100101 Firefox/85.0" www.mylavarapu.net 192.185.35.30
99.243.130.8 - - [21/Feb/2021:14:05:22 -0600] "GET /wp-content/plugins/jetpack/css/dashboard-widget.css?ver=9.4 HTTP/2.0" 200 2279 "https://www.mylavarapu.net/wp-admin/" "Mozilla/5.0 (Windows NT 10.0; Win64; x64; rv:85.0) Gecko/20100101 Firefox/85.0" www.mylavarapu.net 192.185.35.30
99.243.130.8 - - [21/Feb/2021:14:05:22 -0600] "GET /wp-includes/js/thickbox/thickbox.css?ver=5.6.1 HTTP/2.0" 200 1044 "https://www.mylavarapu.net/wp-admin/" "Mozilla/5.0 (Windows NT 10.0; Win64; x64; rv:85.0) Gecko/20100101 Firefox/85.0" www.mylavarapu.net 192.185.35.30
99.243.130.8 - - [21/Feb/2021:14:05:22 -0600] "GET /wp-content/plugins/ecwid-shopping-cart/css/admin.css?ver=6.10.9 HTTP/2.0" 200 4692 "https://www.mylavarapu.net/wp-admin/" "Mozilla/5.0 (Windows NT 10.0; Win64; x64; rv:85.0) Gecko/20100101 Firefox/85.0" www.mylavarapu.net 192.185.35.30
99.243.130.8 - - [21/Feb/2021:14:05:22 -0600] "GET /wp-content/plugins/ecwid-shopping-cart/css/fonts.css?ver=6.10.9 HTTP/2.0" 200 468 "https://www.mylavarapu.net/wp-admin/" "Mozilla/5.0 (Windows NT 10.0; Win64; x64; rv:85.0) Gecko/20100101 Firefox/85.0" www.mylavarapu.net 192.185.35.30
99.243.130.8 - - [21/Feb/2021:14:05:22 -0600] "GET /wp-content/plugins/ecwid-shopping-cart/css/sync.css?ver=1611538421 HTTP/2.0" 200 385 "https://www.mylavarapu.net/wp-admin/" "Mozilla/5.0 (Windows NT 10.0; Win64; x64; rv:85.0) Gecko/20100101 Firefox/85.0" www.mylavarapu.net 192.185.35.30
99.243.130.8 - - [21/Feb/2021:14:05:22 -0600] "GET /wp-content/plugins/ecwid-shopping-cart/css/importer.css?ver=5.6.1 HTTP/2.0" 200 224 "https://www.mylavarapu.net/wp-admin/" "Mozilla/5.0 (Windows NT 10.0; Win64; x64; rv:85.0) Gecko/20100101 Firefox/85.0" www.mylavarapu.net 192.185.35.30
99.243.130.8 - - [21/Feb/2021:14:05:22 -0600] "GET /wp-admin/css/colors/blue/colors.min.css?ver=5.6.1 HTTP/2.0" 200 3537 "https://www.mylavarapu.net/wp-admin/" "Mozilla/5.0 (Windows NT 10.0; Win64; x64; rv:85.0) Gecko/20100101 Firefox/85.0" www.mylavarapu.net 192.185.35.30
99.243.130.8 - - [21/Feb/2021:14:05:22 -0600] "GET /wp-content/plugins/ecwid-shopping-cart/js/admin.js?ver=6.10.9 HTTP/2.0" 304 - "https://www.mylavarapu.net/wp-admin/" "Mozilla/5.0 (Windows NT 10.0; Win64; x64; rv:85.0) Gecko/20100101 Firefox/85.0" www.mylavarapu.net 192.185.35.30
99.243.130.8 - - [21/Feb/2021:14:05:22 -0600] "GET /wp-includes/css/editor.min.css?ver=5.6.1 HTTP/2.0" 200 8503 "https://www.mylavarapu.net/wp-admin/" "Mozilla/5.0 (Windows NT 10.0; Win64; x64; rv:85.0) Gecko/20100101 Firefox/85.0" www.mylavarapu.net 192.185.35.30
99.243.130.8 - - [21/Feb/2021:14:05:22 -0600] "GET /wp-includes/js/jquery/ui/core.min.js?ver=1.12.1 HTTP/2.0" 304 - "https://www.mylavarapu.net/wp-admin/" "Mozilla/5.0 (Windows NT 10.0; Win64; x64; rv:85.0) Gecko/20100101 Firefox/85.0" www.mylavarapu.net 192.185.35.30
99.243.130.8 - - [21/Feb/2021:14:05:22 -0600] "GET /wp-content/plugins/ecwid-shopping-cart/js/modernizr.js?ver=6.10.9 HTTP/2.0" 304 - "https://www.mylavarapu.net/wp-admin/" "Mozilla/5.0 (Windows NT 10.0; Win64; x64; rv:85.0) Gecko/20100101 Firefox/85.0" www.mylavarapu.net 192.185.35.30
99.243.130.8 - - [21/Feb/2021:14:05:22 -0600] "GET /wp-content/plugins/wordpress-seo/css/dist/adminbar-1580.css HTTP/2.0" 200 1440 "https://www.mylavarapu.net/wp-admin/" "Mozilla/5.0 (Windows NT 10.0; Win64; x64; rv:85.0) Gecko/20100101 Firefox/85.0" www.mylavarapu.net 192.185.35.30
99.243.130.8 - - [21/Feb/2021:14:05:22 -0600] "GET /wp-content/plugins/ecwid-shopping-cart/js/admin-menu.js?ver=6.10.9 HTTP/2.0" 304 - "https://www.mylavarapu.net/wp-admin/" "Mozilla/5.0 (Windows NT 10.0; Win64; x64; rv:85.0) Gecko/20100101 Firefox/85.0" www.mylavarapu.net 192.185.35.30
99.243.130.8 - - [21/Feb/2021:14:05:22 -0600] "GET /wp-content/plugins/wordpress-seo/js/dist/commons-1580.js HTTP/2.0" 304 - "https://www.mylavarapu.net/wp-admin/" "Mozilla/5.0 (Windows NT 10.0; Win64; x64; rv:85.0) Gecko/20100101 Firefox/85.0" www.mylavarapu.net 192.185.35.30
99.243.130.8 - - [21/Feb/2021:14:05:22 -0600] "GET /wp-content/plugins/better-wp-security/lib/icon-fonts/icon-fonts.css?ver=5.6.1 HTTP/2.0" 200 614 "https://www.mylavarapu.net/wp-admin/" "Mozilla/5.0 (Windows NT 10.0; Win64; x64; rv:85.0) Gecko/20100101 Firefox/85.0" www.mylavarapu.net 192.185.35.30
99.243.130.8 - - [21/Feb/2021:14:05:22 -0600] "GET /wp-content/plugins/wordpress-seo/js/dist/admin-global-1580.js HTTP/2.0" 304 - "https://www.mylavarapu.net/wp-admin/" "Mozilla/5.0 (Windows NT 10.0; Win64; x64; rv:85.0) Gecko/20100101 Firefox/85.0" www.mylavarapu.net 192.185.35.30
99.243.130.8 - - [21/Feb/2021:14:05:22 -0600] "GET /wp-includes/js/utils.min.js?ver=5.6.1 HTTP/2.0" 304 - "https://www.mylavarapu.net/wp-admin/" "Mozilla/5.0 (Windows NT 10.0; Win64; x64; rv:85.0) Gecko/20100101 Firefox/85.0" www.mylavarapu.net 192.185.35.30
99.243.130.8 - - [21/Feb/2021:14:05:22 -0600] "GET /wp-content/plugins/elementor/assets/lib/eicons/css/elementor-icons.min.css?ver=5.10.0 HTTP/2.0" 200 3603 "https://www.mylavarapu.net/wp-admin/" "Mozilla/5.0 (Windows NT 10.0; Win64; x64; rv:85.0) Gecko/20100101 Firefox/85.0" www.mylavarapu.net 192.185.35.30
99.243.130.8 - - [21/Feb/2021:14:05:22 -0600] "GET /wp-admin/js/postbox.min.js?ver=5.6.1 HTTP/2.0" 304 - "https://www.mylavarapu.net/wp-admin/" "Mozilla/5.0 (Windows NT 10.0; Win64; x64; rv:85.0) Gecko/20100101 Firefox/85.0" www.mylavarapu.net 192.185.35.30
99.243.130.8 - - [21/Feb/2021:14:05:22 -0600] "GET /wp-includes/js/hoverIntent.min.js?ver=1.8.1 HTTP/2.0" 304 - "https://www.mylavarapu.net/wp-admin/" "Mozilla/5.0 (Windows NT 10.0; Win64; x64; rv:85.0) Gecko/20100101 Firefox/85.0" www.mylavarapu.net 192.185.35.30
99.243.130.8 - - [21/Feb/2021:14:05:22 -0600] "GET /wp-includes/js/shortcode.min.js?ver=5.6.1 HTTP/2.0" 304 - "https://www.mylavarapu.net/wp-admin/" "Mozilla/5.0 (Windows NT 10.0; Win64; x64; rv:85.0) Gecko/20100101 Firefox/85.0" www.mylavarapu.net 192.185.35.30
99.243.130.8 - - [21/Feb/2021:14:05:22 -0600] "GET /wp-admin/js/common.min.js?ver=5.6.1 HTTP/2.0" 304 - "https://www.mylavarapu.net/wp-admin/" "Mozilla/5.0 (Windows NT 10.0; Win64; x64; rv:85.0) Gecko/20100101 Firefox/85.0" www.mylavarapu.net 192.185.35.30
99.243.130.8 - - [21/Feb/2021:14:05:22 -0600] "GET /wp-includes/js/admin-bar.min.js?ver=5.6.1 HTTP/2.0" 304 - "https://www.mylavarapu.net/wp-admin/" "Mozilla/5.0 (Windows NT 10.0; Win64; x64; rv:85.0) Gecko/20100101 Firefox/85.0" www.mylavarapu.net 192.185.35.30
99.243.130.8 - - [21/Feb/2021:14:05:22 -0600] "GET /wp-includes/js/dist/hooks.min.js?ver=84b89ab09cbfb4469f02183611cc0939 HTTP/2.0" 304 - "https://www.mylavarapu.net/wp-admin/" "Mozilla/5.0 (Windows NT 10.0; Win64; x64; rv:85.0) Gecko/20100101 Firefox/85.0" www.mylavarapu.net 192.185.35.30
99.243.130.8 - - [21/Feb/2021:14:05:22 -0600] "GET /wp-content/plugins/wordpress-seo/css/dist/dashboard-1580.css HTTP/2.0" 200 555 "https://www.mylavarapu.net/wp-admin/" "Mozilla/5.0 (Windows NT 10.0; Win64; x64; rv:85.0) Gecko/20100101 Firefox/85.0" www.mylavarapu.net 192.185.35.30
99.243.130.8 - - [21/Feb/2021:14:05:22 -0600] "GET /wp-includes/js/api-request.min.js?ver=5.6.1 HTTP/2.0" 304 - "https://www.mylavarapu.net/wp-admin/" "Mozilla/5.0 (Windows NT 10.0; Win64; x64; rv:85.0) Gecko/20100101 Firefox/85.0" www.mylavarapu.net 192.185.35.30
99.243.130.8 - - [21/Feb/2021:14:05:22 -0600] "GET /wp-includes/js/heartbeat.min.js?ver=5.6.1 HTTP/2.0" 304 - "https://www.mylavarapu.net/wp-admin/" "Mozilla/5.0 (Windows NT 10.0; Win64; x64; rv:85.0) Gecko/20100101 Firefox/85.0" www.mylavarapu.net 192.185.35.30
99.243.130.8 - - [21/Feb/2021:14:05:22 -0600] "GET /wp-includes/js/wp-auth-check.min.js?ver=5.6.1 HTTP/2.0" 304 - "https://www.mylavarapu.net/wp-admin/" "Mozilla/5.0 (Windows NT 10.0; Win64; x64; rv:85.0) Gecko/20100101 Firefox/85.0" www.mylavarapu.net 192.185.35.30
99.243.130.8 - - [21/Feb/2021:14:05:22 -0600] "GET /wp-includes/js/wp-ajax-response.min.js?ver=5.6.1 HTTP/2.0" 304 - "https://www.mylavarapu.net/wp-admin/" "Mozilla/5.0 (Windows NT 10.0; Win64; x64; rv:85.0) Gecko/20100101 Firefox/85.0" www.mylavarapu.net 192.185.35.30
99.243.130.8 - - [21/Feb/2021:14:05:22 -0600] "GET /wp-includes/js/wp-lists.min.js?ver=5.6.1 HTTP/2.0" 304 - "https://www.mylavarapu.net/wp-admin/" "Mozilla/5.0 (Windows NT 10.0; Win64; x64; rv:85.0) Gecko/20100101 Firefox/85.0" www.mylavarapu.net 192.185.35.30
99.243.130.8 - - [21/Feb/2021:14:05:22 -0600] "GET /wp-includes/js/jquery/ui/mouse.min.js?ver=1.12.1 HTTP/2.0" 304 - "https://www.mylavarapu.net/wp-admin/" "Mozilla/5.0 (Windows NT 10.0; Win64; x64; rv:85.0) Gecko/20100101 Firefox/85.0" www.mylavarapu.net 192.185.35.30
99.243.130.8 - - [21/Feb/2021:14:05:22 -0600] "GET /wp-includes/js/jquery/ui/sortable.min.js?ver=1.12.1 HTTP/2.0" 304 - "https://www.mylavarapu.net/wp-admin/" "Mozilla/5.0 (Windows NT 10.0; Win64; x64; rv:85.0) Gecko/20100101 Firefox/85.0" www.mylavarapu.net 192.185.35.30
99.243.130.8 - - [21/Feb/2021:14:05:22 -0600] "GET /wp-includes/js/dist/dom-ready.min.js?ver=aca9d46a9f06d1759d4bcd73ba659133 HTTP/2.0" 304 - "https://www.mylavarapu.net/wp-admin/" "Mozilla/5.0 (Windows NT 10.0; Win64; x64; rv:85.0) Gecko/20100101 Firefox/85.0" www.mylavarapu.net 192.185.35.30
99.243.130.8 - - [21/Feb/2021:14:05:22 -0600] "GET /wp-includes/js/dist/a11y.min.js?ver=410fc057d03809dd6a54fcc90ceca441 HTTP/2.0" 304 - "https://www.mylavarapu.net/wp-admin/" "Mozilla/5.0 (Windows NT 10.0; Win64; x64; rv:85.0) Gecko/20100101 Firefox/85.0" www.mylavarapu.net 192.185.35.30
99.243.130.8 - - [21/Feb/2021:14:05:22 -0600] "GET /wp-includes/js/wp-sanitize.min.js?ver=5.6.1 HTTP/2.0" 200 283 "https://www.mylavarapu.net/wp-admin/" "Mozilla/5.0 (Windows NT 10.0; Win64; x64; rv:85.0) Gecko/20100101 Firefox/85.0" www.mylavarapu.net 192.185.35.30
99.243.130.8 - - [21/Feb/2021:14:05:22 -0600] "GET /wp-content/plugins/ecwid-shopping-cart/js/cache-control.js?ver=6.10.9 HTTP/2.0" 304 - "https://www.mylavarapu.net/wp-admin/" "Mozilla/5.0 (Windows NT 10.0; Win64; x64; rv:85.0) Gecko/20100101 Firefox/85.0" www.mylavarapu.net 192.185.35.30
99.243.130.8 - - [21/Feb/2021:14:05:22 -0600] "GET /wp-admin/js/plugin-install.min.js?ver=5.6.1 HTTP/2.0" 200 1058 "https://www.mylavarapu.net/wp-admin/" "Mozilla/5.0 (Windows NT 10.0; Win64; x64; rv:85.0) Gecko/20100101 Firefox/85.0" www.mylavarapu.net 192.185.35.30
99.243.130.8 - - [21/Feb/2021:14:05:22 -0600] "GET /wp-content/plugins/ecwid-shopping-cart//js/dashboard-blog.js?ver=6.10.9 HTTP/2.0" 200 876 "https://www.mylavarapu.net/wp-admin/" "Mozilla/5.0 (Windows NT 10.0; Win64; x64; rv:85.0) Gecko/20100101 Firefox/85.0" www.mylavarapu.net 192.185.35.30
99.243.130.8 - - [21/Feb/2021:14:05:22 -0600] "GET /wp-content/plugins/ecwid-shopping-cart/js/importer.js?ver=5.6.1 HTTP/2.0" 304 - "https://www.mylavarapu.net/wp-admin/" "Mozilla/5.0 (Windows NT 10.0; Win64; x64; rv:85.0) Gecko/20100101 Firefox/85.0" www.mylavarapu.net 192.185.35.30
99.243.130.8 - - [21/Feb/2021:14:05:22 -0600] "GET /wp-content/plugins/wordpress-seo/css/dist/wpseo-dismissible-1580.css HTTP/2.0" 200 371 "https://www.mylavarapu.net/wp-admin/" "Mozilla/5.0 (Windows NT 10.0; Win64; x64; rv:85.0) Gecko/20100101 Firefox/85.0" www.mylavarapu.net 192.185.35.30
99.243.130.8 - - [21/Feb/2021:14:05:22 -0600] "GET /wp-includes/js/backbone.min.js?ver=1.4.0 HTTP/2.0" 304 - "https://www.mylavarapu.net/wp-admin/" "Mozilla/5.0 (Windows NT 10.0; Win64; x64; rv:85.0) Gecko/20100101 Firefox/85.0" www.mylavarapu.net 192.185.35.30
99.243.130.8 - - [21/Feb/2021:14:05:22 -0600] "GET /wp-content/plugins/jetpack/css/jetpack-icons.min.css?ver=9.4 HTTP/2.0" 200 378 "https://www.mylavarapu.net/wp-admin/" "Mozilla/5.0 (Windows NT 10.0; Win64; x64; rv:85.0) Gecko/20100101 Firefox/85.0" www.mylavarapu.net 192.185.35.30
99.243.130.8 - - [21/Feb/2021:14:05:22 -0600] "GET /wp-content/themes/wp-opulus/css/admin.css?ver=1.0 HTTP/2.0" 200 949 "https://www.mylavarapu.net/wp-admin/" "Mozilla/5.0 (Windows NT 10.0; Win64; x64; rv:85.0) Gecko/20100101 Firefox/85.0" www.mylavarapu.net 192.185.35.30
99.243.130.8 - - [21/Feb/2021:14:05:22 -0600] "GET /wp-content/plugins/ecwid-shopping-cart/css/store-popup.css?ver=1611538421 HTTP/2.0" 200 2510 "https://www.mylavarapu.net/wp-admin/" "Mozilla/5.0 (Windows NT 10.0; Win64; x64; rv:85.0) Gecko/20100101 Firefox/85.0" www.mylavarapu.net 192.185.35.30
99.243.130.8 - - [21/Feb/2021:14:05:22 -0600] "GET /wp-content/plugins/elementor/assets/css/common.min.css?ver=3.1.1 HTTP/2.0" 200 3453 "https://www.mylavarapu.net/wp-admin/" "Mozilla/5.0 (Windows NT 10.0; Win64; x64; rv:85.0) Gecko/20100101 Firefox/85.0" www.mylavarapu.net 192.185.35.30
