99.243.130.8 - - [21/Feb/2021:14:05:22 -0600] "GET /wp-content/plugins/wordpress-seo/js/dist/api-client-1580.js HTTP/2.0" 200 367 "https://www.mylavarapu.net/wp-admin/" "Mozilla/5.0 (Windows NT 10.0; Win64; x64; rv:85.0) Gecko/20100101 Firefox/85.0" www.mylavarapu.net 192.185.35.30
99.243.130.8 - - [21/Feb/2021:14:05:22 -0600] "GET /wp-content/plugins/akismet/_inc/akismet.css?ver=4.1.8 HTTP/2.0" 200 3968 "https://www.mylavarapu.net/wp-admin/" "Mozilla/5.0 (Windows NT 10.0; Win64; x64; rv:85.0) Gecko/20100101 Firefox/85.0" www.mylavarapu.net 192.185.35.30
99.243.130.8 - - [21/Feb/2021:14:05:22 -0600] "GET /wp-content/plugins/jetpack/vendor/automattic/jetpack-jitm/assets/jetpack-admin-jitm.min.css?ver=1.7.3-201243242 HTTP/2.0" 200 2178 "https://www.mylavarapu.net/wp-admin/" "Mozilla/5.0 (Windows NT 10.0; Win64; x64; rv:85.0) Gecko/20100101 Firefox/85.0" www.mylavarapu.net 192.185.35.30
99.243.130.8 - - [21/Feb/2021:14:05:22 -0600] "GET /wp-includes/js/dist/escape-html.min.js?ver=bf1b8a4ca2c3b18d741a467e1e911a36 HTTP/2.0" 200 763 "https://www.mylavarapu.net/wp-admin/" "Mozilla/5.0 (Windows NT 10.0; Win64; x64; rv:85.0) Gecko/20100101 Firefox/85.0" www.mylavarapu.net 192.185.35.30
99.243.130.8 - - [21/Feb/2021:14:05:22 -0600] "GET /wp-content/plugins/jetpack/modules/wpgroho.js?ver=9.4 HTTP/2.0" 200 797 "https://www.mylavarapu.net/wp-admin/" "Mozilla/5.0 (Windows NT 10.0; Win64; x64; rv:85.0) Gecko/20100101 Firefox/85.0" www.mylavarapu.net 192.185.35.30
99.243.130.8 - - [21/Feb/2021:14:05:22 -0600] "GET /wp-includes/js/jquery/ui/menu.min.js?ver=1.12.1 HTTP/2.0" 304 - "https://www.mylavarapu.net/wp-admin/" "Mozilla/5.0 (Windows NT 10.0; Win64; x64; rv:85.0) Gecko/20100101 Firefox/85.0" www.mylavarapu.net 192.185.35.30
99.243.130.8 - - [21/Feb/2021:14:05:22 -0600] "GET /wp-content/plugins/wordpress-seo/css/dist/admin-global-1580.css HTTP/2.0" 200 5889 "https://www.mylavarapu.net/wp-admin/" "Mozilla/5.0 (Windows NT 10.0; Win64; x64; rv:85.0) Gecko/20100101 Firefox/85.0" www.mylavarapu.net 192.185.35.30
99.243.130.8 - - [21/Feb/2021:14:05:22 -0600] "GET /wp-includes/js/jquery/ui/autocomplete.min.js?ver=1.12.1 HTTP/2.0" 304 - "https://www.mylavarapu.net/wp-admin/" "Mozilla/5.0 (Windows NT 10.0; Win64; x64; rv:85.0) Gecko/20100101 Firefox/85.0" www.mylavarapu.net 192.185.35.30
99.243.130.8 - - [21/Feb/2021:14:05:22 -0600] "GET /wp-content/plugins/jetpack/_inc/build/scan/admin-bar-notice.min.js?ver=1 HTTP/2.0" 200 486 "https://www.mylavarapu.net/wp-admin/" "Mozilla/5.0 (Windows NT 10.0; Win64; x64; rv:85.0) Gecko/20100101 Firefox/85.0" www.mylavarapu.net 192.185.35.30
99.243.130.8 - - [21/Feb/2021:14:05:22 -0600] "GET /wp-includes/js/jquery/ui/draggable.min.js?ver=1.12.1 HTTP/2.0" 304 - "https://www.mylavarapu.net/wp-admin/" "Mozilla/5.0 (Windows NT 10.0; Win64; x64; rv:85.0) Gecko/20100101 Firefox/85.0" www.mylavarapu.net 192.185.35.30
99.243.130.8 - - [21/Feb/2021:14:05:22 -0600] "GET /wp-content/plugins/akismet/_inc/akismet.js?ver=4.1.8 HTTP/2.0" 200 4489 "https://www.mylavarapu.net/wp-admin/" "Mozilla/5.0 (Windows NT 10.0; Win64; x64; rv:85.0) Gecko/20100101 Firefox/85.0" www.mylavarapu.net 192.185.35.30
99.243.130.8 - - [21/Feb/2021:14:05:22 -0600] "GET /wp-content/plugins/elementor/assets/css/admin.min.css?ver=3.1.1 HTTP/2.0" 200 7683 "https://www.mylavarapu.net/wp-admin/" "Mozilla/5.0 (Windows NT 10.0; Win64; x64; rv:85.0) Gecko/20100101 Firefox/85.0" www.mylavarapu.net 192.185.35.30
99.243.130.8 - - [21/Feb/2021:14:05:22 -0600] "GET /wp-content/plugins/elementor/assets/js/common-modules.min.js?ver=3.1.1 HTTP/2.0" 304 - "https://www.mylavarapu.net/wp-admin/" "Mozilla/5.0 (Windows NT 10.0; Win64; x64; rv:85.0) Gecko/20100101 Firefox/85.0" www.mylavarapu.net 192.185.35.30
99.243.130.8 - - [21/Feb/2021:14:05:22 -0600] "GET /wp-content/plugins/elementor/assets/js/common.min.js?ver=3.1.1 HTTP/2.0" 304 - "https://www.mylavarapu.net/wp-admin/" "Mozilla/5.0 (Windows NT 10.0; Win64; x64; rv:85.0) Gecko/20100101 Firefox/85.0" www.mylavarapu.net 192.185.35.30
99.243.130.8 - - [21/Feb/2021:14:05:22 -0600] "GET /wp-content/plugins/elementor/assets/js/app-loader.min.js?ver=3.1.1 HTTP/2.0" 304 - "https://www.mylavarapu.net/wp-admin/" "Mozilla/5.0 (Windows NT 10.0; Win64; x64; rv:85.0) Gecko/20100101 Firefox/85.0" www.mylavarapu.net 192.185.35.30
99.243.130.8 - - [21/Feb/2021:14:05:22 -0600] "GET /wp-content/plugins/elementor/assets/js/admin.min.js?ver=3.1.1 HTTP/2.0" 304 - "https://www.mylavarapu.net/wp-admin/" "Mozilla/5.0 (Windows NT 10.0; Win64; x64; rv:85.0) Gecko/20100101 Firefox/85.0" www.mylavarapu.net 192.185.35.30
99.243.130.8 - - [21/Feb/2021:14:05:22 -0600] "GET /wp-content/plugins/jetpack/vendor/automattic/jetpack-tracking/src/js/tracks-ajax.js?ver=1.0.0 HTTP/2.0" 304 - "https://www.mylavarapu.net/wp-admin/" "Mozilla/5.0 (Windows NT 10.0; Win64; x64; rv:85.0) Gecko/20100101 Firefox/85.0" www.mylavarapu.net 192.185.35.30
99.243.130.8 - - [21/Feb/2021:14:05:22 -0600] "GET /wp-admin/js/site-health.min.js?ver=5.6.1 HTTP/2.0" 200 2358 "https://www.mylavarapu.net/wp-admin/" "Mozilla/5.0 (Windows NT 10.0; Win64; x64; rv:85.0) Gecko/20100101 Firefox/85.0" www.mylavarapu.net 192.185.35.30
99.243.130.8 - - [21/Feb/2021:14:05:22 -0600] "GET /wp-includes/js/jquery/jquery.query.js?ver=2.1.7 HTTP/2.0" 200 1728 "https://www.mylavarapu.net/wp-admin/" "Mozilla/5.0 (Windows NT 10.0; Win64; x64; rv:85.0) Gecko/20100101 Firefox/85.0" www.mylavarapu.net 192.185.35.30
99.243.130.8 - - [21/Feb/2021:14:05:22 -0600] "GET /wp-content/plugins/wordpress-seo/js/dist/dashboard-widget-1580.js HTTP/2.0" 200 1756 "https://www.mylavarapu.net/wp-admin/" "Mozilla/5.0 (Windows NT 10.0; Win64; x64; rv:85.0) Gecko/20100101 Firefox/85.0" www.mylavarapu.net 192.185.35.30
99.243.130.8 - - [21/Feb/2021:14:05:22 -0600] "GET /wp-content/plugins/elementor/assets/lib/backbone/backbone.radio.min.js?ver=1.0.4 HTTP/2.0" 200 1646 "https://www.mylavarapu.net/wp-admin/" "Mozilla/5.0 (Windows NT 10.0; Win64; x64; rv:85.0) Gecko/20100101 Firefox/85.0" www.mylavarapu.net 192.185.35.30
99.243.130.8 - - [21/Feb/2021:14:05:22 -0600] "GET /wp-content/plugins/jetpack/_inc/build/jetpack-jitm.min.js?ver=1.7.3 HTTP/2.0" 200 1862 "https://www.mylavarapu.net/wp-admin/" "Mozilla/5.0 (Windows NT 10.0; Win64; x64; rv:85.0) Gecko/20100101 Firefox/85.0" www.mylavarapu.net 192.185.35.30
99.243.130.8 - - [21/Feb/2021:14:05:22 -0600] "GET /wp-admin/js/dashboard.min.js?ver=5.6.1 HTTP/2.0" 200 3385 "https://www.mylavarapu.net/wp-admin/" "Mozilla/5.0 (Windows NT 10.0; Win64; x64; rv:85.0) Gecko/20100101 Firefox/85.0" www.mylavarapu.net 192.185.35.30
99.243.130.8 - - [21/Feb/2021:14:05:22 -0600] "GET /wp-content/plugins/wordpress-seo/js/dist/yoast/style-guide-1580.js HTTP/2.0" 200 2733 "https://www.mylavarapu.net/wp-admin/" "Mozilla/5.0 (Windows NT 10.0; Win64; x64; rv:85.0) Gecko/20100101 Firefox/85.0" www.mylavarapu.net 192.185.35.30
99.243.130.8 - - [21/Feb/2021:14:05:22 -0600] "GET /wp-includes/js/clipboard.min.js?ver=5.6.1 HTTP/2.0" 200 3992 "https://www.mylavarapu.net/wp-admin/" "Mozilla/5.0 (Windows NT 10.0; Win64; x64; rv:85.0) Gecko/20100101 Firefox/85.0" www.mylavarapu.net 192.185.35.30
99.243.130.8 - - [21/Feb/2021:14:05:22 -0600] "GET /wp-content/plugins/wordpress-seo/js/dist/yoast/analysis-report-1580.js HTTP/2.0" 200 3649 "https://www.mylavarapu.net/wp-admin/" "Mozilla/5.0 (Windows NT 10.0; Win64; x64; rv:85.0) Gecko/20100101 Firefox/85.0" www.mylavarapu.net 192.185.35.30
99.243.130.8 - - [21/Feb/2021:14:05:22 -0600] "GET /wp-includes/js/wp-api.min.js?ver=5.6.1 HTTP/2.0" 200 5087 "https://www.mylavarapu.net/wp-admin/" "Mozilla/5.0 (Windows NT 10.0; Win64; x64; rv:85.0) Gecko/20100101 Firefox/85.0" www.mylavarapu.net 192.185.35.30
99.243.130.8 - - [21/Feb/2021:14:05:22 -0600] "GET /wp-includes/js/wplink.min.js?ver=5.6.1 HTTP/2.0" 200 4674 "https://www.mylavarapu.net/wp-admin/" "Mozilla/5.0 (Windows NT 10.0; Win64; x64; rv:85.0) Gecko/20100101 Firefox/85.0" www.mylavarapu.net 192.185.35.30
99.243.130.8 - - [21/Feb/2021:14:05:22 -0600] "GET /wp-includes/js/dist/url.min.js?ver=98645f0502e5ed8dadffd161e39072d2 HTTP/2.0" 200 5669 "https://www.mylavarapu.net/wp-admin/" "Mozilla/5.0 (Windows NT 10.0; Win64; x64; rv:85.0) Gecko/20100101 Firefox/85.0" www.mylavarapu.net 192.185.35.30
99.243.130.8 - - [21/Feb/2021:14:05:22 -0600] "GET /wp-admin/load-styles.php?c=0&dir=ltr&load%5Bchunk_0%5D=dashicons,admin-bar,site-health,common,forms,admin-menu,dashboard,list-tables,edit,revisions,media,themes,about,nav-menus,wp-poi&load%5Bchunk_1%5D=nter,widgets,site-icon,l10n,buttons,wp-auth-check&ver=5.6.1 HTTP/2.0" 200 133962 "https://www.mylavarapu.net/wp-admin/" "Mozilla/5.0 (Windows NT 10.0; Win64; x64; rv:85.0) Gecko/20100101 Firefox/85.0" www.mylavarapu.net 192.185.35.30
99.243.130.8 - - [21/Feb/2021:14:05:22 -0600] "GET /wp-content/plugins/elementor/assets/lib/dialog/dialog.min.js?ver=4.8.1 HTTP/2.0" 200 4275 "https://www.mylavarapu.net/wp-admin/" "Mozilla/5.0 (Windows NT 10.0; Win64; x64; rv:85.0) Gecko/20100101 Firefox/85.0" www.mylavarapu.net 192.185.35.30
99.243.130.8 - - [21/Feb/2021:14:05:22 -0600] "GET /wp-includes/js/quicktags.min.js?ver=5.6.1 HTTP/2.0" 200 3999 "https://www.mylavarapu.net/wp-admin/" "Mozilla/5.0 (Windows NT 10.0; Win64; x64; rv:85.0) Gecko/20100101 Firefox/85.0" www.mylavarapu.net 192.185.35.30
99.243.130.8 - - [21/Feb/2021:14:05:22 -0600] "GET /wp-includes/js/dist/vendor/react.min.js?ver=16.13.1 HTTP/2.0" 200 5457 "https://www.mylavarapu.net/wp-admin/" "Mozilla/5.0 (Windows NT 10.0; Win64; x64; rv:85.0) Gecko/20100101 Firefox/85.0" www.mylavarapu.net 192.185.35.30
99.243.130.8 - - [21/Feb/2021:14:05:22 -0600] "GET /wp-admin/js/edit-comments.min.js?ver=5.6.1 HTTP/2.0" 200 6261 "https://www.mylavarapu.net/wp-admin/" "Mozilla/5.0 (Windows NT 10.0; Win64; x64; rv:85.0) Gecko/20100101 Firefox/85.0" www.mylavarapu.net 192.185.35.30
99.243.130.8 - - [21/Feb/2021:14:05:22 -0600] "GET /wp-includes/js/dist/element.min.js?ver=94cc04e5247c5da340a15732e1f75b45 HTTP/2.0" 200 5507 "https://www.mylavarapu.net/wp-admin/" "Mozilla/5.0 (Windows NT 10.0; Win64; x64; rv:85.0) Gecko/20100101 Firefox/85.0" www.mylavarapu.net 192.185.35.30
99.243.130.8 - - [21/Feb/2021:14:05:22 -0600] "GET /wp-admin/js/updates.min.js?ver=5.6.1 HTTP/2.0" 200 14230 "https://www.mylavarapu.net/wp-admin/" "Mozilla/5.0 (Windows NT 10.0; Win64; x64; rv:85.0) Gecko/20100101 Firefox/85.0" www.mylavarapu.net 192.185.35.30
99.243.130.8 - - [21/Feb/2021:14:05:22 -0600] "GET /wp-content/plugins/wordpress-seo/js/dist/yoast/helpers-1580.js HTTP/2.0" 200 20626 "https://www.mylavarapu.net/wp-admin/" "Mozilla/5.0 (Windows NT 10.0; Win64; x64; rv:85.0) Gecko/20100101 Firefox/85.0" www.mylavarapu.net 192.185.35.30
99.243.130.8 - - [21/Feb/2021:14:05:22 -0600] "GET /wp-content/plugins/elementor/assets/lib/backbone/backbone.marionette.min.js?ver=2.4.5.e1 HTTP/2.0" 200 15686 "https://www.mylavarapu.net/wp-admin/" "Mozilla/5.0 (Windows NT 10.0; Win64; x64; rv:85.0) Gecko/20100101 Firefox/85.0" www.mylavarapu.net 192.185.35.30
99.243.130.8 - - [21/Feb/2021:14:05:22 -0600] "GET /wp-content/plugins/wordpress-seo/js/dist/styled-components-1580.js HTTP/2.0" 200 19987 "https://www.mylavarapu.net/wp-admin/" "Mozilla/5.0 (Windows NT 10.0; Win64; x64; rv:85.0) Gecko/20100101 Firefox/85.0" www.mylavarapu.net 192.185.35.30
99.243.130.8 - - [21/Feb/2021:14:05:22 -0600] "GET /wp-includes/js/dist/vendor/moment.min.js?ver=2.26.0 HTTP/2.0" 200 22352 "https://www.mylavarapu.net/wp-admin/" "Mozilla/5.0 (Windows NT 10.0; Win64; x64; rv:85.0) Gecko/20100101 Firefox/85.0" www.mylavarapu.net 192.185.35.30
99.243.130.8 - - [21/Feb/2021:14:05:22 -0600] "GET /wp-includes/js/dist/vendor/react-dom.min.js?ver=16.13.1 HTTP/2.0" 200 47496 "https://www.mylavarapu.net/wp-admin/" "Mozilla/5.0 (Windows NT 10.0; Win64; x64; rv:85.0) Gecko/20100101 Firefox/85.0" www.mylavarapu.net 192.185.35.30
99.243.130.8 - - [21/Feb/2021:14:05:22 -0600] "GET /wp-includes/js/dist/date.min.js?ver=a19ca8f98d798140f75073f0beff01e5 HTTP/2.0" 200 45669 "https://www.mylavarapu.net/wp-admin/" "Mozilla/5.0 (Windows NT 10.0; Win64; x64; rv:85.0) Gecko/20100101 Firefox/85.0" www.mylavarapu.net 192.185.35.30
99.243.130.8 - - [21/Feb/2021:14:05:22 -0600] "GET /wp-content/plugins/wordpress-seo/js/dist/yoast/components-1580.js HTTP/2.0" 200 109707 "https://www.mylavarapu.net/wp-admin/" "Mozilla/5.0 (Windows NT 10.0; Win64; x64; rv:85.0) Gecko/20100101 Firefox/85.0" www.mylavarapu.net 192.185.35.30
99.243.130.8 - - [21/Feb/2021:14:05:23 -0600] "GET /wp-content/plugins/wordpress-seo/images/Yoast_SEO_Icon.svg HTTP/2.0" 200 1051 "https://www.mylavarapu.net/wp-content/plugins/wordpress-seo/css/dist/dashboard-1580.css" "Mozilla/5.0 (Windows NT 10.0; Win64; x64; rv:85.0) Gecko/20100101 Firefox/85.0" www.mylavarapu.net 192.185.35.30
99.243.130.8 - - [21/Feb/2021:14:05:23 -0600] "GET /wp-content/plugins/jetpack/_inc/fonts/jetpack/jetpack.woff HTTP/2.0" 200 1056 "https://www.mylavarapu.net/wp-content/plugins/jetpack/css/jetpack-icons.min.css?ver=9.4" "Mozilla/5.0 (Windows NT 10.0; Win64; x64; rv:85.0) Gecko/20100101 Firefox/85.0" www.mylavarapu.net 192.185.35.30
99.243.130.8 - - [21/Feb/2021:14:05:23 -0600] "GET /wp-includes/js/wp-emoji-release.min.js?ver=5.6.1 HTTP/2.0" 304 - "https://www.mylavarapu.net/wp-admin/" "Mozilla/5.0 (Windows NT 10.0; Win64; x64; rv:85.0) Gecko/20100101 Firefox/85.0" www.mylavarapu.net 192.185.35.30
99.243.130.8 - - [21/Feb/2021:14:05:23 -0600] "GET /wp-content/plugins/elementor/assets/lib/eicons/fonts/eicons.woff2?5.10.0 HTTP/2.0" 200 84508 "https://www.mylavarapu.net/wp-content/plugins/elementor/assets/lib/eicons/css/elementor-icons.min.css?ver=5.10.0" "Mozilla/5.0 (Windows NT 10.0; Win64; x64; rv:85.0) Gecko/20100101 Firefox/85.0" www.mylavarapu.net 192.185.35.30
99.243.130.8 - - [21/Feb/2021:14:05:23 -0600] "GET /wp-content/plugins/ecwid-shopping-cart/fonts/ecwid-icons.woff?ecwid-b8sbws HTTP/2.0" 200 3240 "https://www.mylavarapu.net/wp-content/plugins/ecwid-shopping-cart/css/fonts.css?ver=6.10.9" "Mozilla/5.0 (Windows NT 10.0; Win64; x64; rv:85.0) Gecko/20100101 Firefox/85.0" www.mylavarapu.net 192.185.35.30
99.243.130.8 - - [21/Feb/2021:14:05:23 -0600] "GET /wp-content/plugins/better-wp-security/lib/icon-fonts/fonts/ithemes-icons.woff HTTP/2.0" 200 2440 "https://www.mylavarapu.net/wp-content/plugins/better-wp-security/lib/icon-fonts/icon-fonts.css?ver=5.6.1" "Mozilla/5.0 (Windows NT 10.0; Win64; x64; rv:85.0) Gecko/20100101 Firefox/85.0" www.mylavarapu.net 192.185.35.30
99.243.130.8 - - [21/Feb/2021:14:05:22 -0600] "GET /?ai1ec_render_js=common_backend&is_backend=true&ver=2.6.8 HTTP/2.0" 200 47088 "https://www.mylavarapu.net/wp-admin/" "Mozilla/5.0 (Windows NT 10.0; Win64; x64; rv:85.0) Gecko/20100101 Firefox/85.0" www.mylavarapu.net 192.185.35.30
99.243.130.8 - - [21/Feb/2021:14:05:26 -0600] "GET /wp-includes/js/thickbox/loadingAnimation.gif HTTP/2.0" 200 15238 "https://www.mylavarapu.net/wp-admin/" "Mozilla/5.0 (Windows NT 10.0; Win64; x64; rv:85.0) Gecko/20100101 Firefox/85.0" www.mylavarapu.net 192.185.35.30
192.185.35.30 - - [21/Feb/2021:14:05:24 -0600] "POST /wp-cron.php?doing_wp_cron=1613937924.6774749755859375000000 HTTP/1.1" 200 - "https://www.mylavarapu.net/wp-cron.php?doing_wp_cron=1613937924.6774749755859375000000" "WordPress/5.6.1; https://www.mylavarapu.net" www.mylavarapu.net 192.185.35.30
99.243.130.8 - - [21/Feb/2021:14:05:25 -0600] "GET /favicon.ico HTTP/2.0" 302 - "https://www.mylavarapu.net/wp-admin/" "Mozilla/5.0 (Windows NT 10.0; Win64; x64; rv:85.0) Gecko/20100101 Firefox/85.0" www.mylavarapu.net 192.185.35.30
99.243.130.8 - - [21/Feb/2021:14:05:26 -0600] "GET /wp-json/wp/v2/ HTTP/2.0" 200 32478 "https://www.mylavarapu.net/wp-admin/" "Mozilla/5.0 (Windows NT 10.0; Win64; x64; rv:85.0) Gecko/20100101 Firefox/85.0" www.mylavarapu.net 192.185.35.30
99.243.130.8 - - [21/Feb/2021:14:05:26 -0600] "GET /wp-json/jetpack/v4/scan HTTP/2.0" 200 148 "https://www.mylavarapu.net/wp-admin/" "Mozilla/5.0 (Windows NT 10.0; Win64; x64; rv:85.0) Gecko/20100101 Firefox/85.0" www.mylavarapu.net 192.185.35.30
99.243.130.8 - - [21/Feb/2021:14:05:26 -0600] "GET /wp-json/yoast/v1/statistics HTTP/2.0" 200 291 "https://www.mylavarapu.net/wp-admin/" "Mozilla/5.0 (Windows NT 10.0; Win64; x64; rv:85.0) Gecko/20100101 Firefox/85.0" www.mylavarapu.net 192.185.35.30
99.243.130.8 - - [21/Feb/2021:14:05:26 -0600] "POST /wp-admin/admin-ajax.php HTTP/2.0" 200 16 "https://www.mylavarapu.net/wp-admin/" "Mozilla/5.0 (Windows NT 10.0; Win64; x64; rv:85.0) Gecko/20100101 Firefox/85.0" www.mylavarapu.net 192.185.35.30
99.243.130.8 - - [21/Feb/2021:14:05:26 -0600] "POST /wp-admin/admin-ajax.php HTTP/2.0" 200 16 "https://www.mylavarapu.net/wp-admin/" "Mozilla/5.0 (Windows NT 10.0; Win64; x64; rv:85.0) Gecko/20100101 Firefox/85.0" www.mylavarapu.net 192.185.35.30
99.243.130.8 - - [21/Feb/2021:14:05:26 -0600] "GET /wp-json/jetpack/v4/jitm?message_path=wp%3Adashboard%3Aadmin_notices&query=&full_jp_logo_exists=false&_wpnonce=d482a97921 HTTP/2.0" 200 2 "https://www.mylavarapu.net/wp-admin/" "Mozilla/5.0 (Windows NT 10.0; Win64; x64; rv:85.0) Gecko/20100101 Firefox/85.0" www.mylavarapu.net 192.185.35.30
99.243.130.8 - - [21/Feb/2021:14:05:27 -0600] "POST /wp-admin/admin-ajax.php?action=ecwid-save-posts HTTP/2.0" 200 - "https://www.mylavarapu.net/wp-admin/" "Mozilla/5.0 (Windows NT 10.0; Win64; x64; rv:85.0) Gecko/20100101 Firefox/85.0" www.mylavarapu.net 192.185.35.30
99.243.130.8 - - [21/Feb/2021:14:05:26 -0600] "POST /wp-admin/admin-ajax.php HTTP/2.0" 200 642 "https://www.mylavarapu.net/wp-admin/" "Mozilla/5.0 (Windows NT 10.0; Win64; x64; rv:85.0) Gecko/20100101 Firefox/85.0" www.mylavarapu.net 192.185.35.30
99.243.130.8 - - [21/Feb/2021:14:05:26 -0600] "GET /wp-admin/admin-ajax.php?action=check_api_cache HTTP/2.0" 200 1 "https://www.mylavarapu.net/wp-admin/" "Mozilla/5.0 (Windows NT 10.0; Win64; x64; rv:85.0) Gecko/20100101 Firefox/85.0" www.mylavarapu.net 192.185.35.30
192.185.35.30 - - [21/Feb/2021:14:05:28 -0600] "POST /wp-cron.php?doing_wp_cron=1613937928.2247290611267089843750 HTTP/1.1" 200 - "https://www.mylavarapu.net/wp-cron.php?doing_wp_cron=1613937928.2247290611267089843750" "WordPress/5.6.1; https://www.mylavarapu.net" www.mylavarapu.net 192.185.35.30
99.243.130.8 - - [21/Feb/2021:14:05:26 -0600] "GET /wp-admin/admin.php?page=stats&noheader&dashboard&width=991.234 HTTP/2.0" 200 1440 "https://www.mylavarapu.net/wp-admin/" "Mozilla/5.0 (Windows NT 10.0; Win64; x64; rv:85.0) Gecko/20100101 Firefox/85.0" www.mylavarapu.net 192.185.35.30
99.243.130.8 - - [21/Feb/2021:14:05:33 -0600] "POST /wp-admin/admin.php?page=stats&noheader&chart=flot-stats-data HTTP/2.0" 200 - "https://www.mylavarapu.net/wp-admin/" "Mozilla/5.0 (Windows NT 10.0; Win64; x64; rv:85.0) Gecko/20100101 Firefox/85.0" www.mylavarapu.net 192.185.35.30
192.185.35.30 - - [21/Feb/2021:14:05:35 -0600] "POST /wp-cron.php?doing_wp_cron=1613937934.9851100444793701171875 HTTP/1.1" 200 - "https://www.mylavarapu.net/wp-cron.php?doing_wp_cron=1613937934.9851100444793701171875" "WordPress/5.6.1; https://www.mylavarapu.net" www.mylavarapu.net 192.185.35.30
99.243.130.8 - - [21/Feb/2021:14:05:33 -0600] "GET /wp-admin/plugins.php HTTP/2.0" 200 45161 "https://www.mylavarapu.net/wp-admin/" "Mozilla/5.0 (Windows NT 10.0; Win64; x64; rv:85.0) Gecko/20100101 Firefox/85.0" www.mylavarapu.net 192.185.35.30
99.243.130.8 - - [21/Feb/2021:14:05:37 -0600] "GET /wp-content/plugins/elementor/assets/js/admin-feedback.min.js?ver=3.1.1 HTTP/2.0" 200 3458 "https://www.mylavarapu.net/wp-admin/plugins.php" "Mozilla/5.0 (Windows NT 10.0; Win64; x64; rv:85.0) Gecko/20100101 Firefox/85.0" www.mylavarapu.net 192.185.35.30
99.243.130.8 - - [21/Feb/2021:14:05:37 -0600] "GET /wp-admin/load-styles.php?c=0&dir=ltr&load%5Bchunk_0%5D=dashicons,admin-bar,common,forms,admin-menu,dashboard,list-tables,edit,revisions,media,themes,about,nav-menus,wp-pointer,widgets&load%5Bchunk_1%5D=,site-icon,l10n,buttons,wp-auth-check&ver=5.6.1 HTTP/2.0" 200 131718 "https://www.mylavarapu.net/wp-admin/plugins.php" "Mozilla/5.0 (Windows NT 10.0; Win64; x64; rv:85.0) Gecko/20100101 Firefox/85.0" www.mylavarapu.net 192.185.35.30
99.243.130.8 - - [21/Feb/2021:14:05:38 -0600] "GET /wp-admin/images/spinner-2x.gif HTTP/2.0" 200 7536 "https://www.mylavarapu.net/wp-admin/load-styles.php?c=0&dir=ltr&load%5Bchunk_0%5D=dashicons,admin-bar,common,forms,admin-menu,dashboard,list-tables,edit,revisions,media,themes,about,nav-menus,wp-pointer,widgets&load%5Bchunk_1%5D=,site-icon,l10n,buttons,wp-auth-check&ver=5.6.1" "Mozilla/5.0 (Windows NT 10.0; Win64; x64; rv:85.0) Gecko/20100101 Firefox/85.0" www.mylavarapu.net 192.185.35.30
99.243.130.8 - - [21/Feb/2021:14:05:37 -0600] "GET /?ai1ec_render_js=common_backend&is_backend=true&ver=2.6.8 HTTP/2.0" 200 47087 "https://www.mylavarapu.net/wp-admin/plugins.php" "Mozilla/5.0 (Windows NT 10.0; Win64; x64; rv:85.0) Gecko/20100101 Firefox/85.0" www.mylavarapu.net 192.185.35.30
192.185.35.30 - - [21/Feb/2021:14:05:38 -0600] "POST /wp-cron.php?doing_wp_cron=1613937938.8087980747222900390625 HTTP/1.1" 200 - "https://www.mylavarapu.net/wp-cron.php?doing_wp_cron=1613937938.8087980747222900390625" "WordPress/5.6.1; https://www.mylavarapu.net" www.mylavarapu.net 192.185.35.30
192.185.35.30 - - [21/Feb/2021:14:05:41 -0600] "POST /wp-cron.php?doing_wp_cron=1613937941.6092250347137451171875 HTTP/1.1" 200 - "https://www.mylavarapu.net/wp-cron.php?doing_wp_cron=1613937941.6092250347137451171875" "WordPress/5.6.1; https://www.mylavarapu.net" www.mylavarapu.net 192.185.35.30
99.243.130.8 - - [21/Feb/2021:14:05:40 -0600] "GET /wp-json/jetpack/v4/jitm?message_path=wp%3Aplugins%3Aadmin_notices&query=&full_jp_logo_exists=false&_wpnonce=d482a97921 HTTP/2.0" 200 1331 "https://www.mylavarapu.net/wp-admin/plugins.php" "Mozilla/5.0 (Windows NT 10.0; Win64; x64; rv:85.0) Gecko/20100101 Firefox/85.0" www.mylavarapu.net 192.185.35.30
192.185.35.30 - - [21/Feb/2021:14:06:02 -0600] "POST /wp-cron.php?doing_wp_cron=1613937962.3689711093902587890625 HTTP/1.1" 200 - "https://www.mylavarapu.net/wp-cron.php?doing_wp_cron=1613937962.3689711093902587890625" "WordPress/5.6.1; https://www.mylavarapu.net" www.mylavarapu.net 192.185.35.30
99.243.130.8 - - [21/Feb/2021:14:06:01 -0600] "GET /wp-admin/plugin-install.php HTTP/2.0" 200 - "https://www.mylavarapu.net/wp-admin/plugins.php" "Mozilla/5.0 (Windows NT 10.0; Win64; x64; rv:85.0) Gecko/20100101 Firefox/85.0" www.mylavarapu.net 192.185.35.30
192.185.35.30 - - [21/Feb/2021:14:06:05 -0600] "POST /wp-cron.php?doing_wp_cron=1613937965.4721169471740722656250 HTTP/1.1" 200 - "https://www.mylavarapu.net/wp-cron.php?doing_wp_cron=1613937965.4721169471740722656250" "WordPress/5.6.1; https://www.mylavarapu.net" www.mylavarapu.net 192.185.35.30
99.243.130.8 - - [21/Feb/2021:14:06:04 -0600] "GET /wp-admin/plugin-install.php HTTP/2.0" 200 33228 "https://www.mylavarapu.net/wp-admin/plugins.php" "Mozilla/5.0 (Windows NT 10.0; Win64; x64; rv:85.0) Gecko/20100101 Firefox/85.0" www.mylavarapu.net 192.185.35.30
99.243.130.8 - - [21/Feb/2021:14:06:07 -0600] "GET /wp-content/plugins/jetpack/modules/plugin-search/plugin-search.css?ver=5.6.1 HTTP/2.0" 200 690 "https://www.mylavarapu.net/wp-admin/plugin-install.php" "Mozilla/5.0 (Windows NT 10.0; Win64; x64; rv:85.0) Gecko/20100101 Firefox/85.0" www.mylavarapu.net 192.185.35.30
99.243.130.8 - - [21/Feb/2021:14:06:08 -0600] "GET /wp-content/plugins/jetpack/modules/plugin-search/plugin-search.js?ver=9.4 HTTP/2.0" 200 3279 "https://www.mylavarapu.net/wp-admin/plugin-install.php" "Mozilla/5.0 (Windows NT 10.0; Win64; x64; rv:85.0) Gecko/20100101 Firefox/85.0" www.mylavarapu.net 192.185.35.30
99.243.130.8 - - [21/Feb/2021:14:06:08 -0600] "GET /?ai1ec_render_js=common_backend&is_backend=true&ver=2.6.8 HTTP/2.0" 200 47089 "https://www.mylavarapu.net/wp-admin/plugin-install.php" "Mozilla/5.0 (Windows NT 10.0; Win64; x64; rv:85.0) Gecko/20100101 Firefox/85.0" www.mylavarapu.net 192.185.35.30
192.185.35.30 - - [21/Feb/2021:14:06:09 -0600] "POST /wp-cron.php?doing_wp_cron=1613937969.5551919937133789062500 HTTP/1.1" 200 - "https://www.mylavarapu.net/wp-cron.php?doing_wp_cron=1613937969.5551919937133789062500" "WordPress/5.6.1; https://www.mylavarapu.net" www.mylavarapu.net 192.185.35.30
192.185.35.30 - - [21/Feb/2021:14:06:12 -0600] "POST /wp-cron.php?doing_wp_cron=1613937972.2958331108093261718750 HTTP/1.1" 200 - "https://www.mylavarapu.net/wp-cron.php?doing_wp_cron=1613937972.2958331108093261718750" "WordPress/5.6.1; https://www.mylavarapu.net" www.mylavarapu.net 192.185.35.30
99.243.130.8 - - [21/Feb/2021:14:06:11 -0600] "GET /wp-json/jetpack/v4/jitm?message_path=wp%3Aplugin-install%3Aadmin_notices&query=&full_jp_logo_exists=false&_wpnonce=d482a97921 HTTP/2.0" 200 2563 "https://www.mylavarapu.net/wp-admin/plugin-install.php" "Mozilla/5.0 (Windows NT 10.0; Win64; x64; rv:85.0) Gecko/20100101 Firefox/85.0" www.mylavarapu.net 192.185.35.30
192.185.35.30 - - [21/Feb/2021:14:06:18 -0600] "POST /wp-cron.php?doing_wp_cron=1613937978.6322770118713378906250 HTTP/1.1" 200 - "https://www.mylavarapu.net/wp-cron.php?doing_wp_cron=1613937978.6322770118713378906250" "WordPress/5.6.1; https://www.mylavarapu.net" www.mylavarapu.net 192.185.35.30
99.243.130.8 - - [21/Feb/2021:14:06:17 -0600] "POST /wp-admin/admin-ajax.php HTTP/2.0" 200 - "https://www.mylavarapu.net/wp-admin/plugin-install.php?s=git&tab=search&type=term" "Mozilla/5.0 (Windows NT 10.0; Win64; x64; rv:85.0) Gecko/20100101 Firefox/85.0" www.mylavarapu.net 192.185.35.30
99.243.130.8 - - [21/Feb/2021:14:06:18 -0600] "POST /wp-admin/admin-ajax.php HTTP/2.0" 200 31301 "https://www.mylavarapu.net/wp-admin/plugin-install.php?s=github&tab=search&type=term" "Mozilla/5.0 (Windows NT 10.0; Win64; x64; rv:85.0) Gecko/20100101 Firefox/85.0" www.mylavarapu.net 192.185.35.30
192.185.35.30 - - [21/Feb/2021:14:07:13 -0600] "POST /wp-cron.php?doing_wp_cron=1613938033.7398869991302490234375 HTTP/1.1" 200 - "https://www.mylavarapu.net/wp-cron.php?doing_wp_cron=1613938033.7398869991302490234375" "WordPress/5.6.1; https://www.mylavarapu.net" www.mylavarapu.net 192.185.35.30
99.243.130.8 - - [21/Feb/2021:14:07:12 -0600] "POST /wp-admin/admin-ajax.php HTTP/2.0" 200 47 "https://www.mylavarapu.net/wp-admin/plugin-install.php?s=github&tab=search&type=term" "Mozilla/5.0 (Windows NT 10.0; Win64; x64; rv:85.0) Gecko/20100101 Firefox/85.0" www.mylavarapu.net 192.185.35.30
99.243.130.8 - - [21/Feb/2021:14:09:12 -0600] "POST /wp-admin/admin-ajax.php HTTP/2.0" 200 47 "https://www.mylavarapu.net/wp-admin/plugin-install.php?s=github&tab=search&type=term" "Mozilla/5.0 (Windows NT 10.0; Win64; x64; rv:85.0) Gecko/20100101 Firefox/85.0" www.mylavarapu.net 192.185.35.30
192.185.35.30 - - [21/Feb/2021:14:09:13 -0600] "POST /wp-cron.php?doing_wp_cron=1613938153.5494630336761474609375 HTTP/1.1" 200 - "https://www.mylavarapu.net/wp-cron.php?doing_wp_cron=1613938153.5494630336761474609375" "WordPress/5.6.1; https://www.mylavarapu.net" www.mylavarapu.net 192.185.35.30
99.243.130.8 - - [21/Feb/2021:14:11:12 -0600] "POST /wp-admin/admin-ajax.php HTTP/2.0" 200 47 "https://www.mylavarapu.net/wp-admin/plugin-install.php?s=github&tab=search&type=term" "Mozilla/5.0 (Windows NT 10.0; Win64; x64; rv:85.0) Gecko/20100101 Firefox/85.0" www.mylavarapu.net 192.185.35.30
192.185.35.30 - - [21/Feb/2021:14:11:14 -0600] "POST /wp-cron.php?doing_wp_cron=1613938274.1823589801788330078125 HTTP/1.1" 200 - "https://www.mylavarapu.net/wp-cron.php?doing_wp_cron=1613938274.1823589801788330078125" "WordPress/5.6.1; https://www.mylavarapu.net" www.mylavarapu.net 192.185.35.30
99.243.130.8 - - [21/Feb/2021:14:13:12 -0600] "POST /wp-admin/admin-ajax.php HTTP/2.0" 200 47 "https://www.mylavarapu.net/wp-admin/plugin-install.php?s=github&tab=search&type=term" "Mozilla/5.0 (Windows NT 10.0; Win64; x64; rv:85.0) Gecko/20100101 Firefox/85.0" www.mylavarapu.net 192.185.35.30
192.185.35.30 - - [21/Feb/2021:14:13:13 -0600] "POST /wp-cron.php?doing_wp_cron=1613938393.5905709266662597656250 HTTP/1.1" 200 - "https://www.mylavarapu.net/wp-cron.php?doing_wp_cron=1613938393.5905709266662597656250" "WordPress/5.6.1; https://www.mylavarapu.net" www.mylavarapu.net 192.185.35.30
99.243.130.8 - - [21/Feb/2021:14:15:12 -0600] "POST /wp-admin/admin-ajax.php HTTP/2.0" 200 47 "https://www.mylavarapu.net/wp-admin/plugin-install.php?s=github&tab=search&type=term" "Mozilla/5.0 (Windows NT 10.0; Win64; x64; rv:85.0) Gecko/20100101 Firefox/85.0" www.mylavarapu.net 192.185.35.30
192.185.35.30 - - [21/Feb/2021:14:15:13 -0600] "POST /wp-cron.php?doing_wp_cron=1613938513.8384940624237060546875 HTTP/1.1" 200 - "https://www.mylavarapu.net/wp-cron.php?doing_wp_cron=1613938513.8384940624237060546875" "WordPress/5.6.1; https://www.mylavarapu.net" www.mylavarapu.net 192.185.35.30
192.185.35.30 - - [21/Feb/2021:14:46:56 -0600] "POST /wp-cron.php?doing_wp_cron=1613940416.4486920833587646484375 HTTP/1.1" 200 - "https://www.mylavarapu.net/wp-cron.php?doing_wp_cron=1613940416.4486920833587646484375" "WordPress/5.6.1; https://www.mylavarapu.net" www.mylavarapu.net 192.185.35.30
99.243.130.8 - - [21/Feb/2021:14:46:49 -0600] "GET / HTTP/2.0" 200 23978 "-" "Mozilla/5.0 (Windows NT 10.0; Win64; x64; rv:85.0) Gecko/20100101 Firefox/85.0" www.mylavarapu.net 192.185.35.30
99.243.130.8 - - [21/Feb/2021:14:47:01 -0600] "GET /wp-content/themes/wp-opulus/style.css HTTP/2.0" 200 12329 "https://www.mylavarapu.net/" "Mozilla/5.0 (Windows NT 10.0; Win64; x64; rv:85.0) Gecko/20100101 Firefox/85.0" www.mylavarapu.net 192.185.35.30
99.243.130.8 - - [21/Feb/2021:14:47:01 -0600] "GET /wp-content/plugins/wp-video-lightbox/wp-video-lightbox.css?ver=5.6.1 HTTP/2.0" 200 489 "https://www.mylavarapu.net/" "Mozilla/5.0 (Windows NT 10.0; Win64; x64; rv:85.0) Gecko/20100101 Firefox/85.0" www.mylavarapu.net 192.185.35.30
99.243.130.8 - - [21/Feb/2021:14:47:01 -0600] "GET /wp-content/plugins/wp-video-lightbox/css/prettyPhoto.css?ver=5.6.1 HTTP/2.0" 200 3950 "https://www.mylavarapu.net/" "Mozilla/5.0 (Windows NT 10.0; Win64; x64; rv:85.0) Gecko/20100101 Firefox/85.0" www.mylavarapu.net 192.185.35.30
99.243.130.8 - - [21/Feb/2021:14:47:01 -0600] "GET /wp-includes/css/dist/block-library/style.min.css?ver=5.6.1 HTTP/2.0" 200 10424 "https://www.mylavarapu.net/" "Mozilla/5.0 (Windows NT 10.0; Win64; x64; rv:85.0) Gecko/20100101 Firefox/85.0" www.mylavarapu.net 192.185.35.30
99.243.130.8 - - [21/Feb/2021:14:47:01 -0600] "GET /wp-content/plugins/sticky-header/css/public.css?ver=1.0.0 HTTP/2.0" 200 390 "https://www.mylavarapu.net/" "Mozilla/5.0 (Windows NT 10.0; Win64; x64; rv:85.0) Gecko/20100101 Firefox/85.0" www.mylavarapu.net 192.185.35.30
99.243.130.8 - - [21/Feb/2021:14:47:01 -0600] "GET /wp-content/plugins/ecwid-shopping-cart/css/frontend.css?ver=6.10.9 HTTP/2.0" 200 695 "https://www.mylavarapu.net/" "Mozilla/5.0 (Windows NT 10.0; Win64; x64; rv:85.0) Gecko/20100101 Firefox/85.0" www.mylavarapu.net 192.185.35.30
99.243.130.8 - - [21/Feb/2021:14:47:01 -0600] "GET /wp-content/themes/wp-opulus/css/bootstrap-responsive.min.css?ver=1.0 HTTP/2.0" 200 5105 "https://www.mylavarapu.net/" "Mozilla/5.0 (Windows NT 10.0; Win64; x64; rv:85.0) Gecko/20100101 Firefox/85.0" www.mylavarapu.net 192.185.35.30
99.243.130.8 - - [21/Feb/2021:14:47:01 -0600] "GET /wp-content/plugins/ecwid-shopping-cart/css/fonts.css?ver=6.10.9 HTTP/2.0" 200 - "https://www.mylavarapu.net/" "Mozilla/5.0 (Windows NT 10.0; Win64; x64; rv:85.0) Gecko/20100101 Firefox/85.0" www.mylavarapu.net 192.185.35.30
99.243.130.8 - - [21/Feb/2021:14:47:01 -0600] "GET /wp-content/themes/wp-opulus/css/bootstrap.min.css?ver=1.0 HTTP/2.0" 200 25602 "https://www.mylavarapu.net/" "Mozilla/5.0 (Windows NT 10.0; Win64; x64; rv:85.0) Gecko/20100101 Firefox/85.0" www.mylavarapu.net 192.185.35.30
99.243.130.8 - - [21/Feb/2021:14:47:01 -0600] "GET /wp-content/plugins/jetpack/_inc/social-logos/social-logos.min.css?ver=9.4 HTTP/2.0" 200 7939 "https://www.mylavarapu.net/" "Mozilla/5.0 (Windows NT 10.0; Win64; x64; rv:85.0) Gecko/20100101 Firefox/85.0" www.mylavarapu.net 192.185.35.30
99.243.130.8 - - [21/Feb/2021:14:47:01 -0600] "GET /wp-content/themes/wp-opulus/css/bootstrap-fix.css?ver=1.0 HTTP/2.0" 200 99 "https://www.mylavarapu.net/" "Mozilla/5.0 (Windows NT 10.0; Win64; x64; rv:85.0) Gecko/20100101 Firefox/85.0" www.mylavarapu.net 192.185.35.30
99.243.130.8 - - [21/Feb/2021:14:47:01 -0600] "GET /wp-content/plugins/ecwid-shopping-cart/css/integrations/elementor.css?ver=6.10.9 HTTP/2.0" 200 171 "https://www.mylavarapu.net/" "Mozilla/5.0 (Windows NT 10.0; Win64; x64; rv:85.0) Gecko/20100101 Firefox/85.0" www.mylavarapu.net 192.185.35.30
99.243.130.8 - - [21/Feb/2021:14:47:01 -0600] "GET /wp-content/themes/wp-opulus/css/jquery.jscrollpane.css?ver=2.0 HTTP/2.0" 200 587 "https://www.mylavarapu.net/" "Mozilla/5.0 (Windows NT 10.0; Win64; x64; rv:85.0) Gecko/20100101 Firefox/85.0" www.mylavarapu.net 192.185.35.30
99.243.130.8 - - [21/Feb/2021:14:47:01 -0600] "GET /wp-content/plugins/elementor/assets/lib/font-awesome/css/font-awesome.min.css?ver=4.7.0 HTTP/2.0" 200 7112 "https://www.mylavarapu.net/" "Mozilla/5.0 (Windows NT 10.0; Win64; x64; rv:85.0) Gecko/20100101 Firefox/85.0" www.mylavarapu.net 192.185.35.30
99.243.130.8 - - [21/Feb/2021:14:47:01 -0600] "GET /wp-content/plugins/wp-video-lightbox/js/video-lightbox.js?ver=3.1.6 HTTP/2.0" 200 1537 "https://www.mylavarapu.net/" "Mozilla/5.0 (Windows NT 10.0; Win64; x64; rv:85.0) Gecko/20100101 Firefox/85.0" www.mylavarapu.net 192.185.35.30
99.243.130.8 - - [21/Feb/2021:14:47:01 -0600] "GET /wp-content/plugins/wp-video-lightbox/js/jquery.prettyPhoto.min.js?ver=3.1.6 HTTP/2.0" 200 7433 "https://www.mylavarapu.net/" "Mozilla/5.0 (Windows NT 10.0; Win64; x64; rv:85.0) Gecko/20100101 Firefox/85.0" www.mylavarapu.net 192.185.35.30
99.243.130.8 - - [21/Feb/2021:14:47:01 -0600] "GET /wp-content/plugins/ecwid-shopping-cart/js/frontend.js?ver=6.10.9 HTTP/2.0" 200 652 "https://www.mylavarapu.net/" "Mozilla/5.0 (Windows NT 10.0; Win64; x64; rv:85.0) Gecko/20100101 Firefox/85.0" www.mylavarapu.net 192.185.35.30
99.243.130.8 - - [21/Feb/2021:14:47:01 -0600] "GET /wp-includes/images/rss.png HTTP/2.0" 200 608 "https://www.mylavarapu.net/" "Mozilla/5.0 (Windows NT 10.0; Win64; x64; rv:85.0) Gecko/20100101 Firefox/85.0" www.mylavarapu.net 192.185.35.30
99.243.130.8 - - [21/Feb/2021:14:47:01 -0600] "GET /wp-includes/css/admin-bar.min.css?ver=5.6.1 HTTP/2.0" 200 5722 "https://www.mylavarapu.net/" "Mozilla/5.0 (Windows NT 10.0; Win64; x64; rv:85.0) Gecko/20100101 Firefox/85.0" www.mylavarapu.net 192.185.35.30
99.243.130.8 - - [21/Feb/2021:14:47:01 -0600] "GET /wp-content/plugins/sticky-header/js/public.min.js?ver=1.0.0 HTTP/2.0" 200 221 "https://www.mylavarapu.net/" "Mozilla/5.0 (Windows NT 10.0; Win64; x64; rv:85.0) Gecko/20100101 Firefox/85.0" www.mylavarapu.net 192.185.35.30
99.243.130.8 - - [21/Feb/2021:14:47:01 -0600] "GET /wp-content/themes/wp-opulus/js/jquery.bootstrap.min.js?ver=2.2.2 HTTP/2.0" 200 11373 "https://www.mylavarapu.net/" "Mozilla/5.0 (Windows NT 10.0; Win64; x64; rv:85.0) Gecko/20100101 Firefox/85.0" www.mylavarapu.net 192.185.35.30
99.243.130.8 - - [21/Feb/2021:14:47:01 -0600] "GET /wp-content/themes/wp-opulus/js/jquery.jscrollpane.min.js?ver=2.0 HTTP/2.0" 200 5998 "https://www.mylavarapu.net/" "Mozilla/5.0 (Windows NT 10.0; Win64; x64; rv:85.0) Gecko/20100101 Firefox/85.0" www.mylavarapu.net 192.185.35.30
99.243.130.8 - - [21/Feb/2021:14:47:01 -0600] "GET /wp-includes/css/dashicons.min.css?ver=5.6.1 HTTP/2.0" 200 - "https://www.mylavarapu.net/" "Mozilla/5.0 (Windows NT 10.0; Win64; x64; rv:85.0) Gecko/20100101 Firefox/85.0" www.mylavarapu.net 192.185.35.30
99.243.130.8 - - [21/Feb/2021:14:47:01 -0600] "GET /wp-content/themes/wp-opulus/js/nimbus_public.js?ver=1.0 HTTP/2.0" 200 301 "https://www.mylavarapu.net/" "Mozilla/5.0 (Windows NT 10.0; Win64; x64; rv:85.0) Gecko/20100101 Firefox/85.0" www.mylavarapu.net 192.185.35.30
99.243.130.8 - - [21/Feb/2021:14:47:01 -0600] "GET /google_analytics_auto.js HTTP/2.0" 200 - "https://www.mylavarapu.net/" "Mozilla/5.0 (Windows NT 10.0; Win64; x64; rv:85.0) Gecko/20100101 Firefox/85.0" www.mylavarapu.net 192.185.35.30
99.243.130.8 - - [21/Feb/2021:14:47:01 -0600] "GET /wp-content/plugins/jetpack/_inc/build/carousel/jetpack-carousel.min.js?ver=9.4 HTTP/2.0" 200 10471 "https://www.mylavarapu.net/" "Mozilla/5.0 (Windows NT 10.0; Win64; x64; rv:85.0) Gecko/20100101 Firefox/85.0" www.mylavarapu.net 192.185.35.30
99.243.130.8 - - [21/Feb/2021:14:47:01 -0600] "GET /wp-includes/js/wp-embed.min.js?ver=5.6.1 HTTP/2.0" 200 777 "https://www.mylavarapu.net/" "Mozilla/5.0 (Windows NT 10.0; Win64; x64; rv:85.0) Gecko/20100101 Firefox/85.0" www.mylavarapu.net 192.185.35.30
99.243.130.8 - - [21/Feb/2021:14:47:01 -0600] "GET /wp-content/plugins/jetpack/_inc/build/sharedaddy/sharing.min.js?ver=9.4 HTTP/2.0" 200 4564 "https://www.mylavarapu.net/" "Mozilla/5.0 (Windows NT 10.0; Win64; x64; rv:85.0) Gecko/20100101 Firefox/85.0" www.mylavarapu.net 192.185.35.30
99.243.130.8 - - [21/Feb/2021:14:47:01 -0600] "GET /wp-content/themes/wp-opulus/images/opulis_social_sprite.png HTTP/2.0" 200 9192 "https://www.mylavarapu.net/wp-content/themes/wp-opulus/style.css" "Mozilla/5.0 (Windows NT 10.0; Win64; x64; rv:85.0) Gecko/20100101 Firefox/85.0" www.mylavarapu.net 192.185.35.30
99.243.130.8 - - [21/Feb/2021:14:47:01 -0600] "GET /wp-content/uploads/2013/12/Nanna_Lalita_TeluguOne-370x191.jpg HTTP/2.0" 200 27009 "https://www.mylavarapu.net/" "Mozilla/5.0 (Windows NT 10.0; Win64; x64; rv:85.0) Gecko/20100101 Firefox/85.0" www.mylavarapu.net 192.185.35.30
99.243.130.8 - - [21/Feb/2021:14:47:01 -0600] "GET /wp-content/uploads/2013/12/MSR_Books-370x191.jpg HTTP/2.0" 200 42232 "https://www.mylavarapu.net/" "Mozilla/5.0 (Windows NT 10.0; Win64; x64; rv:85.0) Gecko/20100101 Firefox/85.0" www.mylavarapu.net 192.185.35.30
99.243.130.8 - - [21/Feb/2021:14:47:01 -0600] "GET /wp-content/uploads/2013/12/Bhakti_TV-670x424.jpg HTTP/2.0" 200 56885 "https://www.mylavarapu.net/" "Mozilla/5.0 (Windows NT 10.0; Win64; x64; rv:85.0) Gecko/20100101 Firefox/85.0" www.mylavarapu.net 192.185.35.30
99.243.130.8 - - [21/Feb/2021:14:47:01 -0600] "GET /wp-content/uploads/2014/01/Balakanda_Undrajavaram_pics_1-370x191.jpg HTTP/2.0" 200 23416 "https://www.mylavarapu.net/" "Mozilla/5.0 (Windows NT 10.0; Win64; x64; rv:85.0) Gecko/20100101 Firefox/85.0" www.mylavarapu.net 192.185.35.30
192.185.35.30 - - [21/Feb/2021:14:47:03 -0600] "POST /wp-cron.php?doing_wp_cron=1613940423.4663939476013183593750 HTTP/1.1" 200 - "https://www.mylavarapu.net/wp-cron.php?doing_wp_cron=1613940423.4663939476013183593750" "WordPress/5.6.1; https://www.mylavarapu.net" www.mylavarapu.net 192.185.35.30
99.243.130.8 - - [21/Feb/2021:14:47:01 -0600] "GET /wp-json/jetpack/v4/scan HTTP/2.0" 200 148 "https://www.mylavarapu.net/" "Mozilla/5.0 (Windows NT 10.0; Win64; x64; rv:85.0) Gecko/20100101 Firefox/85.0" www.mylavarapu.net 192.185.35.30
99.243.130.8 - - [21/Feb/2021:14:47:51 -0600] "GET / HTTP/2.0" 301 - "-" "Mozilla/5.0 (Windows NT 10.0; Win64; x64) AppleWebKit/537.36 (KHTML, like Gecko) Chrome/88.0.4324.182 Safari/537.36" mylavarapu.net 192.185.35.30
192.185.35.30 - - [21/Feb/2021:14:47:53 -0600] "POST /wp-cron.php?doing_wp_cron=1613940473.1040239334106445312500 HTTP/1.1" 200 - "https://www.mylavarapu.net/wp-cron.php?doing_wp_cron=1613940473.1040239334106445312500" "WordPress/5.6.1; https://www.mylavarapu.net" www.mylavarapu.net 192.185.35.30
99.243.130.8 - - [21/Feb/2021:14:47:54 -0600] "GET / HTTP/2.0" 200 19586 "-" "Mozilla/5.0 (Windows NT 10.0; Win64; x64) AppleWebKit/537.36 (KHTML, like Gecko) Chrome/88.0.4324.182 Safari/537.36" www.mylavarapu.net 192.185.35.30
192.185.35.30 - - [21/Feb/2021:14:47:55 -0600] "POST /wp-cron.php?doing_wp_cron=1613940475.7036130428314208984375 HTTP/1.1" 200 - "https://www.mylavarapu.net/wp-cron.php?doing_wp_cron=1613940475.7036130428314208984375" "WordPress/5.6.1; https://www.mylavarapu.net" www.mylavarapu.net 192.185.35.30
99.243.130.8 - - [21/Feb/2021:14:47:57 -0600] "GET /wp-content/themes/wp-opulus/style.css HTTP/2.0" 200 12329 "https://www.mylavarapu.net/" "Mozilla/5.0 (Windows NT 10.0; Win64; x64) AppleWebKit/537.36 (KHTML, like Gecko) Chrome/88.0.4324.182 Safari/537.36" www.mylavarapu.net 192.185.35.30
99.243.130.8 - - [21/Feb/2021:14:47:57 -0600] "GET /wp-content/plugins/wp-video-lightbox/wp-video-lightbox.css?ver=5.6.1 HTTP/2.0" 200 489 "https://www.mylavarapu.net/" "Mozilla/5.0 (Windows NT 10.0; Win64; x64) AppleWebKit/537.36 (KHTML, like Gecko) Chrome/88.0.4324.182 Safari/537.36" www.mylavarapu.net 192.185.35.30
99.243.130.8 - - [21/Feb/2021:14:47:57 -0600] "GET /wp-content/plugins/wp-video-lightbox/css/prettyPhoto.css?ver=5.6.1 HTTP/2.0" 200 3950 "https://www.mylavarapu.net/" "Mozilla/5.0 (Windows NT 10.0; Win64; x64) AppleWebKit/537.36 (KHTML, like Gecko) Chrome/88.0.4324.182 Safari/537.36" www.mylavarapu.net 192.185.35.30
99.243.130.8 - - [21/Feb/2021:14:47:57 -0600] "GET /wp-content/themes/wp-opulus/css/jquery.jscrollpane.css?ver=2.0 HTTP/2.0" 200 587 "https://www.mylavarapu.net/" "Mozilla/5.0 (Windows NT 10.0; Win64; x64) AppleWebKit/537.36 (KHTML, like Gecko) Chrome/88.0.4324.182 Safari/537.36" www.mylavarapu.net 192.185.35.30
99.243.130.8 - - [21/Feb/2021:14:47:57 -0600] "GET /wp-content/plugins/elementor/assets/lib/font-awesome/css/font-awesome.min.css?ver=4.7.0 HTTP/2.0" 200 7112 "https://www.mylavarapu.net/" "Mozilla/5.0 (Windows NT 10.0; Win64; x64) AppleWebKit/537.36 (KHTML, like Gecko) Chrome/88.0.4324.182 Safari/537.36" www.mylavarapu.net 192.185.35.30
99.243.130.8 - - [21/Feb/2021:14:47:57 -0600] "GET /wp-content/plugins/ecwid-shopping-cart/css/integrations/elementor.css?ver=6.10.9 HTTP/2.0" 200 171 "https://www.mylavarapu.net/" "Mozilla/5.0 (Windows NT 10.0; Win64; x64) AppleWebKit/537.36 (KHTML, like Gecko) Chrome/88.0.4324.182 Safari/537.36" www.mylavarapu.net 192.185.35.30
99.243.130.8 - - [21/Feb/2021:14:47:57 -0600] "GET /wp-content/plugins/sticky-header/css/public.css?ver=1.0.0 HTTP/2.0" 200 390 "https://www.mylavarapu.net/" "Mozilla/5.0 (Windows NT 10.0; Win64; x64) AppleWebKit/537.36 (KHTML, like Gecko) Chrome/88.0.4324.182 Safari/537.36" www.mylavarapu.net 192.185.35.30
99.243.130.8 - - [21/Feb/2021:14:47:57 -0600] "GET /wp-content/plugins/ecwid-shopping-cart/css/frontend.css?ver=6.10.9 HTTP/2.0" 200 695 "https://www.mylavarapu.net/" "Mozilla/5.0 (Windows NT 10.0; Win64; x64) AppleWebKit/537.36 (KHTML, like Gecko) Chrome/88.0.4324.182 Safari/537.36" www.mylavarapu.net 192.185.35.30
99.243.130.8 - - [21/Feb/2021:14:47:57 -0600] "GET /wp-content/plugins/jetpack/_inc/social-logos/social-logos.min.css?ver=9.4 HTTP/2.0" 200 7939 "https://www.mylavarapu.net/" "Mozilla/5.0 (Windows NT 10.0; Win64; x64) AppleWebKit/537.36 (KHTML, like Gecko) Chrome/88.0.4324.182 Safari/537.36" www.mylavarapu.net 192.185.35.30
99.243.130.8 - - [21/Feb/2021:14:47:57 -0600] "GET /wp-includes/css/dist/block-library/style.min.css?ver=5.6.1 HTTP/2.0" 200 10424 "https://www.mylavarapu.net/" "Mozilla/5.0 (Windows NT 10.0; Win64; x64) AppleWebKit/537.36 (KHTML, like Gecko) Chrome/88.0.4324.182 Safari/537.36" www.mylavarapu.net 192.185.35.30
99.243.130.8 - - [21/Feb/2021:14:47:57 -0600] "GET /wp-content/plugins/jetpack/css/jetpack.css?ver=9.4 HTTP/2.0" 200 20639 "https://www.mylavarapu.net/" "Mozilla/5.0 (Windows NT 10.0; Win64; x64) AppleWebKit/537.36 (KHTML, like Gecko) Chrome/88.0.4324.182 Safari/537.36" www.mylavarapu.net 192.185.35.30
99.243.130.8 - - [21/Feb/2021:14:47:57 -0600] "GET /wp-content/themes/wp-opulus/css/bootstrap.min.css?ver=1.0 HTTP/2.0" 200 25602 "https://www.mylavarapu.net/" "Mozilla/5.0 (Windows NT 10.0; Win64; x64) AppleWebKit/537.36 (KHTML, like Gecko) Chrome/88.0.4324.182 Safari/537.36" www.mylavarapu.net 192.185.35.30
99.243.130.8 - - [21/Feb/2021:14:47:57 -0600] "GET /wp-content/themes/wp-opulus/js/jquery.bootstrap.min.js?ver=2.2.2 HTTP/2.0" 200 11373 "https://www.mylavarapu.net/" "Mozilla/5.0 (Windows NT 10.0; Win64; x64) AppleWebKit/537.36 (KHTML, like Gecko) Chrome/88.0.4324.182 Safari/537.36" www.mylavarapu.net 192.185.35.30
99.243.130.8 - - [21/Feb/2021:14:47:57 -0600] "GET /wp-content/plugins/all-in-one-event-calendar/cache/98c45cf6_ai1ec_parsed_css.css?ver=2.6.8 HTTP/2.0" 200 90014 "https://www.mylavarapu.net/" "Mozilla/5.0 (Windows NT 10.0; Win64; x64) AppleWebKit/537.36 (KHTML, like Gecko) Chrome/88.0.4324.182 Safari/537.36" www.mylavarapu.net 192.185.35.30
99.243.130.8 - - [21/Feb/2021:14:47:57 -0600] "GET /wp-content/plugins/wp-video-lightbox/js/jquery.prettyPhoto.min.js?ver=3.1.6 HTTP/2.0" 200 7433 "https://www.mylavarapu.net/" "Mozilla/5.0 (Windows NT 10.0; Win64; x64) AppleWebKit/537.36 (KHTML, like Gecko) Chrome/88.0.4324.182 Safari/537.36" www.mylavarapu.net 192.185.35.30
99.243.130.8 - - [21/Feb/2021:14:47:57 -0600] "GET /wp-content/plugins/wp-video-lightbox/js/video-lightbox.js?ver=3.1.6 HTTP/2.0" 200 1537 "https://www.mylavarapu.net/" "Mozilla/5.0 (Windows NT 10.0; Win64; x64) AppleWebKit/537.36 (KHTML, like Gecko) Chrome/88.0.4324.182 Safari/537.36" www.mylavarapu.net 192.185.35.30
99.243.130.8 - - [21/Feb/2021:14:47:57 -0600] "GET /wp-content/themes/wp-opulus/css/bootstrap-responsive.min.css?ver=1.0 HTTP/2.0" 200 5105 "https://www.mylavarapu.net/" "Mozilla/5.0 (Windows NT 10.0; Win64; x64) AppleWebKit/537.36 (KHTML, like Gecko) Chrome/88.0.4324.182 Safari/537.36" www.mylavarapu.net 192.185.35.30
99.243.130.8 - - [21/Feb/2021:14:47:57 -0600] "GET /wp-content/plugins/ecwid-shopping-cart/js/frontend.js?ver=6.10.9 HTTP/2.0" 200 652 "https://www.mylavarapu.net/" "Mozilla/5.0 (Windows NT 10.0; Win64; x64) AppleWebKit/537.36 (KHTML, like Gecko) Chrome/88.0.4324.182 Safari/537.36" www.mylavarapu.net 192.185.35.30
99.243.130.8 - - [21/Feb/2021:14:47:57 -0600] "GET /wp-content/themes/wp-opulus/css/bootstrap-fix.css?ver=1.0 HTTP/2.0" 200 99 "https://www.mylavarapu.net/" "Mozilla/5.0 (Windows NT 10.0; Win64; x64) AppleWebKit/537.36 (KHTML, like Gecko) Chrome/88.0.4324.182 Safari/537.36" www.mylavarapu.net 192.185.35.30
99.243.130.8 - - [21/Feb/2021:14:47:57 -0600] "GET /wp-content/plugins/sticky-header/js/public.min.js?ver=1.0.0 HTTP/2.0" 200 221 "https://www.mylavarapu.net/" "Mozilla/5.0 (Windows NT 10.0; Win64; x64) AppleWebKit/537.36 (KHTML, like Gecko) Chrome/88.0.4324.182 Safari/537.36" www.mylavarapu.net 192.185.35.30
99.243.130.8 - - [21/Feb/2021:14:47:57 -0600] "GET /wp-content/themes/wp-opulus/js/nimbus_public.js?ver=1.0 HTTP/2.0" 200 301 "https://www.mylavarapu.net/" "Mozilla/5.0 (Windows NT 10.0; Win64; x64) AppleWebKit/537.36 (KHTML, like Gecko) Chrome/88.0.4324.182 Safari/537.36" www.mylavarapu.net 192.185.35.30
99.243.130.8 - - [21/Feb/2021:14:47:57 -0600] "GET /wp-includes/js/jquery/jquery.min.js?ver=3.5.1 HTTP/2.0" 200 39076 "https://www.mylavarapu.net/" "Mozilla/5.0 (Windows NT 10.0; Win64; x64) AppleWebKit/537.36 (KHTML, like Gecko) Chrome/88.0.4324.182 Safari/537.36" www.mylavarapu.net 192.185.35.30
99.243.130.8 - - [21/Feb/2021:14:47:57 -0600] "GET /wp-content/themes/wp-opulus/js/jquery.jscrollpane.min.js?ver=2.0 HTTP/2.0" 200 5998 "https://www.mylavarapu.net/" "Mozilla/5.0 (Windows NT 10.0; Win64; x64) AppleWebKit/537.36 (KHTML, like Gecko) Chrome/88.0.4324.182 Safari/537.36" www.mylavarapu.net 192.185.35.30
99.243.130.8 - - [21/Feb/2021:14:47:57 -0600] "GET /wp-includes/js/jquery/jquery-migrate.min.js?ver=3.3.2 HTTP/2.0" 200 4618 "https://www.mylavarapu.net/" "Mozilla/5.0 (Windows NT 10.0; Win64; x64) AppleWebKit/537.36 (KHTML, like Gecko) Chrome/88.0.4324.182 Safari/537.36" www.mylavarapu.net 192.185.35.30
99.243.130.8 - - [21/Feb/2021:14:47:57 -0600] "GET /google_analytics_auto.js HTTP/2.0" 200 299 "https://www.mylavarapu.net/" "Mozilla/5.0 (Windows NT 10.0; Win64; x64) AppleWebKit/537.36 (KHTML, like Gecko) Chrome/88.0.4324.182 Safari/537.36" www.mylavarapu.net 192.185.35.30
99.243.130.8 - - [21/Feb/2021:14:47:58 -0600] "GET /wp-includes/images/rss.png HTTP/2.0" 200 608 "https://www.mylavarapu.net/" "Mozilla/5.0 (Windows NT 10.0; Win64; x64) AppleWebKit/537.36 (KHTML, like Gecko) Chrome/88.0.4324.182 Safari/537.36" www.mylavarapu.net 192.185.35.30
99.243.130.8 - - [21/Feb/2021:14:47:58 -0600] "GET /wp-includes/js/wp-embed.min.js?ver=5.6.1 HTTP/2.0" 200 777 "https://www.mylavarapu.net/" "Mozilla/5.0 (Windows NT 10.0; Win64; x64) AppleWebKit/537.36 (KHTML, like Gecko) Chrome/88.0.4324.182 Safari/537.36" www.mylavarapu.net 192.185.35.30
99.243.130.8 - - [21/Feb/2021:14:47:58 -0600] "GET /wp-content/plugins/jetpack/_inc/build/sharedaddy/sharing.min.js?ver=9.4 HTTP/2.0" 200 4564 "https://www.mylavarapu.net/" "Mozilla/5.0 (Windows NT 10.0; Win64; x64) AppleWebKit/537.36 (KHTML, like Gecko) Chrome/88.0.4324.182 Safari/537.36" www.mylavarapu.net 192.185.35.30
99.243.130.8 - - [21/Feb/2021:14:47:58 -0600] "GET /wp-content/plugins/jetpack/_inc/build/carousel/jetpack-carousel.min.js?ver=9.4 HTTP/2.0" 200 10471 "https://www.mylavarapu.net/" "Mozilla/5.0 (Windows NT 10.0; Win64; x64) AppleWebKit/537.36 (KHTML, like Gecko) Chrome/88.0.4324.182 Safari/537.36" www.mylavarapu.net 192.185.35.30
99.243.130.8 - - [21/Feb/2021:14:47:58 -0600] "GET /wp-includes/js/wp-emoji-release.min.js?ver=5.6.1 HTTP/2.0" 200 4942 "https://www.mylavarapu.net/" "Mozilla/5.0 (Windows NT 10.0; Win64; x64) AppleWebKit/537.36 (KHTML, like Gecko) Chrome/88.0.4324.182 Safari/537.36" www.mylavarapu.net 192.185.35.30
99.243.130.8 - - [21/Feb/2021:14:47:58 -0600] "GET /wp-includes/js/jquery/ui/core.min.js?ver=1.12.1 HTTP/2.0" 200 8229 "https://www.mylavarapu.net/" "Mozilla/5.0 (Windows NT 10.0; Win64; x64) AppleWebKit/537.36 (KHTML, like Gecko) Chrome/88.0.4324.182 Safari/537.36" www.mylavarapu.net 192.185.35.30
99.243.130.8 - - [21/Feb/2021:14:47:58 -0600] "GET /wp-content/uploads/2013/12/Bhakti_TV-670x424.jpg HTTP/2.0" 200 56885 "https://www.mylavarapu.net/" "Mozilla/5.0 (Windows NT 10.0; Win64; x64) AppleWebKit/537.36 (KHTML, like Gecko) Chrome/88.0.4324.182 Safari/537.36" www.mylavarapu.net 192.185.35.30
