99.243.130.8 - - [21/Feb/2021:14:47:58 -0600] "GET /wp-content/uploads/2013/12/Nanna_Lalita_TeluguOne-370x191.jpg HTTP/2.0" 200 27009 "https://www.mylavarapu.net/" "Mozilla/5.0 (Windows NT 10.0; Win64; x64) AppleWebKit/537.36 (KHTML, like Gecko) Chrome/88.0.4324.182 Safari/537.36" www.mylavarapu.net 192.185.35.30
99.243.130.8 - - [21/Feb/2021:14:47:58 -0600] "GET /wp-content/uploads/2013/12/MSR_Books-370x191.jpg HTTP/2.0" 200 42232 "https://www.mylavarapu.net/" "Mozilla/5.0 (Windows NT 10.0; Win64; x64) AppleWebKit/537.36 (KHTML, like Gecko) Chrome/88.0.4324.182 Safari/537.36" www.mylavarapu.net 192.185.35.30
99.243.130.8 - - [21/Feb/2021:14:47:58 -0600] "GET /wp-content/themes/wp-opulus/images/opulis_social_sprite.png HTTP/2.0" 200 9192 "https://www.mylavarapu.net/wp-content/themes/wp-opulus/style.css" "Mozilla/5.0 (Windows NT 10.0; Win64; x64) AppleWebKit/537.36 (KHTML, like Gecko) Chrome/88.0.4324.182 Safari/537.36" www.mylavarapu.net 192.185.35.30
99.243.130.8 - - [21/Feb/2021:14:47:58 -0600] "GET /wp-content/uploads/2014/01/Balakanda_Undrajavaram_pics_1-370x191.jpg HTTP/2.0" 200 23416 "https://www.mylavarapu.net/" "Mozilla/5.0 (Windows NT 10.0; Win64; x64) AppleWebKit/537.36 (KHTML, like Gecko) Chrome/88.0.4324.182 Safari/537.36" www.mylavarapu.net 192.185.35.30
192.185.35.30 - - [21/Feb/2021:14:47:58 -0600] "POST /wp-cron.php?doing_wp_cron=1613940478.6783111095428466796875 HTTP/1.1" 200 - "https://www.mylavarapu.net/wp-cron.php?doing_wp_cron=1613940478.6783111095428466796875" "WordPress/5.6.1; https://www.mylavarapu.net" www.mylavarapu.net 192.185.35.30
99.243.130.8 - - [21/Feb/2021:14:47:57 -0600] "GET /store/ HTTP/2.0" 200 10897 "https://www.mylavarapu.net/" "Mozilla/5.0 (Windows NT 10.0; Win64; x64) AppleWebKit/537.36 (KHTML, like Gecko) Chrome/88.0.4324.182 Safari/537.36" www.mylavarapu.net 192.185.35.30
99.243.130.8 - - [21/Feb/2021:14:48:00 -0600] "GET /wp-includes/js/comment-reply.min.js?ver=5.6.1 HTTP/2.0" 200 1470 "https://www.mylavarapu.net/store/" "Mozilla/5.0 (Windows NT 10.0; Win64; x64) AppleWebKit/537.36 (KHTML, like Gecko) Chrome/88.0.4324.182 Safari/537.36" www.mylavarapu.net 192.185.35.30
99.243.130.8 - - [21/Feb/2021:14:48:00 -0600] "GET /wp-content/plugins/ecwid-shopping-cart/js/nav-menu-frontend.js?ver=6.10.9 HTTP/2.0" 200 1011 "https://www.mylavarapu.net/store/" "Mozilla/5.0 (Windows NT 10.0; Win64; x64) AppleWebKit/537.36 (KHTML, like Gecko) Chrome/88.0.4324.182 Safari/537.36" www.mylavarapu.net 192.185.35.30
99.243.130.8 - - [21/Feb/2021:14:47:59 -0600] "GET /favicon.ico HTTP/2.0" 302 - "https://www.mylavarapu.net/" "Mozilla/5.0 (Windows NT 10.0; Win64; x64) AppleWebKit/537.36 (KHTML, like Gecko) Chrome/88.0.4324.182 Safari/537.36" www.mylavarapu.net 192.185.35.30
99.243.130.8 - - [21/Feb/2021:14:48:02 -0600] "GET /wp-includes/images/w-logo-blue-white-bg.png HTTP/2.0" 200 4119 "https://www.mylavarapu.net/" "Mozilla/5.0 (Windows NT 10.0; Win64; x64) AppleWebKit/537.36 (KHTML, like Gecko) Chrome/88.0.4324.182 Safari/537.36" www.mylavarapu.net 192.185.35.30
192.185.35.30 - - [21/Feb/2021:14:48:01 -0600] "POST /wp-cron.php?doing_wp_cron=1613940480.9732089042663574218750 HTTP/1.1" 200 - "https://www.mylavarapu.net/wp-cron.php?doing_wp_cron=1613940480.9732089042663574218750" "WordPress/5.6.1; https://www.mylavarapu.net" www.mylavarapu.net 192.185.35.30
99.243.130.8 - - [21/Feb/2021:14:49:07 -0600] "GET / HTTP/2.0" 301 - "-" "Mozilla/5.0 (Windows NT 10.0; Win64; x64) AppleWebKit/537.36 (KHTML, like Gecko) Chrome/88.0.4324.182 Safari/537.36 Edg/88.0.705.74" mylavarapu.net 192.185.35.30
192.185.35.30 - - [21/Feb/2021:14:49:08 -0600] "POST /wp-cron.php?doing_wp_cron=1613940548.6039540767669677734375 HTTP/1.1" 200 - "https://www.mylavarapu.net/wp-cron.php?doing_wp_cron=1613940548.6039540767669677734375" "WordPress/5.6.1; https://www.mylavarapu.net" www.mylavarapu.net 192.185.35.30
99.243.130.8 - - [21/Feb/2021:14:49:09 -0600] "GET / HTTP/2.0" 200 19586 "-" "Mozilla/5.0 (Windows NT 10.0; Win64; x64) AppleWebKit/537.36 (KHTML, like Gecko) Chrome/88.0.4324.182 Safari/537.36 Edg/88.0.705.74" www.mylavarapu.net 192.185.35.30
99.243.130.8 - - [21/Feb/2021:14:49:10 -0600] "GET /wp-content/plugins/jetpack/_inc/social-logos/social-logos.min.css?ver=9.4 HTTP/2.0" 200 7939 "https://www.mylavarapu.net/" "Mozilla/5.0 (Windows NT 10.0; Win64; x64) AppleWebKit/537.36 (KHTML, like Gecko) Chrome/88.0.4324.182 Safari/537.36 Edg/88.0.705.74" www.mylavarapu.net 192.185.35.30
99.243.130.8 - - [21/Feb/2021:14:49:10 -0600] "GET /wp-content/plugins/wp-video-lightbox/wp-video-lightbox.css?ver=5.6.1 HTTP/2.0" 200 489 "https://www.mylavarapu.net/" "Mozilla/5.0 (Windows NT 10.0; Win64; x64) AppleWebKit/537.36 (KHTML, like Gecko) Chrome/88.0.4324.182 Safari/537.36 Edg/88.0.705.74" www.mylavarapu.net 192.185.35.30
99.243.130.8 - - [21/Feb/2021:14:49:10 -0600] "GET /wp-content/themes/wp-opulus/css/bootstrap-responsive.min.css?ver=1.0 HTTP/2.0" 200 5105 "https://www.mylavarapu.net/" "Mozilla/5.0 (Windows NT 10.0; Win64; x64) AppleWebKit/537.36 (KHTML, like Gecko) Chrome/88.0.4324.182 Safari/537.36 Edg/88.0.705.74" www.mylavarapu.net 192.185.35.30
99.243.130.8 - - [21/Feb/2021:14:49:10 -0600] "GET /wp-content/plugins/ecwid-shopping-cart/css/integrations/elementor.css?ver=6.10.9 HTTP/2.0" 200 171 "https://www.mylavarapu.net/" "Mozilla/5.0 (Windows NT 10.0; Win64; x64) AppleWebKit/537.36 (KHTML, like Gecko) Chrome/88.0.4324.182 Safari/537.36 Edg/88.0.705.74" www.mylavarapu.net 192.185.35.30
99.243.130.8 - - [21/Feb/2021:14:49:10 -0600] "GET /wp-content/plugins/sticky-header/css/public.css?ver=1.0.0 HTTP/2.0" 200 390 "https://www.mylavarapu.net/" "Mozilla/5.0 (Windows NT 10.0; Win64; x64) AppleWebKit/537.36 (KHTML, like Gecko) Chrome/88.0.4324.182 Safari/537.36 Edg/88.0.705.74" www.mylavarapu.net 192.185.35.30
99.243.130.8 - - [21/Feb/2021:14:49:10 -0600] "GET /wp-content/plugins/ecwid-shopping-cart/css/frontend.css?ver=6.10.9 HTTP/2.0" 200 695 "https://www.mylavarapu.net/" "Mozilla/5.0 (Windows NT 10.0; Win64; x64) AppleWebKit/537.36 (KHTML, like Gecko) Chrome/88.0.4324.182 Safari/537.36 Edg/88.0.705.74" www.mylavarapu.net 192.185.35.30
99.243.130.8 - - [21/Feb/2021:14:49:10 -0600] "GET /wp-includes/css/dist/block-library/style.min.css?ver=5.6.1 HTTP/2.0" 200 10424 "https://www.mylavarapu.net/" "Mozilla/5.0 (Windows NT 10.0; Win64; x64) AppleWebKit/537.36 (KHTML, like Gecko) Chrome/88.0.4324.182 Safari/537.36 Edg/88.0.705.74" www.mylavarapu.net 192.185.35.30
99.243.130.8 - - [21/Feb/2021:14:49:10 -0600] "GET /wp-content/themes/wp-opulus/style.css HTTP/2.0" 200 12329 "https://www.mylavarapu.net/" "Mozilla/5.0 (Windows NT 10.0; Win64; x64) AppleWebKit/537.36 (KHTML, like Gecko) Chrome/88.0.4324.182 Safari/537.36 Edg/88.0.705.74" www.mylavarapu.net 192.185.35.30
99.243.130.8 - - [21/Feb/2021:14:49:10 -0600] "GET /wp-content/plugins/wp-video-lightbox/css/prettyPhoto.css?ver=5.6.1 HTTP/2.0" 200 3950 "https://www.mylavarapu.net/" "Mozilla/5.0 (Windows NT 10.0; Win64; x64) AppleWebKit/537.36 (KHTML, like Gecko) Chrome/88.0.4324.182 Safari/537.36 Edg/88.0.705.74" www.mylavarapu.net 192.185.35.30
99.243.130.8 - - [21/Feb/2021:14:49:10 -0600] "GET /wp-content/plugins/jetpack/css/jetpack.css?ver=9.4 HTTP/2.0" 200 20639 "https://www.mylavarapu.net/" "Mozilla/5.0 (Windows NT 10.0; Win64; x64) AppleWebKit/537.36 (KHTML, like Gecko) Chrome/88.0.4324.182 Safari/537.36 Edg/88.0.705.74" www.mylavarapu.net 192.185.35.30
99.243.130.8 - - [21/Feb/2021:14:49:10 -0600] "GET /wp-content/themes/wp-opulus/css/bootstrap-fix.css?ver=1.0 HTTP/2.0" 200 99 "https://www.mylavarapu.net/" "Mozilla/5.0 (Windows NT 10.0; Win64; x64) AppleWebKit/537.36 (KHTML, like Gecko) Chrome/88.0.4324.182 Safari/537.36 Edg/88.0.705.74" www.mylavarapu.net 192.185.35.30
99.243.130.8 - - [21/Feb/2021:14:49:10 -0600] "GET /wp-content/themes/wp-opulus/css/jquery.jscrollpane.css?ver=2.0 HTTP/2.0" 200 587 "https://www.mylavarapu.net/" "Mozilla/5.0 (Windows NT 10.0; Win64; x64) AppleWebKit/537.36 (KHTML, like Gecko) Chrome/88.0.4324.182 Safari/537.36 Edg/88.0.705.74" www.mylavarapu.net 192.185.35.30
99.243.130.8 - - [21/Feb/2021:14:49:10 -0600] "GET /wp-content/themes/wp-opulus/css/bootstrap.min.css?ver=1.0 HTTP/2.0" 200 25602 "https://www.mylavarapu.net/" "Mozilla/5.0 (Windows NT 10.0; Win64; x64) AppleWebKit/537.36 (KHTML, like Gecko) Chrome/88.0.4324.182 Safari/537.36 Edg/88.0.705.74" www.mylavarapu.net 192.185.35.30
99.243.130.8 - - [21/Feb/2021:14:49:10 -0600] "GET /wp-content/plugins/elementor/assets/lib/font-awesome/css/font-awesome.min.css?ver=4.7.0 HTTP/2.0" 200 7112 "https://www.mylavarapu.net/" "Mozilla/5.0 (Windows NT 10.0; Win64; x64) AppleWebKit/537.36 (KHTML, like Gecko) Chrome/88.0.4324.182 Safari/537.36 Edg/88.0.705.74" www.mylavarapu.net 192.185.35.30
99.243.130.8 - - [21/Feb/2021:14:49:10 -0600] "GET /wp-includes/js/jquery/jquery.min.js?ver=3.5.1 HTTP/2.0" 200 39076 "https://www.mylavarapu.net/" "Mozilla/5.0 (Windows NT 10.0; Win64; x64) AppleWebKit/537.36 (KHTML, like Gecko) Chrome/88.0.4324.182 Safari/537.36 Edg/88.0.705.74" www.mylavarapu.net 192.185.35.30
99.243.130.8 - - [21/Feb/2021:14:49:10 -0600] "GET /wp-includes/js/jquery/jquery-migrate.min.js?ver=3.3.2 HTTP/2.0" 200 4618 "https://www.mylavarapu.net/" "Mozilla/5.0 (Windows NT 10.0; Win64; x64) AppleWebKit/537.36 (KHTML, like Gecko) Chrome/88.0.4324.182 Safari/537.36 Edg/88.0.705.74" www.mylavarapu.net 192.185.35.30
99.243.130.8 - - [21/Feb/2021:14:49:10 -0600] "GET /wp-content/plugins/all-in-one-event-calendar/cache/98c45cf6_ai1ec_parsed_css.css?ver=2.6.8 HTTP/2.0" 200 90014 "https://www.mylavarapu.net/" "Mozilla/5.0 (Windows NT 10.0; Win64; x64) AppleWebKit/537.36 (KHTML, like Gecko) Chrome/88.0.4324.182 Safari/537.36 Edg/88.0.705.74" www.mylavarapu.net 192.185.35.30
99.243.130.8 - - [21/Feb/2021:14:49:10 -0600] "GET /wp-content/themes/wp-opulus/js/jquery.bootstrap.min.js?ver=2.2.2 HTTP/2.0" 200 11373 "https://www.mylavarapu.net/" "Mozilla/5.0 (Windows NT 10.0; Win64; x64) AppleWebKit/537.36 (KHTML, like Gecko) Chrome/88.0.4324.182 Safari/537.36 Edg/88.0.705.74" www.mylavarapu.net 192.185.35.30
99.243.130.8 - - [21/Feb/2021:14:49:10 -0600] "GET /wp-content/themes/wp-opulus/js/jquery.jscrollpane.min.js?ver=2.0 HTTP/2.0" 200 5998 "https://www.mylavarapu.net/" "Mozilla/5.0 (Windows NT 10.0; Win64; x64) AppleWebKit/537.36 (KHTML, like Gecko) Chrome/88.0.4324.182 Safari/537.36 Edg/88.0.705.74" www.mylavarapu.net 192.185.35.30
99.243.130.8 - - [21/Feb/2021:14:49:10 -0600] "GET /google_analytics_auto.js HTTP/2.0" 200 299 "https://www.mylavarapu.net/" "Mozilla/5.0 (Windows NT 10.0; Win64; x64) AppleWebKit/537.36 (KHTML, like Gecko) Chrome/88.0.4324.182 Safari/537.36 Edg/88.0.705.74" www.mylavarapu.net 192.185.35.30
99.243.130.8 - - [21/Feb/2021:14:49:10 -0600] "GET /wp-content/plugins/wp-video-lightbox/js/jquery.prettyPhoto.min.js?ver=3.1.6 HTTP/2.0" 200 7433 "https://www.mylavarapu.net/" "Mozilla/5.0 (Windows NT 10.0; Win64; x64) AppleWebKit/537.36 (KHTML, like Gecko) Chrome/88.0.4324.182 Safari/537.36 Edg/88.0.705.74" www.mylavarapu.net 192.185.35.30
99.243.130.8 - - [21/Feb/2021:14:49:10 -0600] "GET /wp-content/plugins/wp-video-lightbox/js/video-lightbox.js?ver=3.1.6 HTTP/2.0" 200 1537 "https://www.mylavarapu.net/" "Mozilla/5.0 (Windows NT 10.0; Win64; x64) AppleWebKit/537.36 (KHTML, like Gecko) Chrome/88.0.4324.182 Safari/537.36 Edg/88.0.705.74" www.mylavarapu.net 192.185.35.30
99.243.130.8 - - [21/Feb/2021:14:49:10 -0600] "GET /wp-content/plugins/ecwid-shopping-cart/js/frontend.js?ver=6.10.9 HTTP/2.0" 200 652 "https://www.mylavarapu.net/" "Mozilla/5.0 (Windows NT 10.0; Win64; x64) AppleWebKit/537.36 (KHTML, like Gecko) Chrome/88.0.4324.182 Safari/537.36 Edg/88.0.705.74" www.mylavarapu.net 192.185.35.30
99.243.130.8 - - [21/Feb/2021:14:49:10 -0600] "GET /wp-content/plugins/sticky-header/js/public.min.js?ver=1.0.0 HTTP/2.0" 200 221 "https://www.mylavarapu.net/" "Mozilla/5.0 (Windows NT 10.0; Win64; x64) AppleWebKit/537.36 (KHTML, like Gecko) Chrome/88.0.4324.182 Safari/537.36 Edg/88.0.705.74" www.mylavarapu.net 192.185.35.30
99.243.130.8 - - [21/Feb/2021:14:49:10 -0600] "GET /wp-content/themes/wp-opulus/js/nimbus_public.js?ver=1.0 HTTP/2.0" 200 301 "https://www.mylavarapu.net/" "Mozilla/5.0 (Windows NT 10.0; Win64; x64) AppleWebKit/537.36 (KHTML, like Gecko) Chrome/88.0.4324.182 Safari/537.36 Edg/88.0.705.74" www.mylavarapu.net 192.185.35.30
99.243.130.8 - - [21/Feb/2021:14:49:10 -0600] "GET /store/ HTTP/2.0" 200 10897 "https://www.mylavarapu.net/" "Mozilla/5.0 (Windows NT 10.0; Win64; x64) AppleWebKit/537.36 (KHTML, like Gecko) Chrome/88.0.4324.182 Safari/537.36 Edg/88.0.705.74" www.mylavarapu.net 192.185.35.30
99.243.130.8 - - [21/Feb/2021:14:49:11 -0600] "GET /wp-includes/js/jquery/ui/core.min.js?ver=1.12.1 HTTP/2.0" 200 8229 "https://www.mylavarapu.net/" "Mozilla/5.0 (Windows NT 10.0; Win64; x64) AppleWebKit/537.36 (KHTML, like Gecko) Chrome/88.0.4324.182 Safari/537.36 Edg/88.0.705.74" www.mylavarapu.net 192.185.35.30
99.243.130.8 - - [21/Feb/2021:14:49:11 -0600] "GET /wp-includes/images/rss.png HTTP/2.0" 200 608 "https://www.mylavarapu.net/" "Mozilla/5.0 (Windows NT 10.0; Win64; x64) AppleWebKit/537.36 (KHTML, like Gecko) Chrome/88.0.4324.182 Safari/537.36 Edg/88.0.705.74" www.mylavarapu.net 192.185.35.30
99.243.130.8 - - [21/Feb/2021:14:49:11 -0600] "GET /wp-includes/js/wp-embed.min.js?ver=5.6.1 HTTP/2.0" 200 777 "https://www.mylavarapu.net/" "Mozilla/5.0 (Windows NT 10.0; Win64; x64) AppleWebKit/537.36 (KHTML, like Gecko) Chrome/88.0.4324.182 Safari/537.36 Edg/88.0.705.74" www.mylavarapu.net 192.185.35.30
99.243.130.8 - - [21/Feb/2021:14:49:11 -0600] "GET /wp-content/plugins/jetpack/_inc/build/carousel/jetpack-carousel.min.js?ver=9.4 HTTP/2.0" 200 10471 "https://www.mylavarapu.net/" "Mozilla/5.0 (Windows NT 10.0; Win64; x64) AppleWebKit/537.36 (KHTML, like Gecko) Chrome/88.0.4324.182 Safari/537.36 Edg/88.0.705.74" www.mylavarapu.net 192.185.35.30
99.243.130.8 - - [21/Feb/2021:14:49:11 -0600] "GET /wp-content/plugins/jetpack/_inc/build/sharedaddy/sharing.min.js?ver=9.4 HTTP/2.0" 200 4564 "https://www.mylavarapu.net/" "Mozilla/5.0 (Windows NT 10.0; Win64; x64) AppleWebKit/537.36 (KHTML, like Gecko) Chrome/88.0.4324.182 Safari/537.36 Edg/88.0.705.74" www.mylavarapu.net 192.185.35.30
99.243.130.8 - - [21/Feb/2021:14:49:11 -0600] "GET /wp-includes/js/wp-emoji-release.min.js?ver=5.6.1 HTTP/2.0" 200 4942 "https://www.mylavarapu.net/" "Mozilla/5.0 (Windows NT 10.0; Win64; x64) AppleWebKit/537.36 (KHTML, like Gecko) Chrome/88.0.4324.182 Safari/537.36 Edg/88.0.705.74" www.mylavarapu.net 192.185.35.30
99.243.130.8 - - [21/Feb/2021:14:49:11 -0600] "GET /wp-content/plugins/ecwid-shopping-cart/js/nav-menu-frontend.js?ver=6.10.9 HTTP/2.0" 200 1011 "https://www.mylavarapu.net/store/" "Mozilla/5.0 (Windows NT 10.0; Win64; x64) AppleWebKit/537.36 (KHTML, like Gecko) Chrome/88.0.4324.182 Safari/537.36 Edg/88.0.705.74" www.mylavarapu.net 192.185.35.30
99.243.130.8 - - [21/Feb/2021:14:49:11 -0600] "GET /wp-includes/js/comment-reply.min.js?ver=5.6.1 HTTP/2.0" 200 1470 "https://www.mylavarapu.net/store/" "Mozilla/5.0 (Windows NT 10.0; Win64; x64) AppleWebKit/537.36 (KHTML, like Gecko) Chrome/88.0.4324.182 Safari/537.36 Edg/88.0.705.74" www.mylavarapu.net 192.185.35.30
99.243.130.8 - - [21/Feb/2021:14:49:11 -0600] "GET /wp-content/themes/wp-opulus/images/opulis_social_sprite.png HTTP/2.0" 200 9192 "https://www.mylavarapu.net/wp-content/themes/wp-opulus/style.css" "Mozilla/5.0 (Windows NT 10.0; Win64; x64) AppleWebKit/537.36 (KHTML, like Gecko) Chrome/88.0.4324.182 Safari/537.36 Edg/88.0.705.74" www.mylavarapu.net 192.185.35.30
99.243.130.8 - - [21/Feb/2021:14:49:11 -0600] "GET /wp-content/uploads/2013/12/Bhakti_TV-670x424.jpg HTTP/2.0" 200 56885 "https://www.mylavarapu.net/" "Mozilla/5.0 (Windows NT 10.0; Win64; x64) AppleWebKit/537.36 (KHTML, like Gecko) Chrome/88.0.4324.182 Safari/537.36 Edg/88.0.705.74" www.mylavarapu.net 192.185.35.30
99.243.130.8 - - [21/Feb/2021:14:49:11 -0600] "GET /wp-content/uploads/2013/12/Nanna_Lalita_TeluguOne-370x191.jpg HTTP/2.0" 200 27009 "https://www.mylavarapu.net/" "Mozilla/5.0 (Windows NT 10.0; Win64; x64) AppleWebKit/537.36 (KHTML, like Gecko) Chrome/88.0.4324.182 Safari/537.36 Edg/88.0.705.74" www.mylavarapu.net 192.185.35.30
99.243.130.8 - - [21/Feb/2021:14:49:11 -0600] "GET /wp-content/uploads/2014/01/Balakanda_Undrajavaram_pics_1-370x191.jpg HTTP/2.0" 200 23416 "https://www.mylavarapu.net/" "Mozilla/5.0 (Windows NT 10.0; Win64; x64) AppleWebKit/537.36 (KHTML, like Gecko) Chrome/88.0.4324.182 Safari/537.36 Edg/88.0.705.74" www.mylavarapu.net 192.185.35.30
99.243.130.8 - - [21/Feb/2021:14:49:11 -0600] "GET /wp-content/uploads/2013/12/MSR_Books-370x191.jpg HTTP/2.0" 200 42232 "https://www.mylavarapu.net/" "Mozilla/5.0 (Windows NT 10.0; Win64; x64) AppleWebKit/537.36 (KHTML, like Gecko) Chrome/88.0.4324.182 Safari/537.36 Edg/88.0.705.74" www.mylavarapu.net 192.185.35.30
99.243.130.8 - - [21/Feb/2021:14:49:13 -0600] "GET /favicon.ico HTTP/2.0" 302 - "https://www.mylavarapu.net/" "Mozilla/5.0 (Windows NT 10.0; Win64; x64) AppleWebKit/537.36 (KHTML, like Gecko) Chrome/88.0.4324.182 Safari/537.36 Edg/88.0.705.74" www.mylavarapu.net 192.185.35.30
99.243.130.8 - - [21/Feb/2021:14:49:15 -0600] "GET /wp-includes/images/w-logo-blue-white-bg.png HTTP/2.0" 200 4119 "https://www.mylavarapu.net/" "Mozilla/5.0 (Windows NT 10.0; Win64; x64) AppleWebKit/537.36 (KHTML, like Gecko) Chrome/88.0.4324.182 Safari/537.36 Edg/88.0.705.74" www.mylavarapu.net 192.185.35.30
192.185.35.30 - - [21/Feb/2021:14:49:14 -0600] "POST /wp-cron.php?doing_wp_cron=1613940554.3386890888214111328125 HTTP/1.1" 200 - "https://www.mylavarapu.net/wp-cron.php?doing_wp_cron=1613940554.3386890888214111328125" "WordPress/5.6.1; https://www.mylavarapu.net" www.mylavarapu.net 192.185.35.30
99.243.130.8 - - [21/Feb/2021:14:49:56 -0600] "GET /wp-content/uploads/2014/02/Audio_File-140x90.jpg HTTP/2.0" 200 5923 "https://www.mylavarapu.net/" "Mozilla/5.0 (Windows NT 10.0; Win64; x64) AppleWebKit/537.36 (KHTML, like Gecko) Chrome/88.0.4324.182 Safari/537.36 Edg/88.0.705.74" www.mylavarapu.net 192.185.35.30
99.243.130.8 - - [21/Feb/2021:14:49:57 -0600] "GET /wp-content/uploads/2014/01/Lalite_Namostutae-140x90.jpg HTTP/2.0" 200 7716 "https://www.mylavarapu.net/" "Mozilla/5.0 (Windows NT 10.0; Win64; x64) AppleWebKit/537.36 (KHTML, like Gecko) Chrome/88.0.4324.182 Safari/537.36 Edg/88.0.705.74" www.mylavarapu.net 192.185.35.30
99.243.130.8 - - [21/Feb/2021:14:50:05 -0600] "GET /wp-includes/js/wp-emoji-release.min.js?ver=5.6.1 HTTP/2.0" 200 4942 "-" "Mozilla/5.0 (Windows NT 10.0; Win64; x64) AppleWebKit/537.36 (KHTML, like Gecko) Chrome/88.0.4324.182 Safari/537.36 Edg/88.0.705.74" www.mylavarapu.net 192.185.35.30
99.243.130.8 - - [21/Feb/2021:14:50:06 -0600] "GET /wp-content/uploads/2013/12/Bhakti_TV-670x424.jpg HTTP/2.0" 200 56885 "-" "Mozilla/5.0 (Windows NT 10.0; Win64; x64) AppleWebKit/537.36 (KHTML, like Gecko) Chrome/88.0.4324.182 Safari/537.36 Edg/88.0.705.74" www.mylavarapu.net 192.185.35.30
99.243.130.8 - - [21/Feb/2021:14:50:09 -0600] "GET /about/ HTTP/2.0" 200 14484 "-" "Mozilla/5.0 (Windows NT 10.0; Win64; x64) AppleWebKit/537.36 (KHTML, like Gecko) Chrome/88.0.4324.182 Safari/537.36 Edg/88.0.705.74" www.mylavarapu.net 192.185.35.30
192.185.35.30 - - [21/Feb/2021:14:50:11 -0600] "POST /wp-cron.php?doing_wp_cron=1613940611.0694649219512939453125 HTTP/1.1" 200 - "https://www.mylavarapu.net/wp-cron.php?doing_wp_cron=1613940611.0694649219512939453125" "WordPress/5.6.1; https://www.mylavarapu.net" www.mylavarapu.net 192.185.35.30
99.243.130.8 - - [21/Feb/2021:14:50:12 -0600] "GET /wp-content/themes/wp-opulus/images/sidebar_divide.png HTTP/2.0" 200 2910 "https://www.mylavarapu.net/wp-content/themes/wp-opulus/style.css" "Mozilla/5.0 (Windows NT 10.0; Win64; x64) AppleWebKit/537.36 (KHTML, like Gecko) Chrome/88.0.4324.182 Safari/537.36 Edg/88.0.705.74" www.mylavarapu.net 192.185.35.30
99.243.130.8 - - [21/Feb/2021:14:50:13 -0600] "GET /wp-content/uploads/2013/12/Nanna_New_FB-e1386367400847.jpg HTTP/2.0" 200 49380 "https://www.mylavarapu.net/about/" "Mozilla/5.0 (Windows NT 10.0; Win64; x64) AppleWebKit/537.36 (KHTML, like Gecko) Chrome/88.0.4324.182 Safari/537.36 Edg/88.0.705.74" www.mylavarapu.net 192.185.35.30
99.243.130.8 - - [21/Feb/2021:14:50:13 -0600] "GET /wp-content/uploads/2013/12/Sundarakandamu-225x300.jpg HTTP/2.0" 200 26111 "https://www.mylavarapu.net/about/" "Mozilla/5.0 (Windows NT 10.0; Win64; x64) AppleWebKit/537.36 (KHTML, like Gecko) Chrome/88.0.4324.182 Safari/537.36 Edg/88.0.705.74" www.mylavarapu.net 192.185.35.30
99.243.130.8 - - [21/Feb/2021:14:50:49 -0600] "GET / HTTP/2.0" 200 23978 "-" "Mozilla/5.0 (Windows NT 10.0; Win64; x64; rv:85.0) Gecko/20100101 Firefox/85.0" www.mylavarapu.net 192.185.35.30
99.243.130.8 - - [21/Feb/2021:14:50:50 -0600] "GET /wp-content/themes/wp-opulus/style.css HTTP/2.0" 200 - "https://www.mylavarapu.net/" "Mozilla/5.0 (Windows NT 10.0; Win64; x64; rv:85.0) Gecko/20100101 Firefox/85.0" www.mylavarapu.net 192.185.35.30
99.243.130.8 - - [21/Feb/2021:14:50:50 -0600] "GET /wp-json/jetpack/v4/scan HTTP/2.0" 200 148 "https://www.mylavarapu.net/" "Mozilla/5.0 (Windows NT 10.0; Win64; x64; rv:85.0) Gecko/20100101 Firefox/85.0" www.mylavarapu.net 192.185.35.30
192.185.35.30 - - [21/Feb/2021:14:50:52 -0600] "POST /wp-cron.php?doing_wp_cron=1613940652.0310370922088623046875 HTTP/1.1" 200 - "https://www.mylavarapu.net/wp-cron.php?doing_wp_cron=1613940652.0310370922088623046875" "WordPress/5.6.1; https://www.mylavarapu.net" www.mylavarapu.net 192.185.35.30
24.19.160.64 - - [21/Feb/2021:14:55:45 -0600] "GET / HTTP/2.0" 301 - "-" "Mozilla/5.0 (Macintosh; Intel Mac OS X 10_15_7) AppleWebKit/537.36 (KHTML, like Gecko) Chrome/88.0.4324.182 Safari/537.36" mylavarapu.net 192.185.35.30
24.19.160.64 - - [21/Feb/2021:14:55:43 -0600] "GET / HTTP/2.0" 301 - "-" "Mozilla/5.0 (Macintosh; Intel Mac OS X 10_15_7) AppleWebKit/537.36 (KHTML, like Gecko) Chrome/88.0.4324.182 Safari/537.36" mylavarapu.net 192.185.35.30
192.185.35.30 - - [21/Feb/2021:14:55:45 -0600] "POST /wp-cron.php?doing_wp_cron=1613940945.3956470489501953125000 HTTP/1.1" 200 - "https://www.mylavarapu.net/wp-cron.php?doing_wp_cron=1613940945.3956470489501953125000" "WordPress/5.6.1; https://www.mylavarapu.net" www.mylavarapu.net 192.185.35.30
24.19.160.64 - - [21/Feb/2021:14:55:46 -0600] "GET / HTTP/2.0" 200 19586 "-" "Mozilla/5.0 (Macintosh; Intel Mac OS X 10_15_7) AppleWebKit/537.36 (KHTML, like Gecko) Chrome/88.0.4324.182 Safari/537.36" www.mylavarapu.net 192.185.35.30
24.19.160.64 - - [21/Feb/2021:14:55:47 -0600] "GET /wp-content/themes/wp-opulus/style.css HTTP/2.0" 200 12329 "https://www.mylavarapu.net/" "Mozilla/5.0 (Macintosh; Intel Mac OS X 10_15_7) AppleWebKit/537.36 (KHTML, like Gecko) Chrome/88.0.4324.182 Safari/537.36" www.mylavarapu.net 192.185.35.30
24.19.160.64 - - [21/Feb/2021:14:55:47 -0600] "GET /wp-content/plugins/wp-video-lightbox/css/prettyPhoto.css?ver=5.6.1 HTTP/2.0" 200 3950 "https://www.mylavarapu.net/" "Mozilla/5.0 (Macintosh; Intel Mac OS X 10_15_7) AppleWebKit/537.36 (KHTML, like Gecko) Chrome/88.0.4324.182 Safari/537.36" www.mylavarapu.net 192.185.35.30
24.19.160.64 - - [21/Feb/2021:14:55:47 -0600] "GET /wp-content/plugins/all-in-one-event-calendar/cache/98c45cf6_ai1ec_parsed_css.css?ver=2.6.8 HTTP/2.0" 200 90014 "https://www.mylavarapu.net/" "Mozilla/5.0 (Macintosh; Intel Mac OS X 10_15_7) AppleWebKit/537.36 (KHTML, like Gecko) Chrome/88.0.4324.182 Safari/537.36" www.mylavarapu.net 192.185.35.30
24.19.160.64 - - [21/Feb/2021:14:55:47 -0600] "GET /wp-content/plugins/wp-video-lightbox/wp-video-lightbox.css?ver=5.6.1 HTTP/2.0" 200 489 "https://www.mylavarapu.net/" "Mozilla/5.0 (Macintosh; Intel Mac OS X 10_15_7) AppleWebKit/537.36 (KHTML, like Gecko) Chrome/88.0.4324.182 Safari/537.36" www.mylavarapu.net 192.185.35.30
24.19.160.64 - - [21/Feb/2021:14:55:47 -0600] "GET /wp-includes/css/dist/block-library/style.min.css?ver=5.6.1 HTTP/2.0" 200 10424 "https://www.mylavarapu.net/" "Mozilla/5.0 (Macintosh; Intel Mac OS X 10_15_7) AppleWebKit/537.36 (KHTML, like Gecko) Chrome/88.0.4324.182 Safari/537.36" www.mylavarapu.net 192.185.35.30
24.19.160.64 - - [21/Feb/2021:14:55:47 -0600] "GET /wp-content/plugins/ecwid-shopping-cart/css/integrations/elementor.css?ver=6.10.9 HTTP/2.0" 200 171 "https://www.mylavarapu.net/" "Mozilla/5.0 (Macintosh; Intel Mac OS X 10_15_7) AppleWebKit/537.36 (KHTML, like Gecko) Chrome/88.0.4324.182 Safari/537.36" www.mylavarapu.net 192.185.35.30
24.19.160.64 - - [21/Feb/2021:14:55:47 -0600] "GET /wp-content/plugins/ecwid-shopping-cart/css/frontend.css?ver=6.10.9 HTTP/2.0" 200 695 "https://www.mylavarapu.net/" "Mozilla/5.0 (Macintosh; Intel Mac OS X 10_15_7) AppleWebKit/537.36 (KHTML, like Gecko) Chrome/88.0.4324.182 Safari/537.36" www.mylavarapu.net 192.185.35.30
24.19.160.64 - - [21/Feb/2021:14:55:47 -0600] "GET /wp-content/plugins/sticky-header/css/public.css?ver=1.0.0 HTTP/2.0" 200 390 "https://www.mylavarapu.net/" "Mozilla/5.0 (Macintosh; Intel Mac OS X 10_15_7) AppleWebKit/537.36 (KHTML, like Gecko) Chrome/88.0.4324.182 Safari/537.36" www.mylavarapu.net 192.185.35.30
24.19.160.64 - - [21/Feb/2021:14:55:47 -0600] "GET /wp-content/plugins/ecwid-shopping-cart/js/frontend.js?ver=6.10.9 HTTP/2.0" 200 652 "https://www.mylavarapu.net/" "Mozilla/5.0 (Macintosh; Intel Mac OS X 10_15_7) AppleWebKit/537.36 (KHTML, like Gecko) Chrome/88.0.4324.182 Safari/537.36" www.mylavarapu.net 192.185.35.30
24.19.160.64 - - [21/Feb/2021:14:55:47 -0600] "GET /wp-content/plugins/wp-video-lightbox/js/jquery.prettyPhoto.min.js?ver=3.1.6 HTTP/2.0" 200 7433 "https://www.mylavarapu.net/" "Mozilla/5.0 (Macintosh; Intel Mac OS X 10_15_7) AppleWebKit/537.36 (KHTML, like Gecko) Chrome/88.0.4324.182 Safari/537.36" www.mylavarapu.net 192.185.35.30
24.19.160.64 - - [21/Feb/2021:14:55:47 -0600] "GET /wp-content/themes/wp-opulus/css/jquery.jscrollpane.css?ver=2.0 HTTP/2.0" 200 587 "https://www.mylavarapu.net/" "Mozilla/5.0 (Macintosh; Intel Mac OS X 10_15_7) AppleWebKit/537.36 (KHTML, like Gecko) Chrome/88.0.4324.182 Safari/537.36" www.mylavarapu.net 192.185.35.30
24.19.160.64 - - [21/Feb/2021:14:55:47 -0600] "GET /wp-content/plugins/jetpack/_inc/social-logos/social-logos.min.css?ver=9.4 HTTP/2.0" 200 7939 "https://www.mylavarapu.net/" "Mozilla/5.0 (Macintosh; Intel Mac OS X 10_15_7) AppleWebKit/537.36 (KHTML, like Gecko) Chrome/88.0.4324.182 Safari/537.36" www.mylavarapu.net 192.185.35.30
24.19.160.64 - - [21/Feb/2021:14:55:47 -0600] "GET /wp-content/themes/wp-opulus/css/bootstrap-responsive.min.css?ver=1.0 HTTP/2.0" 200 5105 "https://www.mylavarapu.net/" "Mozilla/5.0 (Macintosh; Intel Mac OS X 10_15_7) AppleWebKit/537.36 (KHTML, like Gecko) Chrome/88.0.4324.182 Safari/537.36" www.mylavarapu.net 192.185.35.30
24.19.160.64 - - [21/Feb/2021:14:55:47 -0600] "GET /wp-content/themes/wp-opulus/css/bootstrap-fix.css?ver=1.0 HTTP/2.0" 200 99 "https://www.mylavarapu.net/" "Mozilla/5.0 (Macintosh; Intel Mac OS X 10_15_7) AppleWebKit/537.36 (KHTML, like Gecko) Chrome/88.0.4324.182 Safari/537.36" www.mylavarapu.net 192.185.35.30
24.19.160.64 - - [21/Feb/2021:14:55:47 -0600] "GET /wp-content/plugins/jetpack/css/jetpack.css?ver=9.4 HTTP/2.0" 200 20639 "https://www.mylavarapu.net/" "Mozilla/5.0 (Macintosh; Intel Mac OS X 10_15_7) AppleWebKit/537.36 (KHTML, like Gecko) Chrome/88.0.4324.182 Safari/537.36" www.mylavarapu.net 192.185.35.30
24.19.160.64 - - [21/Feb/2021:14:55:47 -0600] "GET /google_analytics_auto.js HTTP/2.0" 200 299 "https://www.mylavarapu.net/" "Mozilla/5.0 (Macintosh; Intel Mac OS X 10_15_7) AppleWebKit/537.36 (KHTML, like Gecko) Chrome/88.0.4324.182 Safari/537.36" www.mylavarapu.net 192.185.35.30
24.19.160.64 - - [21/Feb/2021:14:55:47 -0600] "GET /wp-content/plugins/sticky-header/js/public.min.js?ver=1.0.0 HTTP/2.0" 200 221 "https://www.mylavarapu.net/" "Mozilla/5.0 (Macintosh; Intel Mac OS X 10_15_7) AppleWebKit/537.36 (KHTML, like Gecko) Chrome/88.0.4324.182 Safari/537.36" www.mylavarapu.net 192.185.35.30
24.19.160.64 - - [21/Feb/2021:14:55:47 -0600] "GET /wp-content/themes/wp-opulus/js/nimbus_public.js?ver=1.0 HTTP/2.0" 200 301 "https://www.mylavarapu.net/" "Mozilla/5.0 (Macintosh; Intel Mac OS X 10_15_7) AppleWebKit/537.36 (KHTML, like Gecko) Chrome/88.0.4324.182 Safari/537.36" www.mylavarapu.net 192.185.35.30
24.19.160.64 - - [21/Feb/2021:14:55:47 -0600] "GET /wp-content/plugins/elementor/assets/lib/font-awesome/css/font-awesome.min.css?ver=4.7.0 HTTP/2.0" 200 7112 "https://www.mylavarapu.net/" "Mozilla/5.0 (Macintosh; Intel Mac OS X 10_15_7) AppleWebKit/537.36 (KHTML, like Gecko) Chrome/88.0.4324.182 Safari/537.36" www.mylavarapu.net 192.185.35.30
24.19.160.64 - - [21/Feb/2021:14:55:47 -0600] "GET /wp-includes/js/jquery/jquery-migrate.min.js?ver=3.3.2 HTTP/2.0" 200 4618 "https://www.mylavarapu.net/" "Mozilla/5.0 (Macintosh; Intel Mac OS X 10_15_7) AppleWebKit/537.36 (KHTML, like Gecko) Chrome/88.0.4324.182 Safari/537.36" www.mylavarapu.net 192.185.35.30
24.19.160.64 - - [21/Feb/2021:14:55:47 -0600] "GET /wp-content/plugins/wp-video-lightbox/js/video-lightbox.js?ver=3.1.6 HTTP/2.0" 200 1537 "https://www.mylavarapu.net/" "Mozilla/5.0 (Macintosh; Intel Mac OS X 10_15_7) AppleWebKit/537.36 (KHTML, like Gecko) Chrome/88.0.4324.182 Safari/537.36" www.mylavarapu.net 192.185.35.30
24.19.160.64 - - [21/Feb/2021:14:55:47 -0600] "GET /wp-content/themes/wp-opulus/js/jquery.jscrollpane.min.js?ver=2.0 HTTP/2.0" 200 5998 "https://www.mylavarapu.net/" "Mozilla/5.0 (Macintosh; Intel Mac OS X 10_15_7) AppleWebKit/537.36 (KHTML, like Gecko) Chrome/88.0.4324.182 Safari/537.36" www.mylavarapu.net 192.185.35.30
24.19.160.64 - - [21/Feb/2021:14:55:47 -0600] "GET /wp-includes/js/jquery/jquery.min.js?ver=3.5.1 HTTP/2.0" 200 39076 "https://www.mylavarapu.net/" "Mozilla/5.0 (Macintosh; Intel Mac OS X 10_15_7) AppleWebKit/537.36 (KHTML, like Gecko) Chrome/88.0.4324.182 Safari/537.36" www.mylavarapu.net 192.185.35.30
24.19.160.64 - - [21/Feb/2021:14:55:47 -0600] "GET /wp-content/themes/wp-opulus/css/bootstrap.min.css?ver=1.0 HTTP/2.0" 200 25602 "https://www.mylavarapu.net/" "Mozilla/5.0 (Macintosh; Intel Mac OS X 10_15_7) AppleWebKit/537.36 (KHTML, like Gecko) Chrome/88.0.4324.182 Safari/537.36" www.mylavarapu.net 192.185.35.30
24.19.160.64 - - [21/Feb/2021:14:55:47 -0600] "GET /wp-content/themes/wp-opulus/js/jquery.bootstrap.min.js?ver=2.2.2 HTTP/2.0" 200 11373 "https://www.mylavarapu.net/" "Mozilla/5.0 (Macintosh; Intel Mac OS X 10_15_7) AppleWebKit/537.36 (KHTML, like Gecko) Chrome/88.0.4324.182 Safari/537.36" www.mylavarapu.net 192.185.35.30
24.19.160.64 - - [21/Feb/2021:14:55:48 -0600] "GET /wp-includes/images/rss.png HTTP/2.0" 200 608 "https://www.mylavarapu.net/" "Mozilla/5.0 (Macintosh; Intel Mac OS X 10_15_7) AppleWebKit/537.36 (KHTML, like Gecko) Chrome/88.0.4324.182 Safari/537.36" www.mylavarapu.net 192.185.35.30
24.19.160.64 - - [21/Feb/2021:14:55:48 -0600] "GET /wp-content/plugins/jetpack/_inc/build/sharedaddy/sharing.min.js?ver=9.4 HTTP/2.0" 200 4564 "https://www.mylavarapu.net/" "Mozilla/5.0 (Macintosh; Intel Mac OS X 10_15_7) AppleWebKit/537.36 (KHTML, like Gecko) Chrome/88.0.4324.182 Safari/537.36" www.mylavarapu.net 192.185.35.30
24.19.160.64 - - [21/Feb/2021:14:55:48 -0600] "GET /wp-includes/js/jquery/ui/core.min.js?ver=1.12.1 HTTP/2.0" 200 8229 "https://www.mylavarapu.net/" "Mozilla/5.0 (Macintosh; Intel Mac OS X 10_15_7) AppleWebKit/537.36 (KHTML, like Gecko) Chrome/88.0.4324.182 Safari/537.36" www.mylavarapu.net 192.185.35.30
24.19.160.64 - - [21/Feb/2021:14:55:48 -0600] "GET /wp-includes/js/wp-embed.min.js?ver=5.6.1 HTTP/2.0" 200 777 "https://www.mylavarapu.net/" "Mozilla/5.0 (Macintosh; Intel Mac OS X 10_15_7) AppleWebKit/537.36 (KHTML, like Gecko) Chrome/88.0.4324.182 Safari/537.36" www.mylavarapu.net 192.185.35.30
24.19.160.64 - - [21/Feb/2021:14:55:48 -0600] "GET /wp-content/plugins/jetpack/_inc/build/carousel/jetpack-carousel.min.js?ver=9.4 HTTP/2.0" 200 10471 "https://www.mylavarapu.net/" "Mozilla/5.0 (Macintosh; Intel Mac OS X 10_15_7) AppleWebKit/537.36 (KHTML, like Gecko) Chrome/88.0.4324.182 Safari/537.36" www.mylavarapu.net 192.185.35.30
24.19.160.64 - - [21/Feb/2021:14:55:48 -0600] "GET /wp-includes/js/wp-emoji-release.min.js?ver=5.6.1 HTTP/2.0" 200 4942 "https://www.mylavarapu.net/" "Mozilla/5.0 (Macintosh; Intel Mac OS X 10_15_7) AppleWebKit/537.36 (KHTML, like Gecko) Chrome/88.0.4324.182 Safari/537.36" www.mylavarapu.net 192.185.35.30
24.19.160.64 - - [21/Feb/2021:14:55:47 -0600] "GET /store/ HTTP/2.0" 200 10897 "https://www.mylavarapu.net/" "Mozilla/5.0 (Macintosh; Intel Mac OS X 10_15_7) AppleWebKit/537.36 (KHTML, like Gecko) Chrome/88.0.4324.182 Safari/537.36" www.mylavarapu.net 192.185.35.30
24.19.160.64 - - [21/Feb/2021:14:55:48 -0600] "GET /wp-content/themes/wp-opulus/images/opulis_social_sprite.png HTTP/2.0" 200 9192 "https://www.mylavarapu.net/wp-content/themes/wp-opulus/style.css" "Mozilla/5.0 (Macintosh; Intel Mac OS X 10_15_7) AppleWebKit/537.36 (KHTML, like Gecko) Chrome/88.0.4324.182 Safari/537.36" www.mylavarapu.net 192.185.35.30
24.19.160.64 - - [21/Feb/2021:14:55:48 -0600] "GET /wp-content/uploads/2013/12/Bhakti_TV-670x424.jpg HTTP/2.0" 200 56885 "https://www.mylavarapu.net/" "Mozilla/5.0 (Macintosh; Intel Mac OS X 10_15_7) AppleWebKit/537.36 (KHTML, like Gecko) Chrome/88.0.4324.182 Safari/537.36" www.mylavarapu.net 192.185.35.30
24.19.160.64 - - [21/Feb/2021:14:55:48 -0600] "GET /wp-content/uploads/2013/12/Nanna_Lalita_TeluguOne-370x191.jpg HTTP/2.0" 200 27009 "https://www.mylavarapu.net/" "Mozilla/5.0 (Macintosh; Intel Mac OS X 10_15_7) AppleWebKit/537.36 (KHTML, like Gecko) Chrome/88.0.4324.182 Safari/537.36" www.mylavarapu.net 192.185.35.30
24.19.160.64 - - [21/Feb/2021:14:55:48 -0600] "GET /wp-content/plugins/ecwid-shopping-cart/js/nav-menu-frontend.js?ver=6.10.9 HTTP/2.0" 200 1011 "https://www.mylavarapu.net/store/" "Mozilla/5.0 (Macintosh; Intel Mac OS X 10_15_7) AppleWebKit/537.36 (KHTML, like Gecko) Chrome/88.0.4324.182 Safari/537.36" www.mylavarapu.net 192.185.35.30
24.19.160.64 - - [21/Feb/2021:14:55:48 -0600] "GET /wp-content/uploads/2014/01/Balakanda_Undrajavaram_pics_1-370x191.jpg HTTP/2.0" 200 23416 "https://www.mylavarapu.net/" "Mozilla/5.0 (Macintosh; Intel Mac OS X 10_15_7) AppleWebKit/537.36 (KHTML, like Gecko) Chrome/88.0.4324.182 Safari/537.36" www.mylavarapu.net 192.185.35.30
24.19.160.64 - - [21/Feb/2021:14:55:48 -0600] "GET /wp-content/uploads/2013/12/MSR_Books-370x191.jpg HTTP/2.0" 200 42232 "https://www.mylavarapu.net/" "Mozilla/5.0 (Macintosh; Intel Mac OS X 10_15_7) AppleWebKit/537.36 (KHTML, like Gecko) Chrome/88.0.4324.182 Safari/537.36" www.mylavarapu.net 192.185.35.30
24.19.160.64 - - [21/Feb/2021:14:55:48 -0600] "GET /wp-includes/js/comment-reply.min.js?ver=5.6.1 HTTP/2.0" 200 1470 "https://www.mylavarapu.net/store/" "Mozilla/5.0 (Macintosh; Intel Mac OS X 10_15_7) AppleWebKit/537.36 (KHTML, like Gecko) Chrome/88.0.4324.182 Safari/537.36" www.mylavarapu.net 192.185.35.30
24.19.160.64 - - [21/Feb/2021:14:55:49 -0600] "GET /favicon.ico HTTP/2.0" 302 - "https://www.mylavarapu.net/" "Mozilla/5.0 (Macintosh; Intel Mac OS X 10_15_7) AppleWebKit/537.36 (KHTML, like Gecko) Chrome/88.0.4324.182 Safari/537.36" www.mylavarapu.net 192.185.35.30
192.185.35.30 - - [21/Feb/2021:14:55:51 -0600] "POST /wp-cron.php?doing_wp_cron=1613940951.0337030887603759765625 HTTP/1.1" 200 - "https://www.mylavarapu.net/wp-cron.php?doing_wp_cron=1613940951.0337030887603759765625" "WordPress/5.6.1; https://www.mylavarapu.net" www.mylavarapu.net 192.185.35.30
24.19.160.64 - - [21/Feb/2021:14:56:01 -0600] "GET /wp-content/uploads/2014/02/Audio_File-140x90.jpg HTTP/2.0" 200 5923 "https://www.mylavarapu.net/" "Mozilla/5.0 (Macintosh; Intel Mac OS X 10_15_7) AppleWebKit/537.36 (KHTML, like Gecko) Chrome/88.0.4324.182 Safari/537.36" www.mylavarapu.net 192.185.35.30
24.19.160.64 - - [21/Feb/2021:14:56:01 -0600] "GET /wp-content/uploads/2014/01/Lalite_Namostutae-140x90.jpg HTTP/2.0" 200 7716 "https://www.mylavarapu.net/" "Mozilla/5.0 (Macintosh; Intel Mac OS X 10_15_7) AppleWebKit/537.36 (KHTML, like Gecko) Chrome/88.0.4324.182 Safari/537.36" www.mylavarapu.net 192.185.35.30
24.19.160.64 - - [21/Feb/2021:14:57:21 -0600] "GET / HTTP/2.0" 200 - "-" "Mozilla/5.0 (Macintosh; Intel Mac OS X 10_15_7) AppleWebKit/537.36 (KHTML, like Gecko) Chrome/88.0.4324.182 Safari/537.36" www.mylavarapu.net 192.185.35.30
24.19.160.64 - - [21/Feb/2021:14:57:22 -0600] "GET /about/ HTTP/2.0" 200 14484 "-" "Mozilla/5.0 (Macintosh; Intel Mac OS X 10_15_7) AppleWebKit/537.36 (KHTML, like Gecko) Chrome/88.0.4324.182 Safari/537.36" www.mylavarapu.net 192.185.35.30
24.19.160.64 - - [21/Feb/2021:14:57:23 -0600] "GET /wp-content/themes/wp-opulus/images/sidebar_divide.png HTTP/2.0" 200 2910 "https://www.mylavarapu.net/wp-content/themes/wp-opulus/style.css" "Mozilla/5.0 (Macintosh; Intel Mac OS X 10_15_7) AppleWebKit/537.36 (KHTML, like Gecko) Chrome/88.0.4324.182 Safari/537.36" www.mylavarapu.net 192.185.35.30
24.19.160.64 - - [21/Feb/2021:14:57:23 -0600] "GET /wp-content/uploads/2013/12/Nanna_New_FB-e1386367400847.jpg HTTP/2.0" 200 49380 "https://www.mylavarapu.net/about/" "Mozilla/5.0 (Macintosh; Intel Mac OS X 10_15_7) AppleWebKit/537.36 (KHTML, like Gecko) Chrome/88.0.4324.182 Safari/537.36" www.mylavarapu.net 192.185.35.30
24.19.160.64 - - [21/Feb/2021:14:57:23 -0600] "GET /wp-content/uploads/2013/12/Sundarakandamu.jpg HTTP/2.0" 200 17909 "https://www.mylavarapu.net/about/" "Mozilla/5.0 (Macintosh; Intel Mac OS X 10_15_7) AppleWebKit/537.36 (KHTML, like Gecko) Chrome/88.0.4324.182 Safari/537.36" www.mylavarapu.net 192.185.35.30
24.19.160.64 - - [21/Feb/2021:14:57:24 -0600] "GET /favicon.ico HTTP/2.0" 302 - "https://www.mylavarapu.net/about/" "Mozilla/5.0 (Macintosh; Intel Mac OS X 10_15_7) AppleWebKit/537.36 (KHTML, like Gecko) Chrome/88.0.4324.182 Safari/537.36" www.mylavarapu.net 192.185.35.30
192.185.35.30 - - [21/Feb/2021:14:57:25 -0600] "POST /wp-cron.php?doing_wp_cron=1613941045.8154819011688232421875 HTTP/1.1" 200 - "https://www.mylavarapu.net/wp-cron.php?doing_wp_cron=1613941045.8154819011688232421875" "WordPress/5.6.1; https://www.mylavarapu.net" www.mylavarapu.net 192.185.35.30
24.19.160.64 - - [21/Feb/2021:14:57:30 -0600] "GET /about/ HTTP/2.0" 200 14484 "-" "Mozilla/5.0 (Macintosh; Intel Mac OS X 10_15_7) AppleWebKit/537.36 (KHTML, like Gecko) Chrome/88.0.4324.182 Safari/537.36" www.mylavarapu.net 192.185.35.30
24.19.160.64 - - [21/Feb/2021:14:57:33 -0600] "GET /videos/ HTTP/2.0" 200 15852 "https://www.mylavarapu.net/about/" "Mozilla/5.0 (Macintosh; Intel Mac OS X 10_15_7) AppleWebKit/537.36 (KHTML, like Gecko) Chrome/88.0.4324.182 Safari/537.36" www.mylavarapu.net 192.185.35.30
24.19.160.64 - - [21/Feb/2021:14:57:33 -0600] "GET /favicon.ico HTTP/2.0" 302 - "https://www.mylavarapu.net/about/" "Mozilla/5.0 (Macintosh; Intel Mac OS X 10_15_7) AppleWebKit/537.36 (KHTML, like Gecko) Chrome/88.0.4324.182 Safari/537.36" www.mylavarapu.net 192.185.35.30
24.19.160.64 - - [21/Feb/2021:14:57:36 -0600] "GET /wp-content/plugins/wp-video-lightbox/images/play.png HTTP/2.0" 200 3645 "https://www.mylavarapu.net/videos/" "Mozilla/5.0 (Macintosh; Intel Mac OS X 10_15_7) AppleWebKit/537.36 (KHTML, like Gecko) Chrome/88.0.4324.182 Safari/537.36" www.mylavarapu.net 192.185.35.30
24.19.160.64 - - [21/Feb/2021:14:57:36 -0600] "GET /wp-content/plugins/akismet/_inc/form.js?ver=4.1.8 HTTP/2.0" 200 318 "https://www.mylavarapu.net/videos/" "Mozilla/5.0 (Macintosh; Intel Mac OS X 10_15_7) AppleWebKit/537.36 (KHTML, like Gecko) Chrome/88.0.4324.182 Safari/537.36" www.mylavarapu.net 192.185.35.30
24.19.160.64 - - [21/Feb/2021:14:57:36 -0600] "GET /wp-content/plugins/jetpack/modules/wpgroho.js?ver=9.4 HTTP/2.0" 200 797 "https://www.mylavarapu.net/videos/" "Mozilla/5.0 (Macintosh; Intel Mac OS X 10_15_7) AppleWebKit/537.36 (KHTML, like Gecko) Chrome/88.0.4324.182 Safari/537.36" www.mylavarapu.net 192.185.35.30
24.19.160.64 - - [21/Feb/2021:14:57:36 -0600] "GET /wp-content/themes/wp-opulus/images/comment_ul_bg.png HTTP/2.0" 200 511 "https://www.mylavarapu.net/wp-content/themes/wp-opulus/style.css" "Mozilla/5.0 (Macintosh; Intel Mac OS X 10_15_7) AppleWebKit/537.36 (KHTML, like Gecko) Chrome/88.0.4324.182 Safari/537.36" www.mylavarapu.net 192.185.35.30
192.185.35.30 - - [21/Feb/2021:14:57:35 -0600] "POST /wp-cron.php?doing_wp_cron=1613941054.9810740947723388671875 HTTP/1.1" 200 - "https://www.mylavarapu.net/wp-cron.php?doing_wp_cron=1613941054.9810740947723388671875" "WordPress/5.6.1; https://www.mylavarapu.net" www.mylavarapu.net 192.185.35.30
24.19.160.64 - - [21/Feb/2021:14:57:36 -0600] "GET /wp-content/themes/wp-opulus/images/comment_last_bg.png HTTP/2.0" 200 638 "https://www.mylavarapu.net/wp-content/themes/wp-opulus/style.css" "Mozilla/5.0 (Macintosh; Intel Mac OS X 10_15_7) AppleWebKit/537.36 (KHTML, like Gecko) Chrome/88.0.4324.182 Safari/537.36" www.mylavarapu.net 192.185.35.30
24.19.160.64 - - [21/Feb/2021:14:57:37 -0600] "GET /favicon.ico HTTP/2.0" 302 - "https://www.mylavarapu.net/videos/" "Mozilla/5.0 (Macintosh; Intel Mac OS X 10_15_7) AppleWebKit/537.36 (KHTML, like Gecko) Chrome/88.0.4324.182 Safari/537.36" www.mylavarapu.net 192.185.35.30
24.19.160.64 - - [21/Feb/2021:14:57:39 -0600] "GET /wp-includes/images/w-logo-blue-white-bg.png HTTP/2.0" 200 4119 "https://www.mylavarapu.net/videos/" "Mozilla/5.0 (Macintosh; Intel Mac OS X 10_15_7) AppleWebKit/537.36 (KHTML, like Gecko) Chrome/88.0.4324.182 Safari/537.36" www.mylavarapu.net 192.185.35.30
192.185.35.30 - - [21/Feb/2021:14:57:38 -0600] "POST /wp-cron.php?doing_wp_cron=1613941058.5894689559936523437500 HTTP/1.1" 200 - "https://www.mylavarapu.net/wp-cron.php?doing_wp_cron=1613941058.5894689559936523437500" "WordPress/5.6.1; https://www.mylavarapu.net" www.mylavarapu.net 192.185.35.30
24.19.160.64 - - [21/Feb/2021:14:57:43 -0600] "GET /books/ HTTP/2.0" 200 12257 "https://www.mylavarapu.net/videos/" "Mozilla/5.0 (Macintosh; Intel Mac OS X 10_15_7) AppleWebKit/537.36 (KHTML, like Gecko) Chrome/88.0.4324.182 Safari/537.36" www.mylavarapu.net 192.185.35.30
192.185.35.30 - - [21/Feb/2021:14:57:44 -0600] "POST /wp-cron.php?doing_wp_cron=1613941064.9171159267425537109375 HTTP/1.1" 200 - "https://www.mylavarapu.net/wp-cron.php?doing_wp_cron=1613941064.9171159267425537109375" "WordPress/5.6.1; https://www.mylavarapu.net" www.mylavarapu.net 192.185.35.30
24.19.160.64 - - [21/Feb/2021:14:57:48 -0600] "GET /store/ HTTP/2.0" 200 10897 "https://www.mylavarapu.net/books/" "Mozilla/5.0 (Macintosh; Intel Mac OS X 10_15_7) AppleWebKit/537.36 (KHTML, like Gecko) Chrome/88.0.4324.182 Safari/537.36" www.mylavarapu.net 192.185.35.30
24.19.160.64 - - [21/Feb/2021:14:57:51 -0600] "GET /books/ HTTP/2.0" 200 - "https://www.mylavarapu.net/videos/" "Mozilla/5.0 (Macintosh; Intel Mac OS X 10_15_7) AppleWebKit/537.36 (KHTML, like Gecko) Chrome/88.0.4324.182 Safari/537.36" www.mylavarapu.net 192.185.35.30
24.19.160.64 - - [21/Feb/2021:14:57:51 -0600] "GET /videos/ HTTP/2.0" 200 - "https://www.mylavarapu.net/about/" "Mozilla/5.0 (Macintosh; Intel Mac OS X 10_15_7) AppleWebKit/537.36 (KHTML, like Gecko) Chrome/88.0.4324.182 Safari/537.36" www.mylavarapu.net 192.185.35.30
24.19.160.64 - - [21/Feb/2021:14:57:52 -0600] "GET /about/ HTTP/2.0" 200 14484 "-" "Mozilla/5.0 (Macintosh; Intel Mac OS X 10_15_7) AppleWebKit/537.36 (KHTML, like Gecko) Chrome/88.0.4324.182 Safari/537.36" www.mylavarapu.net 192.185.35.30
24.19.160.64 - - [21/Feb/2021:14:57:50 -0600] "GET /store/undefined HTTP/2.0" 404 - "https://www.mylavarapu.net/store/" "Mozilla/5.0 (Macintosh; Intel Mac OS X 10_15_7) AppleWebKit/537.36 (KHTML, like Gecko) Chrome/88.0.4324.182 Safari/537.36" www.mylavarapu.net 192.185.35.30
192.185.35.30 - - [21/Feb/2021:14:57:51 -0600] "POST /wp-cron.php?doing_wp_cron=1613941071.9191110134124755859375 HTTP/1.1" 200 - "https://www.mylavarapu.net/wp-cron.php?doing_wp_cron=1613941071.9191110134124755859375" "WordPress/5.6.1; https://www.mylavarapu.net" www.mylavarapu.net 192.185.35.30
99.243.130.8 - - [21/Feb/2021:15:01:52 -0600] "POST /wp-admin/admin-ajax.php HTTP/2.0" 200 47 "https://www.mylavarapu.net/wp-admin/plugin-install.php?s=github&tab=search&type=term" "Mozilla/5.0 (Windows NT 10.0; Win64; x64; rv:85.0) Gecko/20100101 Firefox/85.0" www.mylavarapu.net 192.185.35.30
192.185.35.30 - - [21/Feb/2021:15:01:55 -0600] "POST /wp-cron.php?doing_wp_cron=1613941314.9922258853912353515625 HTTP/1.1" 200 - "https://www.mylavarapu.net/wp-cron.php?doing_wp_cron=1613941314.9922258853912353515625" "WordPress/5.6.1; https://www.mylavarapu.net" www.mylavarapu.net 192.185.35.30
192.185.35.30 - - [21/Feb/2021:15:02:06 -0600] "POST /wp-cron.php?doing_wp_cron=1613941326.1676371097564697265625 HTTP/1.1" 200 - "https://www.mylavarapu.net/wp-cron.php?doing_wp_cron=1613941326.1676371097564697265625" "WordPress/5.6.1; https://www.mylavarapu.net" www.mylavarapu.net 192.185.35.30
99.243.130.8 - - [21/Feb/2021:15:02:04 -0600] "POST /wp-admin/admin-ajax.php HTTP/2.0" 200 - "https://www.mylavarapu.net/wp-admin/plugin-install.php?s=site%20to%20&tab=search&type=term" "Mozilla/5.0 (Windows NT 10.0; Win64; x64; rv:85.0) Gecko/20100101 Firefox/85.0" www.mylavarapu.net 192.185.35.30
99.243.130.8 - - [21/Feb/2021:15:02:06 -0600] "POST /wp-admin/admin-ajax.php HTTP/2.0" 200 32350 "https://www.mylavarapu.net/wp-admin/plugin-install.php?s=site%20to%20FTP&tab=search&type=term" "Mozilla/5.0 (Windows NT 10.0; Win64; x64; rv:85.0) Gecko/20100101 Firefox/85.0" www.mylavarapu.net 192.185.35.30
192.185.35.30 - - [21/Feb/2021:15:02:44 -0600] "POST /wp-cron.php?doing_wp_cron=1613941364.5771648883819580078125 HTTP/1.1" 200 - "https://www.mylavarapu.net/wp-cron.php?doing_wp_cron=1613941364.5771648883819580078125" "WordPress/5.6.1; https://www.mylavarapu.net" www.mylavarapu.net 192.185.35.30
99.243.130.8 - - [21/Feb/2021:15:02:42 -0600] "GET /wp-admin/plugin-install.php?tab=plugin-information&plugin=all-in-one-wp-migration& HTTP/2.0" 200 21330 "https://www.mylavarapu.net/wp-admin/plugin-install.php?s=site%20to%20FTP&tab=search&type=term" "Mozilla/5.0 (Windows NT 10.0; Win64; x64; rv:85.0) Gecko/20100101 Firefox/85.0" www.mylavarapu.net 192.185.35.30
99.243.130.8 - - [21/Feb/2021:15:02:47 -0600] "GET /wp-admin/js/plugin-install.min.js?ver=5.6.1 HTTP/2.0" 200 - "https://www.mylavarapu.net/wp-admin/plugin-install.php?tab=plugin-information&plugin=all-in-one-wp-migration&" "Mozilla/5.0 (Windows NT 10.0; Win64; x64; rv:85.0) Gecko/20100101 Firefox/85.0" www.mylavarapu.net 192.185.35.30
99.243.130.8 - - [21/Feb/2021:15:02:47 -0600] "GET /wp-admin/load-styles.php?c=0&dir=ltr&load%5Bchunk_0%5D=dashicons,common,forms,admin-menu,dashboard,list-tables,edit,revisions,media,themes,about,nav-menus,wp-pointer,widgets,site-icon&load%5Bchunk_1%5D=,l10n,buttons&ver=5.6.1 HTTP/2.0" 200 125382 "https://www.mylavarapu.net/wp-admin/plugin-install.php?tab=plugin-information&plugin=all-in-one-wp-migration&" "Mozilla/5.0 (Windows NT 10.0; Win64; x64; rv:85.0) Gecko/20100101 Firefox/85.0" www.mylavarapu.net 192.185.35.30
99.243.130.8 - - [21/Feb/2021:15:02:47 -0600] "GET /?ai1ec_render_js=common_backend&is_backend=true&ver=2.6.8 HTTP/2.0" 200 47088 "https://www.mylavarapu.net/wp-admin/plugin-install.php?tab=plugin-information&plugin=all-in-one-wp-migration&" "Mozilla/5.0 (Windows NT 10.0; Win64; x64; rv:85.0) Gecko/20100101 Firefox/85.0" www.mylavarapu.net 192.185.35.30
192.185.35.30 - - [21/Feb/2021:15:02:48 -0600] "POST /wp-cron.php?doing_wp_cron=1613941368.8196361064910888671875 HTTP/1.1" 200 - "https://www.mylavarapu.net/wp-cron.php?doing_wp_cron=1613941368.8196361064910888671875" "WordPress/5.6.1; https://www.mylavarapu.net" www.mylavarapu.net 192.185.35.30
99.243.130.8 - - [21/Feb/2021:15:02:52 -0600] "POST /wp-admin/admin-ajax.php HTTP/2.0" 200 47 "https://www.mylavarapu.net/wp-admin/plugin-install.php?s=site%20to%20FTP&tab=search&type=term" "Mozilla/5.0 (Windows NT 10.0; Win64; x64; rv:85.0) Gecko/20100101 Firefox/85.0" www.mylavarapu.net 192.185.35.30
192.185.35.30 - - [21/Feb/2021:15:02:54 -0600] "POST /wp-cron.php?doing_wp_cron=1613941374.0973560810089111328125 HTTP/1.1" 200 - "https://www.mylavarapu.net/wp-cron.php?doing_wp_cron=1613941374.0973560810089111328125" "WordPress/5.6.1; https://www.mylavarapu.net" www.mylavarapu.net 192.185.35.30
99.243.130.8 - - [21/Feb/2021:15:03:52 -0600] "POST /wp-admin/admin-ajax.php HTTP/2.0" 200 47 "https://www.mylavarapu.net/wp-admin/plugin-install.php?s=site%20to%20FTP&tab=search&type=term" "Mozilla/5.0 (Windows NT 10.0; Win64; x64; rv:85.0) Gecko/20100101 Firefox/85.0" www.mylavarapu.net 192.185.35.30
192.185.35.30 - - [21/Feb/2021:15:03:54 -0600] "POST /wp-cron.php?doing_wp_cron=1613941434.7562139034271240234375 HTTP/1.1" 200 - "https://www.mylavarapu.net/wp-cron.php?doing_wp_cron=1613941434.7562139034271240234375" "WordPress/5.6.1; https://www.mylavarapu.net" www.mylavarapu.net 192.185.35.30
99.243.130.8 - - [21/Feb/2021:15:04:52 -0600] "POST /wp-admin/admin-ajax.php HTTP/2.0" 200 47 "https://www.mylavarapu.net/wp-admin/plugin-install.php?s=site%20to%20FTP&tab=search&type=term" "Mozilla/5.0 (Windows NT 10.0; Win64; x64; rv:85.0) Gecko/20100101 Firefox/85.0" www.mylavarapu.net 192.185.35.30
192.185.35.30 - - [21/Feb/2021:15:04:54 -0600] "POST /wp-cron.php?doing_wp_cron=1613941494.1062259674072265625000 HTTP/1.1" 200 - "https://www.mylavarapu.net/wp-cron.php?doing_wp_cron=1613941494.1062259674072265625000" "WordPress/5.6.1; https://www.mylavarapu.net" www.mylavarapu.net 192.185.35.30
99.243.130.8 - - [21/Feb/2021:15:05:52 -0600] "POST /wp-admin/admin-ajax.php HTTP/2.0" 200 47 "https://www.mylavarapu.net/wp-admin/plugin-install.php?s=site%20to%20FTP&tab=search&type=term" "Mozilla/5.0 (Windows NT 10.0; Win64; x64; rv:85.0) Gecko/20100101 Firefox/85.0" www.mylavarapu.net 192.185.35.30
